synthetic_pricing_mixed_elasticity.csv
product_id,category,date,price,competitor_price,discount_pct,markup_pct,quality_score,rating,ad_spend,stock_level,on_promotion,day_of_week,is_weekend,month,week_of_year,seasonality_factor,units_sold
P001,electronics,2023-03-21,461.17524986821724,496.0435793955347,7.029287541592037,39.796832029095135,0.6021627222384968,4.322475826714342,8.799384661451251,0.8978450822243209,0,1,0,3,12,1.1954236468349397,275.71799832538676
P001,electronics,2023-03-22,458.6944031698907,513.1194957012362,10.606709155918452,39.04480878137098,0.5996242108436629,4.353088916874698,44.12331516191044,0.7113506231697025,0,2,0,3,12,1.1688901574966195,216.34206971442734
P001,electronics,2023-03-23,512.5303669248173,527.5069002494355,2.839116098298709,55.36419535799785,0.6244617067646677,4.016544659102416,12.911674772919136,0.6134036298789695,0,3,0,3,12,1.1259768855569363,161.90867330682818
P001,electronics,2023-03-24,522.9113041770304,531.5889737776545,1.6324021055135116,58.51098639192021,0.7095320806947719,4.253711038964689,77.415364216798,0.6978197483207418,0,4,0,3,12,1.0993560207500068,161.1325438982601
P001,electronics,2023-03-25,536.3979988366857,571.2254963539375,6.096978818269053,62.59923091176878,0.877080063563551,4.01190988266367,158.1697770651653,0.8914613906045199,0,5,1,3,12,1.1093983001397016,201.4305202378932
P001,electronics,2023-03-26,519.7421728655917,570.9593956864595,8.97037919120147,57.550322267490415,0.5680652110862594,4.132126434297398,103.60200717888446,0.8839366887168698,0,6,1,3,13,1.1488333314126897,220.21906496448216
P001,electronics,2023-03-27,378.09496781801823,498.56725154022763,24.163697745897558,14.61256587860165,0.5339039066484008,4.328885465739776,58.482761485008595,0.7407671383315777,1,0,0,3,13,1.1882242601574946,379.56818639318857
P001,electronics,2023-03-28,495.4118800438753,520.1269527483611,4.751738508049004,50.17503953107273,0.8129069437535142,4.175875267887302,34.05284406246463,0.4222045808292956,0,1,0,3,13,1.198134245031168,118.34170550422846
P001,electronics,2023-03-29,506.22758939150606,581.7848998228994,12.98715564023641,53.45362376424289,0.6521251378336522,4.576726837672056,22.739018024734598,0.5891742026983662,0,2,0,3,13,1.1712929329221018,152.62536523476345
P001,electronics,2023-03-30,554.8279252173878,579.1969293327062,4.207377988587402,68.18592560817287,0.5650536428574476,4.3756510382575735,83.03172387769233,0.9987604663200025,0,3,0,3,13,1.1280711262174576,230.3917752765813
P001,electronics,2023-03-31,519.2247436575337,506.98253083250523,-2.4147208395772073,57.393473078149725,0.6637161439560341,4.066349243579769,130.05485777058576,0.8425493809533349,0,4,0,3,13,1.1011411060768612,187.49814677442524
P001,electronics,2023-04-01,478.44916040170364,540.7529651191137,11.521676021450231,45.03310169019569,0.506632169889244,3.837781250506088,18.942004575394407,0.8718070086493312,0,5,1,4,13,1.1108737011735819,236.12089254154668
P001,electronics,2023-04-02,476.970229489374,566.2716733542314,15.770070809986446,44.584790866072616,0.7674819492166604,3.8631833935313105,66.32116837933422,0.539003020830066,1,6,1,4,14,1.149998610960428,201.05553635442217
P001,electronics,2023-04-03,437.7172890028784,592.0183752133104,26.063563678211125,32.68598075124804,0.6482466349091776,4.0203226810322,74.74151927155175,0.43470560593803786,1,0,0,4,14,1.189079072921612,192.93091596387532
P001,electronics,2023-04-04,514.5291804358474,553.8818737500031,7.104889179297795,55.97009907190879,0.6429253706250523,3.9502933280687316,70.5703386821783,0.5346643431019964,0,1,0,4,14,1.1986783377121948,149.67499670584962
P001,electronics,2023-04-05,498.67379684996905,535.8164682624227,6.931976453225147,51.16382987913384,0.6637464974900638,4.375140112846887,74.14171752872186,0.4521920559468461,0,2,0,4,14,1.171526144293633,121.15000462342508
P001,electronics,2023-04-06,532.9731279346987,559.9775041236103,4.8224037555177475,61.56104401352732,0.8794557863517787,4.044716610289148,59.17772648108544,0.6970879162083846,0,3,0,4,14,1.1279933871739307,171.93162696358857
P001,electronics,2023-04-07,412.57924824335686,572.728309201127,27.962483848782476,25.065844018837577,0.5360603732335943,4.338764565794262,59.88405099047788,0.9103490374565452,1,4,0,4,14,1.1007524396540342,395.3034336072075
P001,electronics,2023-04-08,418.19361416418235,498.0505678969133,16.033904763915423,26.767736238352384,0.8169295590445672,4.614647697311258,79.56762608146228,0.9285224555193571,1,5,1,4,14,1.1101742225417026,376.2362124732997
P001,electronics,2023-04-09,498.4528875510854,562.6737067613969,11.413509897227982,51.09686527043351,0.6310459678919633,4.348486655268458,68.01117599604952,0.40383152303010017,0,6,1,4,15,1.148988527390112,101.8144620392612
P001,electronics,2023-04-10,521.3973124040276,554.3538529755757,5.945036801791673,58.05204750991304,0.774625356602722,4.393645254342323,189.2919720993099,0.46418838329617507,0,0,0,4,15,1.1877586837224199,121.1753694779917
P001,electronics,2023-04-11,508.4075523516042,532.8688538419631,4.590491884446586,54.11443961645866,0.7175545829890507,4.322553704513228,43.12360332462126,0.44041036088126306,0,1,0,4,15,1.1970480341439422,114.08628908037207
P001,electronics,2023-04-12,629.6025984470268,604.4814531012423,-4.155817389748284,90.85249853571264,0.737721187506452,4.669657208770302,47.49648966794145,0.667541623826049,0,2,0,4,15,1.1695864094504522,114.39982327109672
P001,electronics,2023-04-13,462.76369475374497,542.3753650896064,14.67833450044484,40.27834000879059,0.7648636334720961,4.496192669776987,107.2499146146127,0.9705181373502462,0,3,0,4,15,1.1257447958411195,300.3804789417673
P001,electronics,2023-04-14,404.2327936972498,520.120989289933,22.281007300030964,22.535769162144756,0.5929915233673847,3.7423424487225785,27.704795870138355,0.6456004037890258,1,4,0,4,15,1.0981956581377326,281.67319070197624
P001,electronics,2023-04-15,453.53477524892037,578.5190833415692,21.604180690242778,37.48076205942172,0.750550181061149,4.191322534747539,61.18834319447986,0.8625531067864312,1,5,1,4,15,1.107310008471454,322.5494492183201
P001,electronics,2023-04-16,539.5420269712398,542.1522600583168,0.48145756817396723,63.55228546781142,0.7709003757588512,4.173079291713832,129.08542933193561,0.4751114753215303,0,6,1,4,16,1.1458177294943594,102.73935420416116
P001,electronics,2023-04-17,490.7454976447126,537.994293958656,8.782397293896658,48.76051115682522,0.5408595352503711,4.369410318760847,29.229128204519153,0.4069723239448604,0,0,0,4,16,1.1842822415770111,104.53113649751997
P001,electronics,2023-04-18,475.1441397989799,506.372901978138,6.167147186818917,44.03124521549611,0.7760414656144297,4.4357400475952495,68.35432483611135,0.4237712952090143,0,1,0,4,16,1.1932669778937135,118.47414440697585
P001,electronics,2023-04-19,530.5237302549531,538.4814001645246,1.4777984731023541,60.818553959896505,0.752488877866395,4.734487527127611,23.160480340378957,0.41992186527481995,0,2,0,4,16,1.1655018595039723,110.31795730060325
P001,electronics,2023-04-20,530.5600078253648,572.520781108897,7.329126674189861,60.82955084105767,0.764084286126701,4.028646303065161,75.61611143405474,0.4627407042006402,0,3,0,4,16,1.1213579625386896,107.65108208240574
P001,electronics,2023-04-21,384.6381993241492,555.0494579689118,30.701995326388968,16.596026691061677,0.7393263151383677,4.404433524107186,30.7478008439558,0.4480689078308051,1,4,0,4,16,1.0935078413927344,227.92698298896426
P001,electronics,2023-04-22,468.94281423065956,512.3784878701902,8.477263325414032,42.15142692715575,0.6310812181910431,4.720789140949575,58.063410242473296,0.4362112503943383,0,5,1,4,16,1.1023225973851616,122.09528096339639
P001,electronics,2023-04-23,444.6631103165548,519.9560593691118,14.480636910725421,34.79147929170441,0.5968423753129841,4.041210528736134,77.99317662833583,0.7332181305625787,0,6,1,4,17,1.1405322019443145,230.8319108556802
P001,electronics,2023-04-24,496.4616739819896,545.7059479000887,9.023957702420928,50.493265339751005,0.7120031326718261,4.384055391819125,19.92759594496653,0.4183915013234837,0,0,0,4,17,1.1787001637790981,118.68506286839028
P001,electronics,2023-04-25,436.8489143609631,593.8785105613766,26.44136694758965,32.422748880090936,0.5135668471690905,3.9295197761893284,10.625085807525137,0.6920013648548218,1,1,0,4,17,1.1873900039380552,296.1685004195308
P001,electronics,2023-04-26,550.1092637987176,594.7945763044,7.512730325034715,66.75554980648683,0.542360784301575,4.6429621049177685,124.75956323926177,0.4789406110763559,0,2,0,4,17,1.1593317308647868,107.40998786950176
P001,electronics,2023-04-27,503.7310568460251,534.3368970465459,5.7278171074633235,52.69684563919065,0.7323800127605945,4.112553006301953,9.448303051677163,0.6671831530015992,0,3,0,4,17,1.1148965075582546,166.363735875353
P001,electronics,2023-04-28,451.8717778882345,544.7345971966631,17.047351092866748,36.97665486207523,0.5880330105373855,3.8115955572837286,109.78009641246388,0.4785241964310099,1,4,0,4,17,1.0867569747396115,161.85792648777488
P001,electronics,2023-04-29,489.9071265401356,498.86695058789326,1.796034801904364,48.50637430859217,0.6740749557419774,4.570106076412811,79.57894085217724,0.5002251447405699,0,5,1,4,17,1.0952843194868347,123.54581989774212
P001,electronics,2023-04-30,481.6561518636542,507.1414833409149,5.025290242354064,46.00524242596405,0.907674798356084,4.314580635669466,68.57324817577876,0.9209627683079552,0,6,1,4,18,1.1332085983944233,253.49628070026407
P001,electronics,2023-05-01,534.27814971623,603.3274577026699,11.4447481388239,61.95663746924546,0.686908402723025,3.8895135406403605,42.996624933177245,0.4249437154302353,0,0,0,5,18,1.1710934047194312,111.54731404082904
P001,electronics,2023-05-02,473.86975456322375,517.0308962307167,8.347884426665484,43.64493866761812,0.7346488475897992,4.499403032957896,23.280906986936312,0.5847579649547145,0,1,0,5,18,1.1795023434154894,168.2770283208525
P001,electronics,2023-05-03,359.1259046589531,569.9665888656486,36.99176203052746,8.862441740424481,0.8914031353866786,4.142795279770996,58.902756769590894,0.9028691737888661,1,2,0,5,18,1.1511655061633648,537.2838109693226
P001,electronics,2023-05-04,493.4292553846923,538.1450369416596,8.309243510093902,49.574043171151516,0.6551079172390204,4.220249560762503,58.048658069084794,0.5294050914386303,0,3,0,5,18,1.1064541385065967,138.42656088142084
P001,electronics,2023-05-05,562.82410515181,576.0366878928153,2.2937050744697918,70.6098211305069,0.6245724149980642,4.1807584960221025,63.84434358860738,0.8694312904349641,0,4,0,5,18,1.0780409629938683,182.84512153731288
P001,electronics,2023-05-06,540.290378076802,554.7082115388265,2.5991743338408044,63.779134401775146,0.8046920127650011,4.370985091602415,83.4706118164409,0.890700529705013,0,5,1,5,18,1.0862972477893937,192.24721324069384
P001,electronics,2023-05-07,467.4844389432872,535.8784077471453,12.762964100641621,41.70934716432712,0.5559949117405705,4.678351518967492,23.8478569672099,0.6692161735735185,0,6,1,5,19,1.1239531298085863,196.5968798835888
P001,electronics,2023-05-08,491.0666023362442,536.6419732675432,8.492695913030527,48.85784816404455,0.47509042719440603,3.9951023008946636,52.325720495033394,0.4153852394838614,0,0,0,5,19,1.161572281840289,116.66205787595344
P001,electronics,2023-05-09,407.87847931931174,496.83935609375936,17.905360290673045,23.64089199925259,0.9439752406339272,4.615281845553156,75.17437485861417,0.8308738457358966,1,1,0,5,19,1.169718387557233,376.0240072885583
P001,electronics,2023-05-10,573.8645745348019,583.1377478286041,1.5902200343456054,73.95653725262646,0.6811103312215524,4.365921982932144,48.70664134341224,0.5709237411771537,0,2,0,5,19,1.1411216165232707,125.47276361955913
P001,electronics,2023-05-11,526.9342555208796,569.7323480600975,7.5119646418081665,59.730470424157446,0.5429499396376822,3.9031115590288987,96.00302947412314,0.47313165600216855,0,3,0,5,19,1.0961532913059295,102.80988269457707
P001,electronics,2023-05-12,565.1917764654951,599.4538078305319,5.715541534223245,71.32753733282676,0.7160476206998845,3.9188315853498534,125.99791716630689,0.4260475197128915,0,4,0,5,19,1.0674862105959648,88.50202637522568
P001,electronics,2023-05-13,471.2721040262134,593.8038740651206,20.635057363312097,42.857508475090455,0.7040591691203882,3.9894024936579737,28.469619900965853,0.6466170818840229,1,5,1,5,19,1.0754917177951797,216.79085092834643
P001,electronics,2023-05-14,568.4717628895888,559.3397921202574,-1.6326338476144207,72.32180515469659,0.7802901618145686,4.031865554553143,158.7651363122644,0.7743155948059438,0,6,1,5,20,1.1129000241298015,164.05198339213374
P001,electronics,2023-05-15,534.3357445226155,554.9510449166941,3.7147962118303965,61.97409628013421,0.7413799097451498,4.144413702336688,45.13871699674227,0.7851829002659596,0,0,0,5,20,1.1502748757506907,180.32545698733773
P001,electronics,2023-05-16,532.0172242272857,570.9769443638993,6.823343835715981,61.27127930898303,0.7314383494054847,4.199374860773945,67.83489555708645,0.6569197689553689,0,1,0,5,20,1.1581800287220643,163.88260224404195
P001,electronics,2023-05-17,540.4861241414161,530.3934176188205,-1.9028717528030947,63.838471236791854,0.8628396623128538,4.086261677703754,42.52255444635911,0.936514524798471,0,2,0,5,20,1.1293457240072717,206.31101282772255
P001,electronics,2023-05-18,519.9635363486943,553.4401915264025,6.048829790510647,57.6174245538198,0.6240959552791351,4.210037631297691,29.576730691656824,0.9280474525368749,0,3,0,5,20,1.0841433545601986,222.35575192400444
P001,electronics,2023-05-19,575.1460809280345,600.1379925750717,4.1643608563760415,74.34500244899192,0.5790358981308794,4.7017717160513115,68.04762478810743,0.43608540556047115,0,4,0,5,20,1.0552457884239554,80.7825103583106
P001,electronics,2023-05-20,590.1100268361878,596.7898915994446,1.1192992470690535,78.88104863363071,0.6085040932217303,4.224383052830109,139.81805830748667,0.7989470346923309,0,5,1,5,20,1.0630244372981505,144.988699714741
P001,electronics,2023-05-21,529.6072035426323,577.8864022691769,8.35444449583299,60.5407256703491,0.6683591550305198,4.563929309993755,55.691958917064746,0.7741514128016558,0,6,1,5,21,1.1002095796320297,180.94887148106966
P001,electronics,2023-05-22,519.5518678750965,538.4878045178099,3.516502413581967,57.492634794456784,0.5929405661764398,3.9330761694640297,27.382600719120248,0.7322813444274258,0,0,0,5,21,1.1373650277047638,178.19316926536285
P001,electronics,2023-05-23,572.4815351982525,597.1656793398853,4.13355036895606,73.53729420374974,0.949299951743279,4.198178726538032,90.01264957748351,0.9108549746470574,0,1,0,5,21,1.1450546025945758,201.47836684233266
P001,electronics,2023-05-24,485.9411944807361,532.8926795249135,8.810683060243164,47.30417462830771,0.7568441006256154,4.379878233984448,32.81869971991053,0.5041147089919052,0,2,0,5,21,1.116008609145253,141.33655898129774
P001,electronics,2023-05-25,553.3169036088218,550.0982215427075,-0.5851104293861757,67.72788707712552,0.7474698232879953,4.192491912376457,88.83004435881894,0.8588858805417973,0,3,0,5,21,1.0705985030386214,176.68289240784435
P001,electronics,2023-05-26,567.708455658949,565.301761085434,-0.4257362596737546,72.09042254528977,0.75077576703115,4.216196525533738,7.640216419885329,0.663707013179746,0,4,0,5,21,1.0414972138746474,137.32800907586116
P001,electronics,2023-05-27,545.7387119405162,571.2627472713176,4.4680027627775605,65.43069704352952,0.8218761851697316,4.135967138720938,132.8094128096709,0.9969197903018603,0,5,1,5,21,1.0490762137204688,211.82982703003947
P001,electronics,2023-05-28,445.4764343873064,509.2077753273751,12.515783149441333,35.03802359029063,0.7015686713795601,3.981380495587679,11.009007057544768,0.716224878346991,0,6,1,5,22,1.0860658401856487,207.01444837023254
P001,electronics,2023-05-29,506.53450914616747,496.0474760265536,-2.1141188346763107,53.54666086760234,0.6775234598107316,3.8489660921821924,7.644960437210325,0.8401686283368413,0,0,0,5,22,1.1230299634849277,189.42577425603412
P001,electronics,2023-05-30,580.8236416677362,602.1446529493776,3.5408454060346646,76.06605102063548,0.7863100226170631,3.9610679456821263,54.335156697891506,0.407272464786336,0,1,0,5,22,1.1305324613901888,85.75393289642139
P001,electronics,2023-05-31,517.8032937278493,548.5230052256974,5.600441769111955,56.96258656133286,0.7579291499601088,4.235874110524247,20.988850480505807,0.9066142496437696,0,2,0,5,22,1.1013036941801688,213.70901709468808
P001,electronics,2023-06-01,539.4912238582654,581.3648647102301,7.202643880592246,63.53688543441181,0.46973030104552826,4.066516271962599,23.19523740269242,0.9352508133641406,1,3,0,6,22,1.0557151716964999,233.50469530074764
P001,electronics,2023-06-02,512.1690097053173,564.903162277992,9.335078309709301,55.254656534022864,0.8826009713546936,4.403377761401781,33.38388098417573,0.9410571952812541,0,4,0,6,22,1.0264398764077751,222.64339862895935
P001,electronics,2023-06-03,493.93002592626397,499.41692868478776,1.098661748005525,49.72584259079778,0.6359506565230816,4.250518557742574,16.598176994618317,0.7073331524876048,0,5,1,6,22,1.0338493319429016,162.22280659140608
P001,electronics,2023-06-04,477.10902205584955,515.1991418143749,7.393280901902028,44.62686329105209,0.7184680305864908,3.7958621131410912,21.020456983722422,0.8647921187087091,0,6,1,6,23,1.07067392615108,230.09236660529652
P001,electronics,2023-06-05,547.0127192170243,565.6402211201503,3.293171384849116,65.8168890199826,0.7607131100783618,4.593347665895432,15.485779487947495,0.76900778082332,0,0,0,6,23,1.1074775781496704,167.88763952191363
P001,electronics,2023-06-06,522.6759289784745,567.022937420426,7.821025485088956,58.43963671063153,0.7927840128081237,4.217103937469125,61.14062918936626,0.8488439076577192,0,1,0,6,23,1.1148242132616655,203.17690959564786
P001,electronics,2023-06-07,537.7559662230453,508.19512408271305,-5.816829154685278,63.01087385805906,0.6405223745444337,3.8156106979569437,8.378793721630766,0.9658455026468246,0,2,0,6,23,1.0854442379513116,205.00609342820556
