synthetic_pricing_mixed_elasticity.csv
product_id,category,date,price,competitor_price,discount_pct,markup_pct,quality_score,rating,ad_spend,stock_level,on_promotion,day_of_week,is_weekend,month,week_of_year,seasonality_factor,units_sold
P001,electronics,2023-06-08,387.5119461586197,522.5716749328323,25.84520655306704,17.467150420332533,0.7815737212539297,4.458142046507923,30.646688017098384,0.9079086032141668,1,3,0,6,23,1.039709206866465,410.9758509386501
P001,electronics,2023-06-09,423.10646798762855,499.58196533973125,15.307897934245286,28.256977911525574,0.7888598880330875,4.420334710046297,19.593684050059643,0.9908018437147049,1,4,0,6,23,1.0102921458893788,358.55859022735996
P001,electronics,2023-06-10,532.6231713795961,554.4605862154687,3.9384972311424784,61.454961092197216,0.634864310620817,4.0414149954750735,76.32152263207317,0.90442181680672,0,5,1,6,23,1.017564620657193,202.72698230418797
P001,electronics,2023-06-11,465.7732291124292,495.8605776511442,6.067703280877174,41.1906252395071,0.8811375028664981,4.387064657070491,63.83931807053998,0.4960429809727438,0,6,1,6,24,1.0542570596094645,132.1777809835568
P001,electronics,2023-06-12,462.26426971688625,515.5102460702119,10.32879108790277,40.1269484542594,0.6149479545790699,4.025842965058583,76.43527642314179,0.8398427776178049,0,0,0,6,24,1.090933421024011,231.90410064357295
P001,electronics,2023-06-13,522.7286260283487,544.1651075841263,3.9393340839045883,58.45561085632081,0.5550143434519094,3.8681075456314975,34.3915567029867,0.9978006025763484,0,1,0,6,24,1.098157667942771,230.7754747934683
P001,electronics,2023-06-14,511.4162388593541,533.9255951707681,4.215822675482487,55.026467836690145,0.793259083187309,3.774490280120091,8.11003114953016,0.40193095816256724,0,2,0,6,24,1.0686602430962522,107.81258635200552
P001,electronics,2023-06-15,441.64902083367116,524.5047951620518,15.796952686158262,33.877813258499565,0.7126449022823462,3.993618783760852,162.28340295825922,0.8058807623358173,0,3,0,6,24,1.0228127359351462,229.769532214338
P001,electronics,2023-06-16,558.8036023969058,551.7150084104355,-1.284828920440905,69.39107934317015,0.6996625542589048,4.148944613242522,34.420581932702056,0.8246085608445495,0,4,0,6,24,0.9932882056707912,154.44638374652178
P001,electronics,2023-06-17,492.1874812891482,565.492974443953,12.963112977112718,49.19762209325875,0.6156739395706257,4.159427131310391,70.99241747968873,0.9990085068357698,1,5,1,6,24,1.0004582497857997,289.13077379391024
P001,electronics,2023-06-18,551.6924439881923,559.4674481557997,1.389715200274225,67.23546188998009,0.7582097703468615,4.132054770345051,21.28618871574741,0.6302997711598264,0,6,1,6,25,1.03705332707214,122.97662491528291
P001,electronics,2023-06-19,462.77738757661956,587.4161599818183,21.21813816103672,40.28249073730421,0.647222313575406,4.431431697574747,56.88989326684282,0.657794087643361,1,0,0,6,25,1.073637424657993,225.95529875947207
P001,electronics,2023-06-20,578.5769014531655,579.0126980777248,0.07526546930769706,75.38499286654093,0.5888586987865565,4.184506753450474,58.39675734199541,0.6621104215691078,0,1,0,6,25,1.0807745329250604,124.1619280036204
P001,electronics,2023-06-21,496.67591524737355,525.864639199929,5.550615458184122,50.55820865619989,0.7301791899819465,4.429824083515407,114.16220022448927,0.44137480981385274,0,2,0,6,25,1.0511951204249141,102.60182481533579
P001,electronics,2023-06-22,464.1373122194275,498.53070214431585,6.898951213426384,40.694726990045815,0.615971856934287,3.9231509430819504,39.13167417413004,0.4392196945386312,0,3,0,6,25,1.0052708009029567,98.42654477979396
P001,electronics,2023-06-23,454.2366591529117,556.4323341026626,18.366235872068422,37.69352531212933,0.7884045396361049,4.42105316912773,39.87651922423724,0.7982738117053534,1,4,0,6,25,0.9756746563316865,254.7779413536557
P001,electronics,2023-06-24,450.69806630594155,507.38078148263793,11.171632281983872,36.62086568872455,0.5889600482703978,4.370116655216431,14.100841409145332,0.7651163636178799,0,5,1,6,25,0.9827783054145791,196.09156917859477
P001,electronics,2023-06-25,450.39964901746794,574.3174234439915,21.57653056796182,36.5304059522941,0.6189747562985619,4.2601707591692834,108.9845241400256,0.4688613231215305,1,6,1,6,26,1.0193122266178858,158.38679488568687
P001,electronics,2023-06-26,524.4667422122595,545.6699464138811,3.885719626116149,58.982488949363905,0.691735221496181,3.9512949241024913,15.24325454058829,0.9099852228883971,0,0,0,6,26,1.0558404251916547,206.31514510130432
P001,electronics,2023-06-27,586.7416595490843,581.296117155324,-0.9367931821751823,77.8599897715559,0.9057495469711698,4.206238112302622,26.77237795211504,0.6755439265581749,0,1,0,6,26,1.0629269080816708,126.65880156334691
P001,electronics,2023-06-28,419.9763380471946,521.093240606865,19.40476188904498,27.30813633852891,0.8161933813456096,3.9694905158057785,12.301689771664494,0.9277491129709176,1,2,0,6,26,1.033302158840897,358.83416707358396
P001,electronics,2023-06-29,449.748971851159,536.6666477715593,16.195840803842568,36.33316508442522,0.6922162802987197,4.1458560259228125,303.64824710146326,0.7940680628345764,1,3,0,6,26,0.9873378046489909,249.4474834758915
P001,electronics,2023-06-30,465.562572414333,512.2036620612596,9.10596567373787,41.12676851899147,0.7362570815026485,4.610526586341803,111.57717395343556,0.949054041044226,0,4,0,6,26,0.9577069393415886,228.9490641316823
P001,electronics,2023-07-01,465.0863904240599,511.56031794805335,9.084740526866412,40.98242266840971,0.8029960817581161,4.099567400368038,35.939479594091694,0.9363938260047222,0,5,1,7,26,0.9647811919106681,227.24373133015075
P001,electronics,2023-07-02,555.1234743620294,564.6249329744488,1.6827911871276497,68.27551591932162,0.7191520963865965,4.272371441296604,73.02909027489451,0.9904661914218987,0,6,1,7,27,1.0012910495333023,192.0963014350933
P001,electronics,2023-07-03,520.364889126027,575.2721446065601,9.544570512463325,57.73908729875943,0.7985729995679862,4.556215815469425,232.29735089818476,0.9341548318106813,0,0,0,7,27,1.0378005245900983,214.35632533521292
P001,electronics,2023-07-04,546.6457872387688,549.1796296633923,0.46138681913178026,65.70566030997497,0.880787615879919,4.305235552726443,39.13724377392026,0.6755591183039283,0,1,0,7,27,1.0448736295750214,136.5831908969225
P001,electronics,2023-07-05,463.93687124717496,533.0951971232961,12.972978606694507,40.63396697975094,0.6495225078771782,4.452186007951366,74.3047326613733,0.5439244676535668,0,2,0,7,27,1.015240852005199,141.9493803977804
P001,electronics,2023-07-06,522.7912525544722,569.1890977080175,8.151569546988487,58.47459494090808,0.5481551056035259,4.573155879775895,46.11512526207349,0.7804852829774421,0,3,0,7,27,0.9692738214392541,159.6811128420896
P001,electronics,2023-07-07,545.4027867614973,565.5278009496037,3.55862508515296,65.32886747691886,0.7201159655872839,4.284986361463843,40.628034652475506,0.902224675145764,0,4,0,7,27,0.9396456325058893,180.22293108184272
P001,electronics,2023-07-08,432.818595279135,568.5903205227954,23.878655746166046,31.201031453002262,0.8028682610696392,3.804975345953383,83.5875381424151,0.5561721145396018,1,5,1,7,27,0.9467279134040184,191.61849345750701
P001,electronics,2023-07-09,392.1376294652799,507.00963458581884,22.656769671522916,18.869341609963254,0.6025470695329358,4.532124200786092,45.48107237186713,0.6282403293822458,1,6,1,7,28,0.9832511489317466,249.23763233954043
P001,electronics,2023-07-10,434.06458933605285,496.8145014310569,12.630450986083366,31.5787317349102,0.6778139096204693,4.326505340479334,34.96714704747506,0.8523771421580704,0,0,0,7,28,1.0197793475055146,242.14388879249856
P001,electronics,2023-07-11,558.5584483448255,554.2913826528971,-0.769823566714261,69.31676538150434,0.8085982116175032,4.039210966465785,88.27962730575199,0.46754823424716224,0,1,0,7,28,1.02687651607111,90.63272906391744
P001,electronics,2023-07-12,524.9666699304236,594.1196743048812,11.639574881166245,59.13403288252778,0.5114799947978882,4.111119766947335,10.022161890589908,0.845915919238962,0,2,0,7,28,0.9972731350151007,187.25240215488972
P001,electronics,2023-07-13,598.7568630461047,604.2959469299086,0.9166177453191491,81.50217869116584,0.8710613372581925,4.168665234438759,43.74242939554392,0.42080216003589,0,3,0,7,28,0.9513408251852884,77.15526657348579
P001,electronics,2023-07-14,513.8193299600341,551.7345043721313,6.871996243056107,55.754920898835984,0.7347530376158073,4.549052630386496,60.988548782241395,0.9273873401693604,0,4,0,7,28,0.9217526709218725,186.2293647303415
P001,electronics,2023-07-15,513.8434136743585,564.2550475095545,8.934192801233635,55.76222143581626,0.5169367103143543,4.3533607798574945,124.30179016676294,0.6660280086275127,0,5,1,7,28,0.9288802885606282,139.38064170688182
P001,electronics,2023-07-16,602.8283420477902,576.6024163782909,-4.548355144646721,82.73637299424533,0.6034502014170944,4.209048471760537,40.70622661212148,0.9703186315517222,0,6,1,7,29,0.9654541494654079,153.748088535631
P001,electronics,2023-07-17,522.7392241867477,525.2738325074595,0.4825308560703476,58.45882349396768,0.7194607455237242,3.9772588242905855,14.320743718847085,0.42738924730143024,0,0,0,7,29,1.0020382470512608,89.24034103580915
P001,electronics,2023-07-18,489.4035721386204,506.7133014187606,3.4160795131436643,48.35373101278164,0.610566737691158,3.9991769415502345,42.47547613983974,0.5314412854611147,0,1,0,7,29,1.00919657169989,124.51023823701975
P001,electronics,2023-07-19,541.3186691597588,562.6890573771537,3.7979036445116154,64.09084201366935,0.8340450446023144,3.637448259106277,54.58856072952475,0.638209024742315,0,2,0,7,29,0.9796595856759954,124.63399457848816
P001,electronics,2023-07-20,567.7086446371646,594.6382616107513,4.528739355022315,72.0904798305753,0.6981441994233932,4.522843893792004,36.080650803289295,0.6530969071232988,0,3,0,7,29,0.9337988901530989,108.81297456904771
P001,electronics,2023-07-21,550.4394377637406,570.3340732883728,3.4882424979320916,66.85563599788995,0.7895038314076115,4.055081684494969,55.90347317450433,0.43571482020866303,0,4,0,7,29,0.904287548250535,74.3621523390163
P001,electronics,2023-07-22,570.133806059081,598.389624510674,4.721976667743679,72.82562310645572,0.6111852104272623,4.1079356553937885,135.10087774626743,0.4481080084491421,0,5,1,7,29,0.9114971535429193,71.68527691101123
P001,electronics,2023-07-23,552.0581469088952,590.9091442650507,6.574783574296666,67.34631803369696,0.841093237974627,4.170423560314721,50.733601604556036,0.9479721685457421,0,6,1,7,30,0.94815815309939,184.77899899075302
P001,electronics,2023-07-24,493.0883936123351,508.36027989689137,3.0041462499103515,49.47071716666846,0.7058351004285477,3.976564737982042,8.866281302534228,0.7463199320407305,0,0,0,7,30,0.9848345145139361,174.37001605436447
P001,electronics,2023-07-25,480.657145720135,525.1162405442001,8.466524436187735,45.70241200719918,0.6133825151785499,4.490837160158021,68.43721473129462,0.657958646434089,0,1,0,7,30,0.9920902008284966,154.03425681676367
P001,electronics,2023-07-26,548.8888884891736,572.4229288246873,4.111302875975692,66.3856153787188,0.7528068367746235,4.346607585812766,7.45467183006793,0.6227034540625765,0,2,0,7,30,0.9626556454574089,114.85448305744002
P001,electronics,2023-07-27,454.6010786673643,497.63276013907046,8.64727665029135,37.803992414742936,0.6589185712045414,3.8682885994542193,42.129510612486634,0.6075264764427144,0,3,0,7,30,0.9169024192217802,152.28786448335353
P001,electronics,2023-07-28,604.6504415230302,603.4820487326485,-0.19360854110497616,83.28870908416604,0.6849394080563156,3.9858738431188048,106.50757043169752,0.618756236918524,0,4,0,7,30,0.8875035533954755,90.27648252060766
P001,electronics,2023-07-29,492.89952162870026,499.12256948579386,1.2467975278105996,49.41346408342354,0.742406104446409,4.057848195878726,49.44235203905741,0.9784104442706214,0,5,1,7,30,0.8948306082240247,197.35443378512898
P001,electronics,2023-07-30,502.428314886653,603.039688409585,16.684038456619227,52.30194326981233,0.5196218578221821,4.093503814766014,46.46791123067923,0.7617657258876769,1,6,1,7,31,0.9316139959737315,197.44512353628298
P001,electronics,2023-07-31,515.8344107832622,554.4020425634693,6.956617908887269,56.3657557505553,0.7447716925810277,3.7287371543794503,17.825311865297902,0.49248702590709226,0,0,0,7,31,0.9684176479723219,107.84345784252707
P001,electronics,2023-08-01,570.2187664043917,558.664523205604,-2.068189891939017,72.85137727935619,0.5936597993429049,3.937977109773658,15.32912731276467,0.7346252957500263,0,1,0,8,31,0.9758054895427877,140.91926602289635
P001,electronics,2023-08-02,562.8344999063243,557.44500484173,-0.9668209451664813,70.61297210999076,0.6080615408413577,3.440913743176101,39.72095332145237,0.9281888572893562,0,2,0,8,31,0.9465079149390122,166.36055323554274
P001,electronics,2023-08-03,575.8522446637311,590.499043752704,2.4804102976848927,74.55906305430936,0.6969855730479149,4.029688264734395,59.92346946875544,0.8332859412735436,0,3,0,8,31,0.9008964543917453,137.5524813254212
P001,electronics,2023-08-04,487.85704605350145,559.5732504970164,12.816231722981067,47.88492994981963,0.6334514585309784,4.46195082920804,45.32720384843297,0.690044461583888,1,4,0,8,31,0.8716440971666188,167.94511575519832
P001,electronics,2023-08-05,542.4866701565124,590.0160837945172,8.055613218597884,64.44490012758513,0.6346233661351179,4.021301611786953,124.35720481842316,0.6953952880007092,0,5,1,8,31,0.8791223600955007,127.17202734722993
P001,electronics,2023-08-06,438.6211320222604,544.1330449969723,19.390829861343747,32.95996421154285,0.7414698528730886,4.647575893903582,110.10618822443223,0.4374745561714429,1,6,1,8,32,0.9160616106384728,142.18544413790377
P001,electronics,2023-08-07,488.4287700292218,509.6173610853625,4.157745138629906,48.05823760373997,0.7194736194718775,4.194387373066231,36.411736858727465,0.833624174618937,0,0,0,8,32,0.9530257339377521,178.37015527642495
P001,electronics,2023-08-08,482.42449583242046,576.2595748185726,16.283474164519482,46.23815183030194,0.6105650087324597,3.9948121494602713,31.992353647802688,0.8427217111369181,1,1,0,8,32,0.9605786077652202,243.83288372191203
P001,electronics,2023-08-09,529.7049792941989,548.4555617813103,3.418797035481221,60.570364598982366,0.7754291329813574,4.556674011442393,82.75527177525075,0.768162468542475,0,2,0,8,32,0.9314505774721398,146.53869310821221
P001,electronics,2023-08-10,466.9561352330551,552.298642861785,15.452239242617,41.54920156878448,0.6808952310052969,4.035468098451903,54.250933336868414,0.4433898851547632,1,3,0,8,32,0.8860131230496223,121.74147416775489
P001,electronics,2023-08-11,501.16036428267324,527.305533247703,4.958258033819654,51.91758726272739,0.6182911368931809,4.397773700529721,95.81163652710973,0.4437411012207421,0,4,0,8,32,0.8569391822015336,80.52212473187524
P001,electronics,2023-08-12,550.8630512655261,602.4863482571869,8.568376219808396,66.9840466738126,0.6845075398163724,4.41022088553987,39.974403287901985,0.5356173986895998,0,5,1,8,32,0.8646002188911139,100.89073924335919
P001,electronics,2023-08-13,504.62211669034446,569.8972232960642,11.453838330391209,52.9669541140487,0.5691179600880887,3.2941463532537525,57.46381716342175,0.7748703176736416,0,6,1,8,33,0.9017265464186368,155.10420795284824
P001,electronics,2023-08-14,517.6800141545506,526.0941344232757,1.599356411367146,56.92521661616345,0.7236581750876196,4.610912633390934,17.26925596017118,0.5628456282680286,0,0,0,8,33,0.938881994491371,110.11062012552892
P001,electronics,2023-08-15,488.00908055618277,525.2029337313835,7.081806057508353,47.93101642527563,0.7152354872033722,3.95327402028534,107.19693936792294,0.706677483542338,0,1,0,8,33,0.9466303841875391,159.3211477888072
P001,electronics,2023-08-16,547.8060713868972,581.5879894664535,5.808565288727438,66.05737920253974,0.6141550059625314,4.537676331312103,40.15535723731844,0.9056271412963329,0,2,0,8,33,0.9177020029228327,170.65888867305878
P001,electronics,2023-08-17,506.6401439116022,537.461549594814,5.734625240902851,53.57868211237672,0.6862628211600603,4.317139454978667,46.107839444970594,0.8122115599019457,0,3,0,8,33,0.8724682715280458,162.91455845659536
P001,electronics,2023-08-18,520.6071508241732,527.6092202479289,1.3271317397496087,57.812524496294444,0.752224368124801,3.9550788041696876,57.789825788057726,0.9704636246388029,0,4,0,8,33,0.8436020673395148,176.6922821400665
P001,electronics,2023-08-19,537.0089794278794,545.1645603588142,1.4959851619054318,62.784438489808885,0.8203884437168816,4.158166117295701,34.51242157573042,0.7002406874261207,0,5,1,8,33,0.8514747927636256,116.22056796086655
P001,electronics,2023-08-20,386.3964255786073,518.5579802886837,25.48636020151525,17.129000783738736,0.8235121821948528,4.103972405716683,36.15703431797635,0.683369082497789,1,6,1,8,34,0.8888166983727106,252.9378337988067
P001,electronics,2023-08-21,509.7570293812489,538.284305561737,5.299667087770269,54.52350886658489,0.7817889658025028,4.312922857829255,22.568939859292303,0.58937640625801,0,0,0,8,34,0.9261915499936,125.02102550821628
P001,electronics,2023-08-22,528.3695684403199,531.9300418209399,0.6693499333919091,60.165559252461925,0.6121517163451929,3.7762392709736994,8.306974051063143,0.40881603319297233,0,1,0,8,34,0.9341631036905099,76.92019827914469
P001,electronics,2023-08-23,508.3924465677838,545.867836035587,6.8652862458377175,54.10986057470824,0.6005650625391488,3.431299902361407,42.96044302474512,0.7570790049434089,0,2,0,8,34,0.9054615807508216,154.76719780076175
P001,electronics,2023-08-24,496.87282020284596,579.5235115786402,14.261835753764531,50.61789678775885,0.8053612399243659,3.982961157338914,54.824228597519294,0.47533012885759207,0,3,0,8,34,0.8604583347823149,97.66671945575978
P001,electronics,2023-08-25,479.61503538192767,527.8014710082522,9.129651634785061,45.38651534113181,0.6426398227103098,4.2305568885785965,137.18685371364663,0.6230435769437982,0,4,0,8,34,0.8318261748235166,126.39791007177953
