synthetic_pricing_mixed_elasticity.csv
product_id,category,date,price,competitor_price,discount_pct,markup_pct,quality_score,rating,ad_spend,stock_level,on_promotion,day_of_week,is_weekend,month,week_of_year,seasonality_factor,units_sold
P001,electronics,2023-08-26,516.2331819853795,521.9517699635213,1.095616167474927,56.486635938241776,0.7670219897277338,4.4030899162018615,3.5218862960185735,0.4394169153726195,0,5,1,8,34,0.8399364339284563,78.28498344793212
P001,electronics,2023-08-27,495.0747046588616,519.6180903780096,4.723350894364218,50.0728309874083,0.8661470165728018,4.206265946488789,59.47780445013215,0.4453630243700505,0,6,1,8,35,0.8775192922831115,89.52620135591306
P001,electronics,2023-08-28,513.0844261530831,523.4144284696478,1.973579969273557,55.532148267201414,0.7393269223470221,4.623898426688049,63.7051828333093,0.6328994236761973,0,0,0,8,35,0.9151384443148142,124.27444210878947
P001,electronics,2023-08-29,505.59987302495153,495.69672927397716,-1.9978230974973368,53.26334304236501,0.7466358374446334,4.496200354976731,47.11573800253005,0.43732193569882166,0,1,0,8,35,0.9233575736962961,97.9220478808843
P001,electronics,2023-08-30,594.709160985292,583.5709581246829,-1.9086287118197243,80.27519193231232,0.7037861915008949,4.375371788384871,50.147437186115695,0.4457435307841387,0,2,0,8,35,0.8949068283529178,58.50477119037444
P001,electronics,2023-08-31,422.0127920531169,582.0509788079639,27.495561829069345,27.925450079199628,0.8533433701296325,3.7728128542649566,40.36731625572097,0.9061897984310943,1,3,0,8,35,0.8501574875816478,302.4129941919815
P001,electronics,2023-09-01,630.2627796500625,602.727906813342,-4.568375302596995,91.05262037827882,0.7047961445981547,4.299553158977555,35.31757430376729,0.443848937216209,0,4,0,9,35,0.821782285183422,60.32314802330217
P001,electronics,2023-09-02,554.96160265445,565.2785444275075,1.825107617255528,68.2264474753381,0.7019147777415752,4.007553927286708,71.37534881769454,0.8309987052232024,0,5,1,9,35,0.8301524780702,136.5520221865715
P001,electronics,2023-09-03,489.64281642389096,530.2063072503518,7.65051080527935,48.42625353685778,0.6993648443227131,4.668676539585126,77.98285417175629,0.7806182133230123,0,6,1,9,36,0.8679981694039689,157.77014581995803
P001,electronics,2023-09-04,458.62053957609805,526.6011578459639,12.909318040229387,39.02241838549123,0.7265878229652049,4.068984079187821,47.48218114460811,0.7974604070206408,0,0,0,9,36,0.9058829757289768,191.16911332334828
P001,electronics,2023-09-05,563.3437025392295,581.4358679110071,3.111635585327658,70.76732756371767,0.5655885529636813,3.719021859955215,60.21176712618468,0.7462735516229925,0,1,0,9,36,0.9143705019988548,119.37200289761098
P001,electronics,2023-09-06,507.1136290246218,550.4711981954293,7.876446454045836,53.72221045400388,0.7892597338299309,3.8366484212157657,83.97839961796747,0.9509434520052622,0,2,0,9,36,0.8861908166071757,195.56667799220733
P001,electronics,2023-09-07,474.51291720230165,593.1519218942349,20.00145330610389,43.839901644161756,0.5459752367968923,4.795015870455513,74.43075481213441,0.5694976395837114,0,3,0,9,36,0.8417151185299904,123.92394617537488
P001,electronics,2023-09-08,486.3512612712742,515.3025435066223,5.618307652497754,47.42847886678093,0.7921650111924459,4.16173526388674,134.33269593376068,0.5228080654343704,0,4,0,9,36,0.8136160604820001,99.14430525509553
P001,electronics,2023-09-09,550.2346934997639,579.6295825408077,5.071323121948203,66.79357152351011,0.7011141563048757,4.412892387151742,116.78063154702564,0.5993146198693627,0,5,1,9,36,0.8222648175476345,89.68073424738847
P001,electronics,2023-09-10,502.64535763245595,540.6413582562345,7.027949313076881,52.36773580374995,0.7319651825918977,4.048746050697699,46.908633606535105,0.8593280503095165,0,6,1,9,37,0.8603914103443027,168.96695565492385
P001,electronics,2023-09-11,414.22305404198926,519.4984740787556,20.264817952248066,25.56413364558041,0.626848659610367,3.893041346604512,19.778165261882638,0.8376068764527977,1,0,0,9,37,0.8985593721790872,282.86160167832554
P001,electronics,2023-09-12,457.14454445568373,514.8052975710107,11.200497234077774,38.57499749292753,0.7462591292853951,3.682257981362821,28.08124964772407,0.8275727998591077,0,1,0,9,37,0.907332224100528,197.68932666165955
P001,electronics,2023-09-13,541.4678246335914,580.6752118767422,6.752033915212706,64.13605576425017,0.845973187503794,3.6839692347156547,30.219755268298172,0.8255924970835657,0,2,0,9,37,0.8794399499540523,155.07603359914881
P001,electronics,2023-09-14,491.8479872245256,550.7936815660449,10.701955435276943,49.09471068433018,0.5496919698240181,4.5155842853168755,20.450863044918297,0.4615095784398847,0,3,0,9,37,0.8352536635495557,89.79580613710678
P001,electronics,2023-09-15,389.29539593276616,524.9722343840186,25.844574163136496,18.00777056111399,0.8081942059740849,4.498659740724924,88.73387074215971,0.8373886369934899,1,4,0,9,37,0.8074459318428145,284.8504149797998
P001,electronics,2023-09-16,432.06659669452995,549.4046479983277,21.357309540663902,30.973076852558734,0.5899845767028304,4.331850369186068,86.64226280460463,0.7372436766415427,1,5,1,9,37,0.8163878435919755,210.23581608732545
P001,electronics,2023-09-17,491.16376284948393,554.9216741133263,11.489533431130983,48.88730059444517,0.6287505807191762,4.633326116446107,47.70117642625576,0.8229226060260291,0,6,1,9,38,0.8548093325463888,167.94639481507687
P001,electronics,2023-09-18,533.1365488973108,538.4407583987979,0.9851054955907523,61.610582085804296,0.6339678860526552,4.409648526060761,68.14060319248867,0.8800020890582089,0,0,0,9,38,0.893273844629042,155.08676724220246
P001,electronics,2023-09-19,515.2187380988313,594.470684049048,13.331514585448895,56.17912585037118,0.7376574015139123,4.442957352491108,28.830566976258904,0.7430475898862492,1,1,0,9,38,0.9023448130142361,179.54267393168277
P001,electronics,2023-09-20,541.3140566610736,531.5676491459551,-1.833521571671569,64.08944381915626,0.7143388467342251,3.667129430130504,67.5557614838507,0.611775102071414,0,2,0,9,38,0.8747521332090541,113.40761583453414
P001,electronics,2023-09-21,576.0130022128554,598.6890401531986,3.78761534277303,74.60779376155952,0.6296345450433488,4.479593926487873,158.24451891854082,0.4339513936880294,0,3,0,9,38,0.8308668302471249,72.5666309746313
P001,electronics,2023-09-22,514.4514519331474,525.2193788002867,2.050176993037761,55.94653709966738,0.8448499229892926,4.092069406263274,14.219588810581172,0.4608237385318955,0,4,0,9,38,0.8033613818963343,80.53045163166195
P001,electronics,2023-09-23,537.5375829559176,538.5571760707501,0.18931938151326122,62.94467496962924,0.5671685048534949,4.2232421156211695,134.51563867692673,0.6536371821363594,0,5,1,9,38,0.812606787341747,104.99408922990072
P001,electronics,2023-09-24,484.15522608759596,503.2993520497134,3.8037255331547546,46.76279101429888,0.555035478030147,3.9234420560624064,20.325280879892567,0.9811223990199354,0,6,1,9,39,0.851332890400982,192.09287497496362
P001,electronics,2023-09-25,489.2775786390848,560.5559653720483,12.715659298292369,48.31553839057052,0.8498582572011868,4.574327050222865,111.69399158646993,0.587744436528189,0,0,0,9,39,0.8901030467332893,131.95764411421277
P001,electronics,2023-09-26,504.5804291754522,496.52731448545154,-1.6218875487939854,52.9543173072843,0.7340589216400496,4.317208776278443,14.212480988816726,0.8080671312681835,0,1,0,9,39,0.8994805989439867,160.53447622404954
P001,electronics,2023-09-27,465.916931064689,495.7493303352719,6.017637835316377,41.234185854887166,0.6890230496183857,4.349245577191698,36.51010901508348,0.9862041726633661,0,2,0,9,39,0.8721953516927532,215.9733894952925
P001,electronics,2023-09-28,429.5117145952727,495.8300674518302,13.375218085781038,30.198611128767027,0.663047307116664,4.1605582212984995,89.30132697990359,0.6606419914039658,0,3,0,9,39,0.8286182389143143,164.95493722376443
P001,electronics,2023-09-29,499.70787518354484,524.6131757710151,4.747364675099392,51.477291790077956,0.7807530999818809,3.90802730598824,65.24110664432376,0.5490257562218801,0,4,0,9,39,0.8014216470531541,100.16126844011369
P001,electronics,2023-09-30,407.0933210055195,587.0376959805013,30.652950603866962,23.40288563412171,0.6284240010889248,4.404615619713786,132.55107974269444,0.4486895071217435,1,5,1,9,39,0.8109764837734955,150.6223152738561
P001,electronics,2023-10-01,471.7247789510033,535.6432125846939,11.933024097376009,42.99472858922867,0.5599580439669232,4.262032433950325,127.40927889414041,0.7128694145001281,0,6,1,10,40,0.8500125012017898,157.20009671552344
P001,electronics,2023-10-02,535.5331879889617,544.795723730744,1.7001851039418678,62.337079339561114,0.9363872494619361,3.9642041902095055,13.318189884579061,0.7998778285161015,0,0,0,10,40,0.8890929631629731,151.72728701201217
P001,electronics,2023-10-03,538.4512846736548,543.6492507655188,0.9561249435265005,63.221646913799475,0.5384633548723273,3.5893407471546386,73.88139275565692,0.8948459424082046,0,1,0,10,40,0.8987811203121077,159.53537021038736
P001,electronics,2023-10-04,558.4071454075041,539.8831866567114,-3.4311049517034427,69.2709006666909,0.5080326843802343,4.195848676171729,27.761801180469387,0.4632359308646832,0,2,0,10,40,0.8718066852699258,78.51267633819404
P001,electronics,2023-10-05,512.1926823325248,528.9018011230886,3.159210037682442,55.261832457471385,0.7542704397976724,3.888342063063936,55.44270531632392,0.46625911804666165,0,3,0,10,40,0.8285404998707883,99.24370852075263
P001,electronics,2023-10-06,577.2054184873676,595.3175528844822,3.0424324479189475,74.9692529198391,0.8244679580736787,3.794677690137594,14.27979816732149,0.8735757089918114,0,4,0,10,40,0.8016548584246858,133.4181543094403
P001,electronics,2023-10-07,465.6818198244945,569.2730239300985,18.19710398192416,41.162916187742155,0.7707636423708487,4.202711455953692,103.62140004182169,0.5163178407621356,1,5,1,10,40,0.8115205764545216,135.76474774425466
P001,electronics,2023-10-08,571.2383044607084,571.1433669941633,-0.016622352990762757,73.16043157150847,0.760685059321567,4.816963069448862,17.745186332823508,0.8041872504849445,0,6,1,10,41,0.8508673139659068,126.23268236440715
P001,electronics,2023-10-09,509.00428391597796,551.930043043346,7.777391295946707,54.29532786294426,0.7112104946824517,4.723391751977605,39.88677585205867,0.46320729068879996,0,0,0,10,41,0.8902582427107111,85.8993837307729
P001,electronics,2023-10-10,562.6851095953947,571.416099563631,1.5279565932608037,70.56768717284429,0.6435225995829057,4.50641498862882,182.34069839145195,0.6573666000580866,0,1,0,10,41,0.9002565213459885,114.8904717670688
P001,electronics,2023-10-11,477.09974866903866,531.9147601013914,10.305224735990432,44.62405223365317,0.8015228091665072,4.127630680110795,74.4129849677803,0.7633827335940468,0,2,0,10,41,0.8735917705967801,162.15711444564207
P001,electronics,2023-10-12,413.52219612179664,496.8274205076898,16.76743693026577,25.351681401073737,0.7651136241823656,4.457535334997,41.452536956606295,0.7046830383752675,0,3,0,10,41,0.8306347405313087,177.49614016348914
P001,electronics,2023-10-13,486.64141086850026,531.5212919742073,8.44366571638393,47.51643240400634,0.5903597513848597,4.451471063871343,115.3458410228161,0.9059957006727299,0,4,0,10,41,0.8040576338501673,165.79576505710608
P001,electronics,2023-10-14,347.79695851569096,517.208958597438,32.755039769836316,5.428279170969922,0.6797019362604343,3.9599884306807063,47.57983689332445,0.882122595677562,1,5,1,10,41,0.8142311746507501,356.04090765296496
P001,electronics,2023-10-15,479.7063111882177,556.3103960629084,13.770025765621,45.41418393038045,0.719153929944483,4.0320772579213555,42.85825660506625,0.6600833396533807,1,6,1,10,42,0.8538849317241354,164.4039978198299
P001,electronics,2023-10-16,524.8280467039183,567.050524703435,7.445981647155495,59.09201178985937,0.5810333340909638,4.012696383086033,43.18845214543414,0.678543111843535,0,0,0,10,42,0.893581985845675,123.43308045964082
P001,electronics,2023-10-17,467.5549481082742,510.2649771782435,8.370166674216017,41.730720726540206,0.7268533986464808,4.6539027798011965,125.93927270320549,0.8818012431747022,0,1,0,10,42,0.9038854049608629,208.46865127803545
P001,electronics,2023-10-18,378.2872945523268,578.2652146029682,34.58238797710572,14.670866206250453,0.7697903272539027,4.067086793661455,33.633571155771364,0.8499866790712425,1,2,0,10,42,0.8775247193750338,354.79302579691273
P001,electronics,2023-10-19,542.3311665129866,529.3438458469926,-2.453475329483286,64.39776204560846,0.8864625056823079,4.5329788787641005,46.50611964215236,0.5625656189898193,0,3,0,10,42,0.8348705890553364,92.02584572589299
P001,electronics,2023-10-20,483.20542521781846,536.9282235180917,10.005582859524065,46.474876273229576,0.5594432980821358,4.2046855001848815,93.71828352938336,0.4461830016285245,0,4,0,10,42,0.8085951269466362,91.8008395529353
P001,electronics,2023-10-21,481.08773332029483,515.8293428598903,6.735097570638201,45.83293675333539,0.7926605508044406,3.8704347477580816,53.90500407742342,0.5947070801052052,0,5,1,10,42,0.8190689677625266,120.6347398700967
P001,electronics,2023-10-22,491.1194694281356,515.4770010114938,4.725241191277737,48.873873854857564,0.5632862193539754,4.4544522638,15.844258147555662,0.8668151458867919,0,6,1,10,43,0.8590215913087159,167.51770340801147
P001,electronics,2023-10-23,472.30623857874366,530.3555664829529,10.945360353085896,43.17098742778114,0.65399237458665,4.1800837147230085,38.19181076791162,0.4233875923966783,0,0,0,10,43,0.8990159897999634,93.9497828493351
P001,electronics,2023-10-24,446.62305399213244,505.27192375781885,11.60738743002022,35.385600326776235,0.7731870704288295,4.300517408725235,63.27141147829955,0.7460214393146538,0,1,0,10,43,0.9096151430722118,189.3584732539637
P001,electronics,2023-10-25,532.0373145660723,520.3479065559642,-2.246460082347014,61.277369327295055,0.6902663181337316,4.048863124768819,113.34912979695338,0.5876667935262124,0,2,0,10,43,0.8835484937983823,107.59427426972667
P001,electronics,2023-10-26,415.5370897351512,559.3758648235574,25.714154673758927,25.96245950354804,0.832893331953541,4.316042556206761,105.27346687738407,0.7747684288687189,1,3,0,10,43,0.8411866148163232,255.02190892700935
P001,electronics,2023-10-27,434.77936147915585,532.4314445131834,18.34078059069435,31.795401821297105,0.876877178325942,4.0523569454412,13.756232549633893,0.9569092588683709,1,4,0,10,43,0.8152015324705134,278.55287584468846
P001,electronics,2023-10-28,456.439982252944,535.8642034467258,14.821706821041271,38.36142236299894,0.788523148298899,4.022293213304384,54.9392450900586,0.8048717813004463,0,5,1,10,43,0.8259637954287607,180.97891024381548
P001,electronics,2023-10-29,530.7756355577337,544.8866158741362,2.5897094744683447,60.89491443958428,0.5688317249533216,4.460289625171841,67.34056560900342,0.5076136061735446,0,6,1,10,44,0.8662027980310668,88.14787531609129
P001,electronics,2023-10-30,537.4005371558499,553.7675841434394,2.9555805461068783,62.90313204489978,0.7342337834489621,4.666248126214432,90.90310356275354,0.8816865608947003,1,0,0,10,44,0.9064814476318971,191.80273152677574
P001,electronics,2023-10-31,461.9749787904917,498.3250891073265,7.294457194991016,40.03925520737272,0.5345271723590002,4.361639447630779,56.08379543981695,0.612954796526206,0,1,0,10,44,0.917362639837455,141.76048212033237
P001,electronics,2023-11-01,497.8645660191936,575.9241819511603,13.553800722086425,50.918526371291634,0.6241717931112409,3.860815399518742,78.20301748265051,0.9316560611879249,0,2,0,11,44,0.8915757337464388,193.83874362408153
P001,electronics,2023-11-02,555.7901752557136,602.0863041137931,7.6892844998728895,68.47761408672037,0.7288653930807484,4.222432880376591,111.86517498013089,0.6011674300469775,0,3,0,11,44,0.8494912193027511,101.4864954587529
P001,electronics,2023-11-03,498.06642311124887,511.0293364353068,2.5366280171860507,50.979715652372946,0.6253421653459761,4.146967751065265,10.808019612114176,0.4605868640906567,0,4,0,11,44,0.8237810406617799,87.11519655047465
P001,electronics,2023-11-04,582.7124381791731,568.9490091024159,-2.4190971170633864,76.63860509573371,0.6387305354122391,4.515568517179681,20.092867341829542,0.5538778366100596,0,5,1,11,44,0.8348156650314267,85.05279167079318
P001,electronics,2023-11-05,491.49236382757164,548.1157958525177,10.330560157799551,48.98690996366316,0.6442576946891678,4.07610065335697,22.01189317019069,0.49295518668606564,0,6,1,11,45,0.8753244060451297,93.47139314355731
P001,electronics,2023-11-06,480.3601530776482,503.88137161622177,4.668007166672627,45.612384126111735,0.7236417862359932,3.8810946025269013,17.07842917583449,0.5641842507164629,0,0,0,11,45,0.9158700911280387,128.11859229838873
P001,electronics,2023-11-07,539.4122696830689,568.2032528061158,5.06702187656625,63.5129519219974,0.6450459725404465,4.164970225261426,29.20333612952523,0.8350036457794712,0,1,0,11,45,0.927015536757987,159.8740364442778
P001,electronics,2023-11-08,512.9801730214755,547.9665612877658,6.384767016452522,55.50054583942147,0.8223853198573727,4.241046548901388,16.727187634472763,0.8449848711016253,0,2,0,11,45,0.9014900237296778,175.01978876960905
P001,electronics,2023-11-09,451.81310702217337,516.4333301713408,12.512790978794474,36.95886986340046,0.6633492979631948,3.6888385239519845,22.061964542286447,0.8574681752049211,0,3,0,11,45,0.859663964530606,206.29506408071475
P001,electronics,2023-11-10,483.05019342049854,515.2073656896495,6.241597929429012,46.42782059645224,0.5766731173703122,4.398217018339125,4.823781999288487,0.4847341260238897,0,4,0,11,45,0.834209226730293,92.3167743999864
P001,electronics,2023-11-11,466.9282145363081,510.5593051965908,8.545743896192938,41.540737920845025,0.6460877296851021,4.035519361522477,89.71740758992749,0.9819559152071146,0,5,1,11,45,0.845496201844007,206.15148669140365
P001,electronics,2023-11-12,463.7608110931212,518.8292436231891,10.613980072808406,40.58059756803533,0.7116173084076549,3.946530463976858,67.2206143740936,0.8036587686474801,0,6,1,11,46,0.8862541287282154,179.7474565502553
