synthetic_pricing_mixed_elasticity.csv
product_id,category,date,price,competitor_price,discount_pct,markup_pct,quality_score,rating,ad_spend,stock_level,on_promotion,day_of_week,is_weekend,month,week_of_year,seasonality_factor,units_sold
P001,electronics,2023-11-13,485.00101917222486,533.4556538592818,9.083160771942747,47.019177699874525,0.6113319077716542,4.360445200903773,114.29974110177334,0.4912291404546951,0,0,0,11,46,0.9270457609689188,104.30787161007336
P001,electronics,2023-11-14,505.31131431438087,548.4157050038414,7.859802390078998,53.175871753297116,0.6343804045111556,3.9801321342818325,47.35336892436418,0.8563453854731694,0,1,0,11,46,0.9384338421644935,178.60664192649853
P001,electronics,2023-11-15,505.95697033973823,550.9795415882218,8.171368962031526,53.37159055423288,0.8388337778208448,4.0844934564861415,66.34825471874248,0.5226690234785638,0,2,0,11,46,0.913147581211491,110.93152769789948
P001,electronics,2023-11-16,485.43046488793027,497.58040689818534,2.441804749908726,47.14935630464839,0.6349167274370037,4.200553786569302,52.2137866637484,0.9035082369881792,0,3,0,11,46,0.8715573197018573,179.0936379733998
P001,electronics,2023-11-17,507.8983954407497,537.9503109288664,5.5863738485858985,53.9600980225342,0.7329508735573008,3.7448478909984964,85.06743102865059,0.6278509137515905,0,4,0,11,46,0.846334855333162,120.55677962228853
P001,electronics,2023-11-18,552.3536312478248,585.7584639586063,5.702833977853057,67.43588870018084,0.7754083170290471,3.8645177536304165,84.64204593629628,0.4396991133006643,0,5,1,11,46,0.8578505107930487,72.28675518105905
P001,electronics,2023-11-19,405.26608095434113,524.0292798587388,22.663466235400506,22.848991272738672,0.7745005312877281,4.1415908111649955,47.554976197540675,0.800720744020488,1,6,1,11,47,0.8988334571750569,288.39101236189856
P001,electronics,2023-11-20,559.3112709130249,572.4955375221869,2.3029466161823,69.54496975748584,0.733134164677934,4.360020255371269,21.215083408464153,0.4061706975614152,0,0,0,11,47,0.9398463813870596,70.88768794979218
P001,electronics,2023-11-21,444.16245904478967,515.258247494482,13.798088394587747,34.639716026515956,0.6770451344639652,3.70815475124237,36.28796483205926,0.9007430741533766,1,1,0,11,47,0.9514519614538444,279.8063809004453
P001,electronics,2023-11-22,513.9731443246284,567.6205902467759,9.451286095668955,55.80154690683834,0.5904599096990762,4.289517553969891,47.89250528263347,0.5479951694832439,0,2,0,11,47,0.9263793418223522,114.77538378847545
P001,electronics,2023-11-23,475.99606302759537,594.8102728254744,19.97514421421917,44.289490141967065,0.852100622715938,3.915325043752549,152.7996639965342,0.9307521329377683,1,3,0,11,47,0.8849988007779943,254.6930224328889
P001,electronics,2023-11-24,579.0558386006717,553.2749308579931,-4.65969200930517,75.53017389258589,0.6497724825492114,4.052173436641777,24.105405651576135,0.4719346560836273,0,4,0,11,47,0.8599820738736396,62.37844518892919
P001,electronics,2023-11-25,524.9087590092363,594.0666762268497,11.641440260016342,59.11647824722552,0.6931365953914531,3.789505488350157,173.21425255232896,0.46994984473341805,0,5,1,11,47,0.8716994228324836,86.04531935554853
P001,electronics,2023-11-26,492.407787935449,582.9128513552013,15.526345526494918,49.264404018864276,0.8909418652293494,4.442966796498335,42.06681553172142,0.40648665018111785,1,6,1,11,48,0.9128799589819303,103.90516119544924
P001,electronics,2023-11-27,485.96960642582536,506.18979459080117,3.9945862957038867,47.31278718918646,0.9411676675578421,4.654918216576072,77.13328616395711,0.7952305832362133,0,0,0,11,48,0.9540863106797329,175.68565076495426
P001,electronics,2023-11-28,490.8693279282925,519.7434878069039,5.555463523063659,48.79804803973183,0.6934025379109189,4.335196666600397,35.104872410613,0.8152067535679928,0,1,0,11,48,0.9658810986339482,185.7168581336366
P001,electronics,2023-11-29,536.0063058709292,534.7026816531796,-0.24380356831555927,62.480496361819505,0.5452696011061634,4.524807316166122,33.88300546554035,0.6864102388734408,0,2,0,11,48,0.9409934112251322,133.2957694231037
P001,electronics,2023-11-30,564.4017627036128,585.4027384494016,3.587440639826112,71.08805912751959,0.6931722377360662,3.944588864906157,114.62512239800809,0.62859476420104,0,3,0,11,48,0.8997934719392904,99.14636147850828
P001,electronics,2023-12-01,477.4716304406427,539.6717330818699,11.525543923900727,44.73678138287457,0.6611479224816991,4.257127166977518,69.49416098678574,0.4195954364706975,0,4,0,12,48,0.8749529628130932,86.3493094505181
P001,electronics,2023-12-02,518.1682237893449,567.6056462284188,8.709818650954539,57.073208426933505,0.8723465340067103,4.349725669639783,44.95878924845435,0.7676775013219063,1,5,1,12,48,0.8868420933526009,184.08914360268693
P001,electronics,2023-12-03,507.3421847554142,522.9120499481372,2.977530388574376,53.7914929385171,0.4950058721422521,4.5477222194867695,38.07486057475061,0.7670986120619329,0,6,1,12,49,0.9281899239826312,149.56612400169897
P001,electronics,2023-12-04,421.2001486239647,499.4435745423847,15.666119238817025,27.679112104650468,0.8157346311723567,4.585979210819287,43.8592145029017,0.4940876231900834,1,0,0,12,49,0.9695590334879723,164.90241769352338
P001,electronics,2023-12-05,457.1588654572218,597.5735218352395,23.497469557684354,38.57933864229987,0.7321593211339238,4.726479921494173,50.71608365875712,0.5322676025472514,1,1,0,12,49,0.9815119943480298,179.34160038574487
P001,electronics,2023-12-06,367.55602888618455,510.9370435494023,28.062364331067386,11.417879528804148,0.84644543122673,4.031523619388016,173.44304568303357,0.8388978784258834,1,2,0,12,49,0.9567778480733159,381.24215368800066
P001,electronics,2023-12-07,473.21358265441904,548.0588984059821,13.656436556225813,43.4460321691805,0.7140359869848046,3.6098790889238543,18.012530542139544,0.5507015605290408,1,3,0,12,49,0.9157267726522738,153.18220636605244
P001,electronics,2023-12-08,591.554755344645,598.942798072951,1.2335139101891586,79.31899162532886,0.6774343296781931,4.174317573158627,134.06929668397012,0.8026558942515856,0,4,0,12,49,0.8910304060100129,123.70485938818365
P001,electronics,2023-12-09,458.2799210111768,514.7579376585429,10.971762165390826,38.919166104888795,0.7855555659020712,4.694844268297176,103.98279346186766,0.47223254727345343,1,5,1,12,49,0.9030589149400574,136.24033718241236
P001,electronics,2023-12-10,420.8704586166782,504.0853905354795,16.508102294018833,27.579172616172993,0.4751857113207836,4.578395430555014,38.34781036947901,0.8543697869653004,1,6,1,12,50,0.9445413185664002,287.7081410243694
P001,electronics,2023-12-11,354.2923960279804,509.73000820943315,30.49410662077168,7.397252109392969,0.8655407113088295,4.054931554846039,29.840917164125454,0.9009683234166422,1,0,0,12,50,0.9860401557969454,442.4464766734844
P001,electronics,2023-12-12,467.3354836447971,496.07730598395864,5.793819227862643,41.66419409323577,0.6406096827979697,4.168133551847397,53.303401795324085,0.41719145654659273,0,1,0,12,50,0.998117960669974,102.52298044364902
P001,electronics,2023-12-13,540.5317249370701,572.8466172897643,5.641107301214678,63.85229428295977,0.6962429355020519,3.6806396089665228,133.1225420130372,0.7265191975022214,0,2,0,12,50,0.9735037377020244,143.84407973033944
P001,electronics,2023-12-14,536.5986666410693,584.7079580637836,8.227918016033964,62.66005968207046,0.6369781446802393,4.220978780142192,113.04506016055038,0.5345911353121158,0,3,0,12,50,0.9325676293456789,103.59180014812445
P001,electronics,2023-12-15,541.9339231845207,500.4748790470328,-8.283941087399079,64.27734500484124,0.6103357772684791,4.452595108635638,37.020490655307896,0.5266755655348224,0,4,0,12,50,0.9079812394588177,88.67274513710005
P001,electronics,2023-12-16,521.7910203409565,511.24639349515866,-2.0625332481485197,58.17139286147537,0.7673132020689712,3.4889242559802565,60.416083869396516,0.8560965578740954,0,5,1,12,50,0.9201147022464821,158.23558561746015
P001,electronics,2023-12-17,497.5649939065913,516.1052139287852,3.592333408348823,50.82771657107354,0.524817119324828,4.083022888032167,56.37459257168458,0.6351463377663454,0,6,1,12,51,0.961697005732569,139.7988386158308
P001,electronics,2023-12-18,450.6745929593905,568.8498137944848,20.7744149632066,36.61375017355782,0.668748383932433,4.383006950935336,33.94230149153046,0.8034303059750222,1,0,0,12,51,1.003290659222508,264.4821652084892
P001,electronics,2023-12-19,530.0978352368427,603.9819227158889,12.232830934213425,60.68945168407876,0.6669210775672442,3.965940261264761,121.26469461573697,0.5623863651890594,0,1,0,12,51,1.015458168658467,133.47464519618887
P001,electronics,2023-12-20,534.9314707133793,588.3663478111655,9.081905737228873,62.154679766020195,0.6719730895536433,3.652204727511711,14.419866235352702,0.5981708005012507,0,2,0,12,51,0.9909285119755846,126.27814481103191
P001,electronics,2023-12-21,480.05530037830124,499.24824055605825,3.8443681156252194,45.51997361271927,0.7425444864184172,4.266686956740257,117.68538498018972,0.4097202384036803,0,3,0,12,51,0.9500718065676341,89.5366751788959
P001,electronics,2023-12-22,516.7031950979637,569.8879026290635,9.332485789879536,56.62911180651566,0.7586332975578136,4.081162170603232,34.4242714101147,0.7565450963851583,0,4,0,12,51,0.9255596327636872,148.25532751395414
P001,electronics,2023-12-23,521.4249253679046,576.9855667920759,9.62946815690336,58.06041787426811,0.6475551863737348,3.9794089617954147,83.47132308265574,0.539999693589596,0,5,1,12,51,0.9377621027769568,105.86886749235269
P001,electronics,2023-12-24,510.64631034765245,523.2700040979573,2.4124627155088554,54.79307810717729,0.6713831363312028,3.565540111494903,42.33368616612444,0.4082094488564087,0,6,1,12,52,0.9794081841830092,81.38501698540146
P001,electronics,2023-12-25,390.2089463708007,500.378433023377,22.017233234236805,18.284696647612584,0.8911419087139723,3.81586332869926,57.703402880961185,0.798294684911635,1,0,0,12,52,1.0210603673884986,344.570232584388
P001,electronics,2023-12-26,490.3915265819351,510.5901318469506,3.955933341671016,48.653211311006515,0.6226916544429518,4.200150019510089,57.994702251115605,0.9503608399466084,0,1,0,12,52,1.0332811409919762,226.50440141063333
P001,electronics,2023-12-27,580.3224575518841,598.8513525953316,3.0940725044948123,75.91412623351943,0.5142098548601712,4.380974250171418,62.459425029257126,0.8058166407236345,0,2,0,12,52,1.0087994671452616,143.7133760304722
P001,electronics,2023-12-28,488.3791352163406,505.2170478099845,3.332807684664015,48.043191719119896,0.8212608237420456,4.720449567368169,110.0554619481039,0.6056385552567443,0,3,0,12,52,0.9679854490237761,138.68724625977222
P001,electronics,2023-12-29,500.38140513698437,494.83782072788114,-1.1202830860722974,51.681460061888856,0.764648953772577,4.135299708735711,23.23841725806224,0.8678925304060409,0,4,0,12,52,0.943510654307421,187.69758882169378
P001,electronics,2023-12-30,477.63159961849914,561.5969868764215,14.951181936522536,44.78527310981139,0.7024857503751268,4.1098635393546745,77.45895929734449,0.7293236809255599,0,5,1,12,52,0.9557451841331864,175.72834878521388
P001,electronics,2023-12-31,506.9675845763251,553.3207692765195,8.377271787719504,53.67793975384565,0.6788333018068823,4.011679828174649,39.65339857815298,0.9924016951477276,0,6,1,12,53,0.9974179965766226,225.59121158787275
P002,electronics,2023-01-01,556.2142804296835,561.2462979138493,0.8965791850867753,77.48958274493113,0.7338552876285914,3.9186223270390803,58.867862026446986,0.8203668978366709,0,6,1,1,1,1.0,110.8366438797088
P002,electronics,2023-01-02,407.64921091290137,483.1826950425219,15.632489512682845,30.082040136289162,0.8439445715153135,4.062135317651474,8.374298949882833,0.9099755983019232,0,0,0,1,1,1.0416735775467767,199.39565393333498
P002,electronics,2023-01-03,480.72559343351793,522.1022377859382,7.9250080459116266,53.40092477922474,0.7196131459023907,3.9287795130792,10.803246382350121,0.8920405012333896,0,1,0,1,1,1.053909637352503,149.33719786715042
P002,electronics,2023-01-04,509.0778383998795,508.17700356221104,-0.1772679265991517,62.44820800444888,0.5920607542900646,4.450898615800637,59.831941665852796,0.7498781314597501,0,2,0,1,1,1.029437137039366,121.37427765728592
P002,electronics,2023-01-05,516.8535719149946,550.1388975909991,6.050349433889792,64.92946701863205,0.7502784426895194,4.738908246878089,82.63475833512273,0.5894638907496976,0,3,0,1,1,0.9886261770644701,92.23423063655737
P002,electronics,2023-01-06,346.1091225478414,496.2745341795926,30.25853661421384,10.444420265108008,0.5825158691617063,4.6277684248873765,30.75950774284166,0.6473678366989993,1,4,0,1,1,0.9641483242015259,210.2765493309108
P002,electronics,2023-01-07,472.8776096450708,517.256311969279,8.579634756945005,50.89661049422579,0.6406188591931294,4.150310576904711,53.105436331972534,0.7948613308338952,1,5,1,1,1,0.9763736804937138,151.71249243785707
P002,electronics,2023-01-08,482.7358722045912,537.7819794739003,10.235766420280466,54.04241053899911,0.6760623148491085,4.136001060207219,97.15548671808195,0.7958141637582846,0,6,1,1,2,1.0180312067349029,135.3989457298345
P002,electronics,2023-01-09,465.7389541644227,510.98905169680796,8.855394725606393,48.618644920164584,0.6922556539274006,3.841411870920227,129.87496698780302,0.6028506456197569,0,0,0,1,2,1.0596833899403912,104.70538421760689
P002,electronics,2023-01-10,498.4008799300506,506.15658765407454,1.5322743817224564,59.04115973101919,0.7676441816494771,4.224237488916594,27.989326666866155,0.9231478367683033,0,1,0,1,2,1.0718927187087335,156.50530420395486
P002,electronics,2023-01-11,545.0946448314551,532.2922511587994,-2.4051437241073517,73.9412749217652,0.7861636124497944,4.241718119596025,10.416967586031634,0.4908673131612144,0,2,0,1,2,1.0473881585830995,74.02684043285656
P002,electronics,2023-01-12,485.83066581788114,499.01034456964294,2.641163433821852,55.02996811605408,0.7317146984710474,4.186241622189294,24.220752634977504,0.8971917436709735,0,3,0,1,2,1.0065398195206088,137.28082991749451
P002,electronics,2023-01-13,565.2300392041452,569.3600236663486,0.7253731014707778,80.36653739947896,0.7435975389500046,3.4403261744340945,81.34172394557503,0.6887667707315421,0,4,0,1,2,0.9820192793712017,83.57955253548299
P002,electronics,2023-01-14,526.156563135893,532.6872455477317,1.225988132140016,67.89807837611363,0.7844283228097417,4.147516630199607,18.955852482537775,0.628571107014085,0,5,1,1,2,0.9941966528272232,92.19897032599468
P002,electronics,2023-01-15,475.56742227743337,528.010163152371,9.93214610905205,51.75493747103637,0.6392645566787788,4.176833686433087,68.37274576616207,0.6118617333630337,0,6,1,1,3,1.0358009149008924,111.53744344008365
P002,electronics,2023-01-16,462.2313378638436,493.0998569096349,6.260094910440888,47.499354431725195,0.7573687030002554,3.7435209472101993,152.74875458088286,0.7246682949273069,0,0,0,1,3,1.0773945683908295,142.89997266398734
P002,electronics,2023-01-17,474.98487677895594,516.2215599003611,7.988175296158586,51.569045520590905,0.7145521197768241,4.015763230497505,55.6614094334439,0.799913186015821,0,1,0,1,3,1.0895401192392071,141.9085831806218
P002,electronics,2023-01-18,488.29494904635106,510.05326676967826,4.265891258991282,55.816328008951054,0.6451833644030753,4.038529144202654,44.92077646989668,0.7070244682688205,0,2,0,1,3,1.0649665518879692,118.09639627807498
P002,electronics,2023-01-19,446.44276048284405,474.67092327904356,5.946891080076779,42.46117380586129,0.8695722877810865,4.769186608431934,56.31756246365504,0.4292169090399579,0,3,0,1,3,1.0240439967425656,89.63659218535444
P002,electronics,2023-01-20,497.2847637590771,482.945988670694,-2.9690225045352427,58.68500383849533,0.7596397069117653,4.053602005137833,89.01199959632103,0.5019322439314344,0,4,0,1,3,0.9994440536447635,74.75632518132018
P002,electronics,2023-01-21,430.5203599020064,472.575380061382,8.899113651225996,37.38028981056482,0.79778155496862,3.568305917447903,109.30732766048797,0.6937864456192195,0,5,1,1,3,1.0115368608157156,134.1957600495857
P002,electronics,2023-01-22,449.9010780750966,488.7693829835242,7.952278980972465,43.56473293414218,0.7507420927833288,3.925222581821272,108.0533568396691,0.5421543963380341,0,6,1,1,4,1.0530514183264557,106.95581453816479
P002,electronics,2023-01-23,366.1596094536477,495.20815031141535,26.059454146022127,16.842588525000714,0.7815501022444262,4.185573447800769,43.23676612461225,0.8694554873276727,1,0,0,1,4,1.0945502555570021,299.3843588674829
P002,electronics,2023-01-24,497.63700210543067,530.4830059546304,6.191716507504644,58.79740411177267,0.7595644057569719,3.7418112928716574,71.98437351263563,0.8385222074656962,0,1,0,1,4,1.1065959065456323,145.83100876563475
P002,electronics,2023-01-25,501.99128728908744,512.1377965717136,1.9812068842697403,60.18686908524053,0.7282002625016856,4.247915318604631,37.114569713314104,0.6494911408110466,0,2,0,1,4,1.0819173853367738,105.11672470153054
P002,electronics,2023-01-26,501.1406990681296,507.4446148191542,1.2422864617986313,59.91544392817888,0.6034335196476791,4.688749909470284,30.68290380566117,0.6902815239163884,0,3,0,1,4,1.0408848534359698,100.0090596162165
P002,electronics,2023-01-27,423.26689575739016,472.70010994468504,10.45762697052884,35.06568846036448,0.7263546740578168,4.970972110642601,13.687647029495736,0.5260643157474111,0,4,0,1,4,1.0161699432734734,101.13428825589354
P002,electronics,2023-01-28,465.26998337024395,483.9799651474532,3.865858738906459,48.46899498576513,0.7879417041137403,3.8767871769045725,124.5036035370262,0.7660647532217408,0,5,1,1,4,1.02814282713766,140.92202912618828
P002,electronics,2023-01-29,493.9209280040892,546.8046526604971,9.671410877559351,57.61159413726641,0.552576272110459,3.6457774846416258,54.774829173660805,0.6977435331404884,0,6,1,1,5,1.0695325406354277,115.18647690620028
P002,electronics,2023-01-30,569.722235348055,563.7235800967272,-1.064112884953035,81.80001015852969,0.6886871947484259,3.810235090966253,59.56854541337915,0.6444193145276994,0,0,0,1,5,1.1109016501407698,93.98409188638509
