synthetic_pricing_mixed_elasticity.csv
product_id,category,date,price,competitor_price,discount_pct,markup_pct,quality_score,rating,ad_spend,stock_level,on_promotion,day_of_week,is_weekend,month,week_of_year,seasonality_factor,units_sold
P002,electronics,2023-01-31,467.92538827028613,529.8315129047934,11.68411525677434,49.31634235585286,0.7184810302489738,4.575926675190623,66.7551089920586,0.8499159587729612,1,1,0,1,5,1.1228127281330877,196.12588677016504
P002,electronics,2023-02-01,445.48228005321556,479.2381414869163,7.043650851530197,42.15468172774035,0.6184624371683878,3.880129520430233,185.69457905270167,0.7692524678925012,0,2,0,2,5,1.0979948285336936,142.19056785537197
P002,electronics,2023-02-02,511.7725290418748,539.9383437757994,5.216487226478569,63.308091568216675,0.7094124267789276,3.984297999695579,10.607405767999982,0.40831728154771607,0,3,0,2,5,1.0568181541489547,68.99962621410303
P002,electronics,2023-02-03,526.6508071388679,563.8083029272447,6.590448490286188,68.05579306440686,0.8259233239786798,4.543932261120219,20.98212232696706,0.429532548724457,0,4,0,2,5,1.0319543801216537,62.27011392187672
P002,electronics,2023-02-04,555.6669624676932,549.4576365178805,-1.130082746535947,77.31493200308498,0.6634200327206498,4.200055999390492,109.11285264490103,0.5434398304450179,0,5,1,2,5,1.0437737228517414,64.366964096993
P002,electronics,2023-02-05,539.428893138305,570.9380052434424,5.518832485446847,72.13331719875109,0.7034027411072231,4.233411780552016,43.3795470292076,0.8595151863308452,0,6,1,2,6,1.0850052634436675,131.42735877854673
P002,electronics,2023-02-06,476.20271621127193,514.720771574195,7.48329142519769,51.95766159949687,0.6178530470970349,4.359328980685382,142.84018720380496,0.7026735650016132,0,0,0,2,6,1.1262116151414716,132.9501442976768
P002,electronics,2023-02-07,530.3693746508203,563.7675189967259,5.924098714544702,69.24239869343785,0.5457198484790353,4.010173491034489,76.84010099803359,0.6221393114107461,0,1,0,2,6,1.1379553986532058,91.56810233156615
P002,electronics,2023-02-08,515.3080031113868,554.5574314429108,7.077612904654499,64.4362715511514,0.5843021524857708,4.19309254366605,26.75514015847878,0.5491238925564557,0,2,0,2,6,1.1129657174731469,93.27752457724803
P002,electronics,2023-02-09,505.87960313808645,522.3580981976966,3.1546357023019675,61.42764189870766,0.7408052846836756,4.365239271682099,69.27997990282728,0.8095242872602942,0,3,0,2,6,1.0716128253102524,124.23591955425135
P002,electronics,2023-02-10,347.78953066873964,504.41647638725055,31.051116101581364,10.980643348033913,0.7029102708325022,4.4969580421758,29.758061786309142,0.4823800196293422,1,4,0,2,6,1.0465684495244354,180.04094086493285
P002,electronics,2023-02-11,416.68705675929607,487.7066981378031,14.561957350530419,32.966042839258954,0.6857853463059453,4.3016061953765075,101.40752824226486,0.5513888416810918,1,5,1,2,6,1.0582028600318458,142.83057223895895
P002,electronics,2023-02-12,458.445033258062,489.8311256960775,6.407533288827688,46.29113370048788,0.880651621066201,4.094786866612951,102.68728512103127,0.9018653154819218,0,6,1,2,7,1.0992451927363418,182.21478233990976
P002,electronics,2023-02-13,504.94388879181435,542.8786321174131,6.987702422112336,61.12905274928852,0.8275390737999014,4.1544856699268315,73.6322203526592,0.9033123171424413,0,0,0,2,7,1.1402581169483432,160.65511490913593
P002,electronics,2023-02-14,489.9730051479019,541.012818257637,9.434122702325578,56.35180055571265,0.7608228895307312,4.133717321548572,21.97953699080061,0.4283180210184274,1,1,0,2,7,1.1518043106926412,100.60865160057048
P002,electronics,2023-02-15,519.9444748357383,571.9972083710509,9.100172653560623,65.9157830644626,0.6859624941094663,4.292283800456759,32.31107970092054,0.4064291786172154,0,2,0,2,7,1.126612936013625,61.08353252753828
P002,electronics,2023-02-16,451.5117136818872,484.52205457612183,6.812969726035131,44.07869140637442,0.5746704372696735,3.383316677723057,96.10921023101037,0.7033124750340942,0,3,0,2,7,1.0850543063863884,129.33402687467103
P002,electronics,2023-02-17,492.54887191006213,517.9132725564111,4.897422404556416,57.17376707636575,0.5361970942563983,3.6640873603935944,29.570822269610154,0.7892482683370109,0,4,0,2,7,1.0598002101352957,128.1817466918404
P002,electronics,2023-02-18,505.0281153471749,513.8045169540369,1.7081207574605806,61.15592968627661,0.8651236578687286,4.468976596270806,87.44031740653625,0.43283962415499155,0,5,1,2,7,1.0712209793211964,72.03902606444143
P002,electronics,2023-02-19,516.8937336280329,523.5921310418505,1.2793159057774588,64.94228273721444,0.7679575685160641,4.24482584205276,39.641675207543415,0.6583214925478222,0,6,1,2,8,1.1120458131544833,98.04719364723829
P002,electronics,2023-02-20,487.53444155001745,523.2266532389851,6.821558395012644,55.573647871191255,0.6414072326682244,4.298732033613039,115.91100991073326,0.66651004412702,0,0,0,2,8,1.1528374453951857,120.44550120600196
P002,electronics,2023-02-21,502.0484360819276,526.3083039549372,4.609440453572377,60.205105430031495,0.8504214282829923,4.196950283777167,62.37886745378538,0.852741616723442,0,1,0,2,8,1.164158619641682,149.6588905403475
P002,electronics,2023-02-22,500.9358383561948,494.46615831080476,-1.3084171558862012,59.85007228354212,0.766470274533311,4.03412374878981,99.70242343707481,0.5846914900156714,0,2,0,2,8,1.138738564616494,99.62009007747153
P002,electronics,2023-02-23,385.022282869942,521.5618716427173,26.178982053026353,22.861722071024836,0.5674206228645752,4.0022979725303,9.271056473841405,0.9255429549999368,1,3,0,2,8,1.0969476615576388,294.4089729460046
P002,electronics,2023-02-24,554.8978642973367,536.3898673796081,-3.4504747466883856,77.06951055644213,0.6849679539728127,4.101991136044091,19.515476690690818,0.8698968585542183,0,4,0,2,8,1.0714577676171102,121.10272921038715
P002,electronics,2023-02-25,317.1261547712886,487.7016362818118,34.97537609489554,1.1958715701766331,0.6532177817167734,3.958582628274486,53.36801118687243,0.5481767001951355,1,5,1,2,8,1.0826392847277027,239.51463331231463
P002,electronics,2023-02-26,472.90098163140357,486.7687874757315,2.84895132989998,50.90406856254241,0.6835664794114609,4.263628005922253,20.551369224219798,0.6359924022311132,0,6,1,2,9,1.1232214829953622,112.72790734787063
P002,electronics,2023-02-27,510.063852264592,527.2119170400014,3.2525943024365027,62.762847875423326,0.6102012358455611,4.633759397892609,50.63456626273406,0.7873206138463134,0,0,0,2,9,1.1637671680782726,129.92280794274743
P002,electronics,2023-02-28,456.9816494854319,481.42075020650736,5.0764535410225315,45.82416371367063,0.6617182810387031,4.1628813161175495,36.125293663595514,0.484719438122311,0,1,0,2,9,1.1748391564542628,103.56685072844515
P002,electronics,2023-03-01,411.5329912616975,565.9248157363584,27.28133140331946,31.321365658547,0.6434488711782353,4.5591559453867285,11.852001488820555,0.48761261157817753,1,2,0,3,9,1.1491667506850072,156.79926048253893
P002,electronics,2023-03-02,565.5227458121616,555.1379753574957,-1.8706647564469603,80.45994092317738,0.679747577293517,4.041510886001107,101.81952228496657,0.4891040689862085,0,3,0,3,9,1.107120406785493,66.44294489964796
P002,electronics,2023-03-03,494.0128820460545,507.9346067501988,2.7408498100211176,57.640936937540275,0.6662811862208826,3.9656109879530828,19.881491790751767,0.7605672907226314,0,4,0,3,9,1.0813720576003483,127.94461407811457
P002,electronics,2023-03-04,467.94549395851806,475.8904873014053,1.669500348271363,49.322758139015285,0.6475337592933197,4.3480964542929454,118.86785057801532,0.8140281330456698,0,5,1,3,9,1.092292181648235,140.94514689551696
P002,electronics,2023-03-05,465.997617752056,482.9421945792102,3.5086138708418515,48.70118521777233,0.5616537488171633,4.039148350012804,40.45517807320151,0.40362822591038705,0,6,1,3,10,1.1326101264915045,73.46018861952882
P002,electronics,2023-03-06,524.710326865653,565.8038383718313,7.2628548481448565,67.43658020681603,0.7319524670782955,4.696085180547685,55.61584956741166,0.5172748002210399,0,0,0,3,10,1.1728887760923337,95.04056504709541
P002,electronics,2023-03-07,410.7190132160384,475.2496338875065,13.578257839698361,31.061622914121305,0.6347191515830196,4.314373279943422,44.91815949291249,0.7584575455440521,1,1,0,3,10,1.1836910260569278,214.54289077909
P002,electronics,2023-03-08,484.99916932113035,565.0788184923057,14.171412296931766,54.76463518330707,0.7301700008901735,4.25266086887358,22.837405719691827,0.69342904026957,0,2,0,3,10,1.1577462588762735,136.79024671485854
P002,electronics,2023-03-09,481.5184737360552,547.5378526224912,12.057500421245589,53.65393517290846,0.6200059493298066,3.6275993588630078,36.26977491993501,0.9645953935446623,0,3,0,3,10,1.1154250112719224,176.29627510296936
P002,electronics,2023-03-10,492.3817022236751,507.35803669650977,2.95182758320889,57.12042274679997,0.8093697640691441,4.162671803068075,31.04101220006678,0.6702102314684757,0,4,0,3,10,1.089399297548404,115.85728646527079
P002,electronics,2023-03-11,404.4208645564722,544.769438556647,25.76293089642194,29.05186549331509,0.5584732808075812,4.265560212723284,100.17235856943364,0.5296188642358434,1,5,1,3,10,1.100039678413478,154.50450703307072
P002,electronics,2023-03-12,427.89718030635635,482.96333798738885,11.401726249140344,36.54322562814708,0.44115833677958,4.217930351211985,96.52760194888333,0.551303726497318,0,6,1,3,11,1.1400755843234385,112.19514260502882
P002,electronics,2023-03-13,408.3778823988233,529.9819676497069,22.944947691363367,30.31456131121208,0.5820630878367382,4.251676315923311,80.7784659381464,0.8618479737142524,1,0,0,3,11,1.180069982814686,266.3393406118142
P002,electronics,2023-03-14,535.3098929191754,559.3334322831113,4.295030115735376,70.81893233676078,0.7196563547642464,4.502401201287978,31.591673777659096,0.6361813121664652,0,1,0,3,11,1.1905858537231626,103.80946109672871
P002,electronics,2023-03-15,553.3377692698612,536.4333943601913,-3.1512532753170337,76.57167972898625,0.753762990294988,4.328455874343173,39.92097662128037,0.8239624773965306,0,2,0,3,11,1.1643526644001514,126.78386008624607
P002,electronics,2023-03-16,602.568530946926,567.2324321262655,-6.229562489613559,92.28135791547078,0.5123281269317262,4.323159604322775,92.42940062153409,0.9718720686364827,0,3,0,3,11,1.1217410370329082,122.06523956878699
P002,electronics,2023-03-17,516.8032759068677,509.73501042203156,-1.386654897214945,64.91341741722793,0.639177349255524,4.308934688323357,63.04304883016397,0.7603499181922817,0,4,0,3,11,1.0954230719717541,117.20347995616378
P002,electronics,2023-03-18,537.0694634735102,521.2306196865226,-3.0387400871639887,71.38041638074809,0.7124072725719494,3.8176521352502935,66.18756325795394,0.7740277395759443,0,5,1,3,11,1.1057694165248269,115.93716888095342
P002,electronics,2023-03-19,474.77096513200456,506.31552089579105,6.2302170211920025,51.50078569645918,0.7553149156379209,4.035539910549969,167.6157054536534,0.5660524791707852,0,6,1,3,12,1.1455095882777262,106.92504421209912
P002,electronics,2023-03-20,523.6257006282065,566.2265582479092,7.523641729473762,67.09047284299598,0.7819888153981797,4.554968152113854,23.568753377946063,0.6848614036261907,0,0,0,3,12,1.1852066423992647,118.01663919564206
P002,electronics,2023-03-21,501.30598210143836,514.8965731583172,2.63947980339346,59.968186221300385,0.6136506395035065,4.190638953318275,50.70104156408579,0.5419658696245044,0,1,0,3,12,1.1954236468349397,92.72284129880488
P002,electronics,2023-03-22,439.1211791272563,473.87652842484323,7.334262663971362,40.12483605697709,0.6390099237128077,4.67261684221685,51.12337307062594,0.7460847517829535,0,2,0,3,12,1.1688901574966195,156.88048633744486
P002,electronics,2023-03-23,490.9584996238136,481.20567637283483,-2.0267473410730084,56.666274688221215,0.6482307427130785,4.1735726267912785,189.92128325446785,0.5994560153046191,0,3,0,3,12,1.1259768855569363,101.88063777000143
P002,electronics,2023-03-24,469.5059515215667,517.6647563526009,9.303087420970071,49.82070465261921,0.6673376510914432,4.284159702166578,100.58048190894063,0.5711234816082484,0,4,0,3,12,1.0993560207500068,105.40062237613809
P002,electronics,2023-03-25,492.79594950042934,496.1559809159339,0.6772127203428604,57.252610248795655,0.7516946515748371,4.133546021114363,49.14127720723795,0.7662178046908943,0,5,1,3,12,1.1093983001397016,130.48061137214657
P002,electronics,2023-03-26,478.3482567507141,533.0791695522013,10.266938932816007,52.6423097800753,0.8144759611452297,3.917861913064273,51.35303481783258,0.9782111132122294,0,6,1,3,13,1.1488333314126897,186.34472500268527
P002,electronics,2023-03-27,518.7157741564596,564.0029319847961,8.02959617053148,65.52370113029305,0.5980304680291143,4.261908531397635,130.7013791506854,0.9279026487648807,0,0,0,3,13,1.1882242601574946,159.5976161104269
P002,electronics,2023-03-28,505.7982297857834,519.598134497603,2.655880342057557,61.401675427052766,0.6232488353232564,4.429109314754414,107.6059396494321,0.5104268632301281,0,1,0,3,13,1.198134245031168,83.34996046942823
P002,electronics,2023-03-29,534.4877416248368,529.1309004231255,-1.0123848744096446,70.55658148508428,0.6636883338844433,3.597762941776497,36.41711397594744,0.8614366798958346,0,2,0,3,13,1.1712929329221018,135.905593314778
P002,electronics,2023-03-30,367.6866842180204,510.59527105776266,27.988623267835813,17.329882491166845,0.6494983149632664,4.22385141971031,52.573964912469094,0.7230178612606137,1,3,0,3,13,1.1280711262174576,258.4435769195861
P002,electronics,2023-03-31,550.5111351467007,567.1528633263443,2.9342579850589376,75.6696926194414,0.5901379574822188,4.626151286181319,45.732434291589605,0.8204850508010442,0,4,0,3,13,1.1011411060768612,122.3836871082605
P002,electronics,2023-04-01,410.7563352432488,537.212042571826,23.53925402029123,31.073532480757493,0.7811203527862673,4.1515332049122335,29.493347605056165,0.5826942546124183,1,5,1,4,13,1.1108737011735819,171.75975981883485
P002,electronics,2023-04-02,552.1396825429953,547.6154294446656,-0.826173415697518,76.18936679541794,0.6799647422205836,4.269552627640454,108.81485927884458,0.7649268260598681,0,6,1,4,14,1.149998610960428,113.51268041193053
P002,electronics,2023-04-03,472.95760375040334,530.9998178531634,10.930740868692807,50.92213684419034,0.6679440417473814,3.8185737668624595,46.28524812156786,0.6399898109761412,0,0,0,4,14,1.189079072921612,133.50557580610717
P002,electronics,2023-04-04,458.7013121633626,508.53505288586575,9.79947015249069,46.37291303907839,0.6264798965236753,4.696862475617189,41.1647088044432,0.7968056073668346,0,1,0,4,14,1.1986783377121948,166.18003595409377
P002,electronics,2023-04-05,414.72831844669577,517.7941317930793,19.904785901971294,32.341003788587024,0.42867573658365876,4.276866550824594,71.15793129146402,0.8786828088046434,1,2,0,4,14,1.171526144293633,255.00484391880207
P002,electronics,2023-04-06,524.9560187799749,561.7571032052111,6.551067038629467,67.51498120601929,0.6485217325085257,4.273059061255903,47.696870051488276,0.7298303530979866,0,3,0,4,14,1.1279933871739307,119.52131261283003
P002,electronics,2023-04-07,459.66188709078705,490.194707917443,6.228712863174817,46.67943527171884,0.826248989487695,3.6414149595377863,54.47756007645082,0.9147146701104933,0,4,0,4,14,1.1007524396540342,170.5768841667445
P002,electronics,2023-04-08,470.14628934477133,520.7547635278256,9.718293086790002,50.025038300738764,0.54571967817571,4.151810664142352,33.49458051609491,0.6058160275540146,1,5,1,4,14,1.1101742225417026,135.61944795565185
P002,electronics,2023-04-09,519.7431810046717,550.970216393312,5.667644903395056,65.8515496218089,0.7975678345438153,3.9083542805392018,98.51040007695207,0.4236171278918377,0,6,1,4,15,1.148988527390112,66.05627302766253
P002,electronics,2023-04-10,460.01736238187493,510.72436883734184,9.928448601522742,46.79286846340637,0.6583374694384537,4.181063096066626,66.94915580374924,0.7213254838586789,0,0,0,4,15,1.1877586837224199,147.28837255765526
P002,electronics,2023-04-11,518.1358261236892,499.1800982009112,-3.797372529693418,65.3386380386539,0.7734598128302995,4.403154506017514,57.407731977883685,0.7053754242532285,0,1,0,4,15,1.1970480341439422,121.14562786043558
P002,electronics,2023-04-12,510.53716421161784,501.74201672367315,-1.7529222578121235,62.91388308422974,0.7110535317473939,4.012105417145098,71.67980131960041,0.5898742785246497,0,2,0,4,15,1.1695864094504522,97.993741376811
P002,electronics,2023-04-13,413.08229553775243,479.6076667422631,13.870789776232009,31.815753126070305,0.7430065687175318,4.454083950530974,55.891633036730326,0.8864101422025551,1,3,0,4,15,1.1257447958411195,249.2035960083806
P002,electronics,2023-04-14,564.632829777186,572.1724647645848,1.3177206964164005,80.17596614711836,0.8856647436561954,4.055470208671958,63.64835911217615,0.6433871556683425,0,4,0,4,15,1.0981956581377326,104.64758449894273
P002,electronics,2023-04-15,434.8538634789933,533.9282785675279,18.555753472046952,38.76312331334523,0.6959449384417765,4.2732632707640255,11.196024850755464,0.7091002170319534,1,5,1,4,15,1.107310008471454,185.3139399111615
P002,electronics,2023-04-16,471.8581119223143,505.8002324675459,6.710578281003352,50.57128582747746,0.5436965693428746,3.846162100647666,128.71916775881942,0.8764086701595777,0,6,1,4,16,1.1458177294943594,160.00424297426648
P002,electronics,2023-04-17,470.51560623633566,516.6064002177903,8.921839520769343,50.14288838710075,0.6278815443148544,3.6848814154673857,51.262626055855534,0.7889785163792808,0,0,0,4,16,1.1842822415770111,158.64490225473145
P002,electronics,2023-04-18,476.01954535443366,517.8998681590652,8.086567574056355,51.89921125024273,0.7209534230262794,3.8725124483522695,59.614750205811454,0.6232261406873244,0,1,0,4,16,1.1932669778937135,121.20027044357113
P002,electronics,2023-04-19,450.5289887754933,503.5990208973476,10.538152363221517,43.76510105149506,0.7546273609557665,3.974891691437457,15.598187160616273,0.9799733325376645,0,2,0,4,16,1.1655018595039723,207.80044594229776
