synthetic_pricing_mixed_elasticity.csv
product_id,category,date,price,competitor_price,discount_pct,markup_pct,quality_score,rating,ad_spend,stock_level,on_promotion,day_of_week,is_weekend,month,week_of_year,seasonality_factor,units_sold
P002,electronics,2023-07-08,505.5642729139108,551.3278652652896,8.300612980872662,61.327019113775634,0.6344312280538555,4.129286626542999,21.727027920733523,0.6655929089562599,0,5,1,7,27,0.9467279134040184,85.55137719224649
P002,electronics,2023-07-09,576.9158591483672,567.5717087140534,-1.6463383024296174,84.09551628209606,0.6048079859770782,4.331720566767051,66.65813369849064,0.561663667782193,0,6,1,7,28,0.9832511489317466,76.31296000893978
P002,electronics,2023-07-10,492.85321181763095,478.57854865129303,-2.9827210614780113,57.27088281953812,0.7970804852537202,4.225231946366548,38.10870089377841,0.7274498078676614,0,0,0,7,28,1.0197793475055146,99.30100498824817
P002,electronics,2023-07-11,504.560391061129,499.9724806883457,-0.9176325797905709,61.00667751622117,0.7711410579465494,5.0,88.27840474761196,0.5139608461966121,0,1,0,7,28,1.02687651607111,84.24160333981757
P002,electronics,2023-07-12,430.3388891747627,532.3527072159235,19.162825070368953,37.32238197757278,0.829325927693015,4.106595633866191,114.22064941079415,0.5641998309528746,1,2,0,7,28,0.9972731350151007,139.27838440386938
P002,electronics,2023-07-13,487.2303440777488,519.1433569941642,6.147244780553765,55.47660948982308,0.4895250494280985,4.812653373160419,56.26019510929815,0.6794353466004985,0,3,0,7,28,0.9513408251852884,91.20967606124468
P002,electronics,2023-07-14,532.4159912505215,567.7921074026411,6.230469865801277,69.89547995923924,0.804735174245305,4.204194544790798,15.318666387123324,0.7984073368405613,0,4,0,7,28,0.9217526709218725,109.91165148190865
P002,electronics,2023-07-15,466.9080463576327,513.2791253068682,9.034281088581611,48.991705614332496,0.9185094895036112,3.993985397099012,142.9483412903762,0.7389715645914839,0,5,1,7,28,0.9288802885606282,119.34211399447234
P002,electronics,2023-07-16,417.6823991841291,491.3264966792458,14.98883084727954,33.28365948070057,0.5198497003491923,4.000738696816131,6.547187406155271,0.810525445113092,1,6,1,7,29,0.9654541494654079,193.35664838809805
P002,electronics,2023-07-17,503.32986138279296,514.4416195156057,2.1599648456272824,60.614011943171874,0.7709352514455317,4.205837476655665,44.82501308733014,0.63763268646128,0,0,0,7,29,1.0020382470512608,96.44234074036898
P002,electronics,2023-07-18,501.08739066613265,515.6195362464254,2.8183853711368063,59.898433063193664,0.7226711686340566,4.291931650276551,50.124420704890056,0.43494269849216516,0,1,0,7,29,1.00919657169989,70.5101737114177
P002,electronics,2023-07-19,455.97454955597516,482.0537141822859,5.410012174794494,45.50279521855821,0.7200845093115709,4.230237321793442,51.61616339303347,0.737286852296551,0,2,0,7,29,0.9796595856759954,115.65950557089768
P002,electronics,2023-07-20,406.22086988467976,476.71159997984705,14.786871160287959,29.626252390385414,0.7221493307132832,4.225929056726263,35.3075180596217,0.9812888143466827,0,3,0,7,29,0.9337988901530989,194.2385393172835
P002,electronics,2023-07-21,453.41014657876,541.7365749626047,16.304313289155655,44.68448682477846,0.5179239722197984,3.9882679550713904,13.1439687797586,0.6083730845834187,0,4,0,7,29,0.904287548250535,103.88125826800825
P002,electronics,2023-07-22,476.173967541108,538.796954349695,11.622743280754122,51.94848781584658,0.6399488981814836,4.217280667801573,28.231719200517166,0.9604197946783836,0,5,1,7,29,0.9114971535429193,152.0719072480607
P002,electronics,2023-07-23,487.10639657455744,520.4688165445644,6.4100708648604225,55.43705748370287,0.7400235855526774,4.260495871538777,19.777380478546068,0.476123696837856,0,6,1,7,30,0.94815815309939,75.23067013179443
P002,electronics,2023-07-24,518.3281140182801,512.9815067716204,-1.042261207486387,65.39999766097692,0.6987586780474405,3.8299159727892285,6.624885004176513,0.7622756543716709,0,0,0,7,30,0.9848345145139361,101.03537291080677
P002,electronics,2023-07-25,517.6489137811119,565.6627834785556,8.488072947309941,65.18326290436099,0.7689164457074336,3.994909715314084,40.130136569786124,0.8845755217377851,0,1,0,7,30,0.9920902008284966,129.84113023894867
P002,electronics,2023-07-26,556.4760047177308,558.3705853053946,0.3393052280194073,77.57309972087758,0.713791652091806,4.356150564923093,68.38512721911354,0.7050874211848157,0,2,0,7,30,0.9626556454574089,85.33378045083397
P002,electronics,2023-07-27,424.4891382628743,471.01821629951553,9.87840309068936,35.45570957263062,0.6425899324716401,4.3609241699674035,101.68228231319036,0.9409787376918161,1,3,0,7,30,0.9169024192217802,204.95583045687
P002,electronics,2023-07-28,567.0925767464332,571.1144515825204,0.7042152102687629,80.96087850660065,0.5823328170929936,4.16936008252779,98.97552393315371,0.5130999116773367,0,4,0,7,30,0.8875035533954755,48.30113965936802
P002,electronics,2023-07-29,456.4058360857632,470.9552687155354,3.08934491155682,45.64041999539144,0.7137352479407035,5.0,43.20178578009885,0.7130985251831137,0,5,1,7,30,0.8948306082240247,103.79874646223585
P002,electronics,2023-07-30,564.8057871328939,542.8774671775678,-4.039276131560937,80.23115733867417,0.8404165940100397,3.90238693176686,31.47516381639309,0.49290483678847297,0,6,1,7,31,0.9316139959737315,63.335529786377805
P002,electronics,2023-07-31,492.2638636355718,529.4970797165573,7.031807635448466,57.08282011312153,0.6875113114649932,4.204709338787327,58.95575527406316,0.5624101625810387,0,0,0,7,31,0.9684176479723219,86.84914394609675
P002,electronics,2023-08-01,491.70182735117993,517.4881449355902,4.982977453062187,56.903472712103415,0.6378230647166798,3.959427238665013,2.453978860375758,0.5146372836078149,0,1,0,8,31,0.9758054895427877,70.09268854956528
P002,electronics,2023-08-02,523.7443891539407,532.3668118057184,1.6196394028642835,67.12834669422631,0.6153565698541021,4.477701662850817,38.2521156407787,0.7489533027098532,0,2,0,8,31,0.9465079149390122,99.6468847805047
P002,electronics,2023-08-03,494.29078507608716,495.9541926735005,0.33539540989592087,57.72961659676432,0.8388200938854161,4.417306353379704,52.40617749555981,0.921724701315531,0,3,0,8,31,0.9008964543917453,130.10411865564257
P002,electronics,2023-08-04,466.70903816367485,488.0012459452759,4.363146192456389,48.92820152507913,0.8784775039185094,4.204035109385788,41.78728326853873,0.7244962383829239,0,4,0,8,31,0.8716440971666188,109.22175738837255
P002,electronics,2023-08-05,490.7963860633811,536.8566072692485,8.579613360847933,56.61454378304517,0.8834820144586703,3.979478104911793,146.3394711946028,0.7994591441592205,0,5,1,8,31,0.8791223600955007,112.70942684166381
P002,electronics,2023-08-06,453.4366045751634,512.9587661093926,11.603693214112186,44.69292964781831,0.6898005283364067,3.9472702109621025,85.08363826779934,0.9368485424987807,0,6,1,8,32,0.9160616106384728,155.4097451811699
P002,electronics,2023-08-07,497.7973484952877,496.30722005473325,-0.30024315189089856,58.84857110771601,0.7661102777681172,4.079725441936762,88.71640472987663,0.5436219018052278,0,0,0,8,32,0.9530257339377521,75.62741438129805
P002,electronics,2023-08-08,556.5768019461754,547.8318936668527,-1.5962758613394303,77.60526440748838,0.537299507913325,4.8067770691708445,115.89053016744688,0.8540735337414382,0,1,0,8,32,0.9605786077652202,101.71616787963978
P002,electronics,2023-08-09,418.3165008107156,536.2725202322141,21.995536778655335,33.486003140474594,0.6131223649006343,4.018479963565579,84.15562535451427,0.4790257211238131,1,2,0,8,32,0.9314505774721398,106.09103723843558
P002,electronics,2023-08-10,463.3826013770693,506.80726224699293,8.568279127926271,47.8667259426365,0.5800274734909786,4.409675905524237,35.748605142012636,0.40967478782332895,0,3,0,8,32,0.8860131230496223,64.86202563363295
P002,electronics,2023-08-11,499.95154194376914,554.5607966628426,9.847298086646813,59.53598045655091,0.592044958836057,4.2830983561281375,123.14558530642192,0.7971161873290034,0,4,0,8,32,0.8569391822015336,97.35354350234209
P002,electronics,2023-08-12,562.6794079229435,564.423350613824,0.3089777715581592,79.5526235936577,0.550384118683535,3.9245363500470627,120.71807209646012,0.7270500477159341,0,5,1,8,32,0.8646002188911139,82.96783713500585
P002,electronics,2023-08-13,471.18809067393266,494.17024843597983,4.650655889298146,50.35748011268418,0.6019530465078102,4.285216971158961,60.65399206017413,0.4536039413751201,0,6,1,8,33,0.9017265464186368,62.71078395496322
P002,electronics,2023-08-14,443.8114675755716,554.3939863359598,19.946558131201616,41.62152064228071,0.6727589983396313,4.570117283500858,24.851447397322296,0.4538205514089075,1,0,0,8,33,0.938881994491371,95.37802054319731
P002,electronics,2023-08-15,351.6209450901163,487.9393820752462,27.93757626313261,12.203258751665262,0.6548729469070469,4.396351725816942,53.69550544664968,0.5428749059523993,1,1,0,8,33,0.9466303841875391,167.01338954214526
P002,electronics,2023-08-16,507.6627382003597,528.343614516421,3.9142852772035477,61.9966454452118,0.7198393517177486,4.197245293984459,32.508610878737755,0.6447365420681143,0,2,0,8,33,0.9177020029228327,94.22787746359703
P002,electronics,2023-08-17,525.1167233623719,552.8875125480765,5.022864245516809,67.56626250223627,0.6816590012707957,3.898343995645411,20.91993198646915,0.49843815295920113,0,3,0,8,33,0.8724682715280458,60.6552694653954
P002,electronics,2023-08-18,405.1086025864077,475.7864590639069,14.85495333695611,29.271324684252747,0.5946164504635654,4.328344318545871,8.807674686853984,0.6720497383745608,1,4,0,8,33,0.8436020673395148,146.9129722021293
P002,electronics,2023-08-19,513.4512457410066,558.9190209176182,8.134948619562795,63.843774913573554,0.34179373925124884,4.540941152510111,22.331482820939456,0.9632315811867178,0,5,1,8,33,0.8514747927636256,119.67296709726048
P002,electronics,2023-08-20,458.4235180105713,476.03236681347266,3.6990864551445855,46.28426812289641,0.5367985114973582,3.9285156501185803,40.09281776016244,0.4588267228665639,0,6,1,8,34,0.8888166983727106,66.14567128161607
P002,electronics,2023-08-21,444.6754963494613,475.5072830628779,6.483977808882389,41.897234718587455,0.836322897513225,4.1089121781306,33.355051230022084,0.5898812704368992,0,0,0,8,34,0.9261915499936,98.26577447431603
P002,electronics,2023-08-22,460.8893347858803,520.4408391323523,11.44251178400079,47.07111737501729,0.8441805329015908,4.091526806566982,32.88906004709718,0.9157017853749387,0,1,0,8,34,0.9341631036905099,152.48138639099196
P002,electronics,2023-08-23,394.2714923446466,479.3657385605807,17.75142430317435,25.813171518021413,0.7608735589124417,4.032860828228331,30.553506605174988,0.643000659152529,1,2,0,8,34,0.9054615807508216,156.3700013514658
P002,electronics,2023-08-24,467.9134747510989,482.7236655972865,3.0680473947475972,49.31254071748439,0.5969857734777171,3.87653454896511,66.07276148516577,0.9488495972365962,0,3,0,8,34,0.8604583347823149,126.05814296558844
P002,electronics,2023-08-25,450.46284403336665,498.8140611747733,9.693234594777294,43.74399407331435,0.6300585459876712,4.248509558011426,54.09043106510631,0.5962040610976613,0,4,0,8,34,0.8318261748235166,84.95196445162134
P002,electronics,2023-08-26,525.9703874291738,530.4529570147498,0.8450456400135415,67.83866917058711,0.7196742323765706,4.2186779568988,24.67277505237158,0.6357034458888414,0,5,1,8,34,0.8399364339284563,77.68422487508714
P002,electronics,2023-08-27,437.3441986603691,497.81097681404674,12.146533718613535,39.557796459629714,0.5468464684756357,4.545080218769489,42.463353818928326,0.514663373614687,0,6,1,8,35,0.8775192922831115,80.66739347129524
P002,electronics,2023-08-28,501.58956127287814,485.67401257861155,-3.2770023270887876,60.05867715363516,0.5953920984146747,4.405112861072409,47.966141939750756,0.5241231252533727,0,0,0,8,35,0.9151384443148142,72.76592900556243
P002,electronics,2023-08-29,502.729174828978,514.1261581062255,2.216767829753711,60.42233112959272,0.682240400524126,4.396767641336275,97.3939149895319,0.4021937868067896,0,1,0,8,35,0.9233575736962961,48.68028768063243
P002,electronics,2023-08-30,438.6531349202947,491.0187120677925,10.664680563185522,39.975481799233776,0.7793349323686058,4.325571865797347,65.25742816905334,0.6496424022452117,1,2,0,8,35,0.8949068283529178,127.52619418900242
P002,electronics,2023-08-31,459.179231689471,529.1802748170167,13.228203404170925,46.52541853967271,0.7755665838744314,4.1334335186123194,13.8259012371939,0.4290785394854934,0,3,0,8,35,0.8501574875816478,65.0607271687561
P002,electronics,2023-09-01,515.9899629031099,514.6837843660309,-0.253782725773652,64.653886889593,0.6517727789798483,4.601408148834576,100.05600532377252,0.5923379346165547,0,4,0,9,35,0.821782285183422,67.56864392750558
P002,electronics,2023-09-02,536.8110834666911,549.8012422082818,2.362700871575988,71.29796657459691,0.5032674935774005,4.1936265662171275,62.25207074089739,0.4281786534446004,0,5,1,9,35,0.8301524780702,49.885189309402165
P002,electronics,2023-09-03,451.27674118063857,526.5559411182932,14.296524653729582,44.003711002831125,0.6707045384236455,3.4142543384839983,14.822936161928888,0.8916389385798957,0,6,1,9,36,0.8679981694039689,146.86294430381392
P002,electronics,2023-09-04,381.31814435454254,507.9011398287879,24.922762629931523,21.679720776452193,0.46156932112142535,4.423545259285445,55.378327789135064,0.47587854724214274,1,0,0,9,36,0.9058829757289768,117.65843261938082
P002,electronics,2023-09-05,534.921946760485,548.2737581964569,2.435245392719997,70.69513759747386,0.6863203095242658,4.012132621309065,55.82658384000945,0.7279689637982026,0,1,0,9,36,0.9143705019988548,94.76194835472212
P002,electronics,2023-09-06,412.55798604287463,473.3131865478956,12.83615209374122,31.648444452508066,0.7165403660299704,3.785394729392269,33.511093606515004,0.6824235683895625,0,2,0,9,36,0.8861908166071757,119.57990352388555
P002,electronics,2023-09-07,429.39130147656704,474.12079696618434,9.434198157059022,37.02000400727499,0.6215503927610464,4.7397753137058585,91.18717716850931,0.6073721013404737,0,3,0,9,36,0.8417151185299904,94.19470671617765
P002,electronics,2023-09-08,478.32957752381014,490.07404940016863,2.396468837869148,52.636349184840995,0.5760437713919759,3.7491388173952833,26.316851740357368,0.8835435055200648,0,4,0,9,36,0.8136160604820001,110.91473228397258
P002,electronics,2023-09-09,531.644631575511,570.306356549395,6.77911521235788,69.64933685993202,0.7541737647616189,4.134106495339874,28.957279538654884,0.7304143268168768,0,5,1,9,36,0.8222648175476345,92.52490618655065
P002,electronics,2023-09-10,521.402474240115,557.4083710775956,6.459518497699107,66.38103488382485,0.5944360510201403,4.093894272129899,15.845915722943055,0.7520607447067547,0,6,1,9,37,0.8603914103443027,101.8049775276107
P002,electronics,2023-09-11,533.3944503346095,567.4917944176676,6.008429446640228,70.20770907790478,0.46855439212215233,4.537873854046713,79.57996486694816,0.7876281664579576,0,0,0,9,37,0.8985593721790872,93.94188813128034
P002,electronics,2023-09-12,423.59592276376713,482.5765163216879,12.222019009023647,35.17068192804127,0.6936426460813878,3.764721632666633,52.98454973597921,0.6902781379496779,0,1,0,9,37,0.907332224100528,124.93581862623753
P002,electronics,2023-09-13,488.0528193474056,473.6505668714187,-3.040691489322491,55.739063722958996,0.6747846534156425,4.805423214815346,59.470683463251476,0.4786087711902794,0,2,0,9,37,0.8794399499540523,63.11714103707598
P002,electronics,2023-09-14,502.62386591171276,536.6508023537508,6.340610373225175,60.388726750053436,0.6020074425217755,3.6127984232598034,28.33037311313641,0.5095750781518606,0,3,0,9,37,0.8352536635495557,60.1153312400547
P002,electronics,2023-09-15,566.5041819029261,538.3837449070196,-5.223121474583712,80.77312001326843,0.821696886268132,4.085436196681293,133.9316192896642,0.7888612763566429,0,4,0,9,37,0.8074459318428145,84.08739639229132
P002,electronics,2023-09-16,601.7425059133014,563.0105740988665,-6.879432393685999,92.01777094240417,0.6246137886309038,4.314796065443248,107.44839817012728,0.42619655722780514,0,5,1,9,37,0.8163878435919755,31.813190185961513
P002,electronics,2023-09-17,366.734788342697,512.6915340515753,28.468725542519977,17.02612976910935,0.7686875223202894,4.345850579389951,38.429794192926025,0.8322000214995958,1,6,1,9,38,0.8548093325463888,222.05391480467108
P002,electronics,2023-09-18,481.06581830029234,499.1225749065094,3.6176998424884426,53.50949151648397,0.7659531469589138,4.729953540098291,101.9763069632655,0.6891969506397202,0,0,0,9,38,0.893273844629042,98.02009044851214
P002,electronics,2023-09-19,520.1625090457109,560.6191011923669,7.216413436611402,65.98535841035672,0.7173801164877338,4.798158881769779,34.35321912517679,0.6918654322851248,0,1,0,9,38,0.9023448130142361,97.38632051658792
P002,electronics,2023-09-20,487.0590273741972,534.6042923343183,8.893543437991768,55.42194183510716,0.6259509893667841,4.459447331547303,56.09603067413245,0.53143550383593,0,2,0,9,38,0.8747521332090541,72.79204168654832
P002,electronics,2023-09-21,469.3715770473496,546.3116890848654,14.08355588480987,49.777825369940714,0.754287334810367,4.2224583918750085,120.43067107118277,0.5886604634868433,0,3,0,9,38,0.8308668302471249,79.66368240808339
P002,electronics,2023-09-22,516.0212963967297,562.7058185958466,8.296434949901819,64.66388549787075,0.6823887566040137,4.224896225643753,45.09874947306589,0.545058704487809,0,4,0,9,38,0.8033613818963343,63.29519895826516
P002,electronics,2023-09-23,428.93385831395886,494.4721545565582,13.254193514976391,36.87403257339141,0.7242133155674026,4.274811084818296,49.531160792088386,0.5263170930643678,0,5,1,9,38,0.812606787341747,81.17779648731386
P002,electronics,2023-09-24,447.8951154910831,488.49572756606045,8.311354589992158,42.92462448211995,0.5269737269515654,4.600165723650172,222.50148380607123,0.6918430213217069,0,6,1,9,39,0.851332890400982,98.0205547894282
