synthetic_pricing_mixed_elasticity.csv
product_id,category,date,price,competitor_price,discount_pct,markup_pct,quality_score,rating,ad_spend,stock_level,on_promotion,day_of_week,is_weekend,month,week_of_year,seasonality_factor,units_sold
P002,electronics,2023-09-25,557.6416185107532,567.6316989253964,1.7599581618778206,77.94505044750306,0.7122732161638272,4.155315811530084,72.40082845520607,0.711039775979839,0,0,0,9,39,0.8901030467332893,78.88905048516348
P002,electronics,2023-09-26,507.3461297236275,533.9610808820747,4.984436527561293,61.89561476619849,0.8255145788374904,4.050698242971288,15.21176278852993,0.7054680311125132,0,1,0,9,39,0.8994805989439867,97.56525264610259
P002,electronics,2023-09-27,457.95000557145926,559.8324936685419,18.198745026294215,46.13316893648644,0.7139993742636435,4.036958067823937,36.787703935196575,0.9370511036597887,1,2,0,9,39,0.8721953516927532,183.35539105100085
P002,electronics,2023-09-28,516.1757574502988,515.4083596612023,-0.14889121891636492,64.71317446601293,0.7058370290817895,4.018842320628914,37.85080124565878,0.9212806574906922,0,3,0,9,39,0.8286182389143143,99.65674472169232
P002,electronics,2023-09-29,513.532195297143,559.2131304711977,8.168788013894378,63.869606150648124,0.7267231950848763,4.238588607196328,37.771704172999016,0.4977415926864365,0,4,0,9,39,0.8014216470531541,61.94972183402032
P002,electronics,2023-09-30,399.8399611123016,470.1097697758037,14.947532083201322,27.590085978642147,0.7555941451645842,3.6285166637968085,35.008320186600855,0.5142480976149462,0,5,1,9,39,0.8109764837734955,88.56673846526817
P002,electronics,2023-10-01,517.9436580354925,515.0037921282698,-0.5708435456511065,65.27731664689715,0.45949304500897903,3.789577767440403,18.22339459280943,0.7849478087460366,0,6,1,10,40,0.8500125012017898,95.61278578710775
P002,electronics,2023-10-02,492.1719390527406,522.7227415419433,5.84455200840947,57.05348671334239,0.7579346759756775,4.623608063562975,29.404433650355223,0.7735296377278682,0,0,0,10,40,0.8890929631629731,108.68026918718866
P002,electronics,2023-10-03,499.92369431513964,486.8558634480045,-2.6841272434486587,59.52709419785567,0.6944266060106385,4.347054455247223,85.30610068339534,0.46367801158541166,0,1,0,10,40,0.8987811203121077,59.84151242676302
P002,electronics,2023-10-04,378.56971971037945,501.1519178734933,24.460087608416085,20.802690537455906,0.6804214729031418,3.887318523585826,75.50586253280767,0.9482364964038755,1,2,0,10,40,0.8718066852699258,236.43504750110813
P002,electronics,2023-10-05,512.2040034312096,516.3158056688271,0.79637349708696,63.44577629157363,0.7257533153128984,4.0240413020722094,43.1406939563535,0.4235751670904155,0,3,0,10,40,0.8285404998707883,64.98059490746569
P002,electronics,2023-10-06,462.18786224561677,524.2293502018008,11.834798630084585,47.4854812364295,0.7697586970339199,3.949172498934112,62.903022588621674,0.9169749700503871,1,4,0,10,40,0.8016548584246858,161.74687363964478
P002,electronics,2023-10-07,505.86173091328635,523.6112884149638,3.3898347675825695,61.42193882017462,0.572548089269263,4.403622780515623,52.016669775845685,0.8163180053970367,0,5,1,10,40,0.8115205764545216,88.85002286871485
P002,electronics,2023-10-08,497.7173546156676,549.5055898408255,9.424514724255904,58.82304482977696,0.7297462053117816,4.241849338844238,39.759744232030414,0.7266767992895011,0,6,1,10,41,0.8508673139659068,99.46588087863114
P002,electronics,2023-10-09,534.287099497753,564.176210682119,5.297832595285859,70.49255600305307,0.7695377236401729,4.773818055091957,3.3228605357758103,0.7474778824210295,0,0,0,10,41,0.8902582427107111,90.14434156864877
P002,electronics,2023-10-10,525.2947270313628,531.5746608681765,1.1813832184094695,67.62306398692999,0.7259883234919298,3.9162410076311027,60.759031067127125,0.716386537385436,0,1,0,10,41,0.9002565213459885,86.40915278855238
P002,electronics,2023-10-11,456.28891022020406,514.3386228335926,11.28628301207116,45.603108614111996,0.7033719054901053,4.28057807431329,18.058930671518993,0.985522517670122,0,2,0,10,41,0.8735917705967801,144.2142230387089
P002,electronics,2023-10-12,554.7880902629149,529.8612590313093,-4.70440720221306,77.03448134512684,0.7291006862463814,4.294092110222346,80.4857152145041,0.43936045896701775,0,3,0,10,41,0.8306347405313087,40.3681129386951
P002,electronics,2023-10-13,555.5344850000181,526.8317373169751,-5.448181202829402,77.27265806067092,0.7358344511076003,3.8410326214149944,11.595133956807494,0.8950809253968515,0,4,0,10,41,0.8040576338501673,86.57196705542427
P002,electronics,2023-10-14,427.77612766028113,480.57853886157534,10.987259507337946,36.50459737929043,0.762761121259245,3.927957682191942,138.962002052949,0.6815064976556631,0,5,1,10,41,0.8142311746507501,101.2128592147055
P002,electronics,2023-10-15,491.8767144641977,493.8359034749722,0.3967287507830721,56.959279694788236,0.6665197012555497,3.6618236660424115,31.106511680382216,0.9380479299446468,0,6,1,10,42,0.8538849317241354,122.78617470056544
P002,electronics,2023-10-16,512.4580425966918,538.0529977761645,4.7569580106903295,63.5268409227217,0.6104004146830213,3.792009242964248,114.22041794158235,0.7344548468020853,0,0,0,10,42,0.893581985845675,90.88533069755097
P002,electronics,2023-10-17,427.96264777036896,508.43347581321825,15.827208842639553,36.56411648492621,0.7672293408040401,3.7498570352511,11.811846140040883,0.554257653637067,0,1,0,10,42,0.9038854049608629,93.07604379755568
P002,electronics,2023-10-18,583.390506271979,555.5056996146135,-5.019715671092266,86.16159487235227,0.5552826406258932,4.530199183476483,36.65383026178871,0.7685013101913356,0,2,0,10,42,0.8775247193750338,80.44748105383248
P002,electronics,2023-10-19,526.5864438096322,540.9603300150316,2.6571054119624513,68.03525454022281,0.6848032617683961,4.518043145601381,22.75875065402123,0.6977936627706274,0,3,0,10,42,0.8348705890553364,82.43967995412457
P002,electronics,2023-10-20,531.4947150246511,560.0193267207347,5.093504872968083,69.60149805572492,0.7469578896898391,4.1642741569511825,53.718843328605345,0.6021086208682916,0,4,0,10,42,0.8085951269466362,71.46406494318393
P002,electronics,2023-10-21,517.9259314334728,567.2620357111819,8.697233583745113,65.27166003701376,0.825228366195664,4.248389862798809,79.32576756016554,0.596165260152817,0,5,1,10,42,0.8190689677625266,74.90256951856092
P002,electronics,2023-10-22,412.75712551676605,508.6533574863723,18.852963527754838,31.711990433567255,0.6102745072501883,4.0300104226141675,90.43450592438079,0.8721854796287205,0,6,1,10,43,0.8590215913087159,158.66606946774178
P002,electronics,2023-10-23,428.6198532973488,482.5268858858672,11.171819470650005,36.773832666019594,0.8227034597048872,3.7258188177572493,115.3503772388243,0.5556695026408458,0,0,0,10,43,0.8990159897999634,103.42386855531353
P002,electronics,2023-10-24,438.9948001581065,490.1108047716126,10.429479235277363,40.08450816304957,0.7000720906935975,4.491426559444862,81.04460231032196,0.6427922449891301,0,1,0,10,43,0.9096151430722118,105.31856634918299
P002,electronics,2023-10-25,468.1201994738034,518.626330372018,9.7384432568215,49.37850717333939,0.6283426511575895,4.442878330791566,73.50871874850318,0.6453563414540032,0,2,0,10,43,0.8835484937983823,89.76872892508068
P002,electronics,2023-10-26,438.7762041269402,481.9121858706464,8.951004562330084,40.014753538390465,0.6783085009573462,5.0,93.30252260105293,0.8413124234761487,0,3,0,10,43,0.8411866148163232,139.08411803047892
P002,electronics,2023-10-27,508.67686447732797,544.6924040734806,6.612087726359041,62.32025606810109,0.7685857818608418,3.553880827862562,69.38631437022363,0.5011594290604221,0,4,0,10,43,0.8152015324705134,66.9876836144542
P002,electronics,2023-10-28,467.1814157410996,524.5813077809902,10.942039144073869,49.078938573848205,0.8212368117901903,4.228283788084284,19.644269846321375,0.6504689703378774,0,5,1,10,43,0.8259637954287607,97.34474564912831
P002,electronics,2023-10-29,513.6505986881812,535.3336500024526,4.050380788536666,63.907389014573724,0.6001693224708945,4.3556379052355165,91.45531047166482,0.8021523856266155,0,6,1,10,44,0.8662027980310668,97.467154627453
P002,electronics,2023-10-30,514.045528538953,571.5209871847828,10.05657883692852,64.03341227016664,0.5972882575781215,3.769393225202676,30.750866125749926,0.5923217000838974,0,0,0,10,44,0.9064814476318971,79.61186562655638
P002,electronics,2023-10-31,435.7723380656969,548.4823470363197,20.549432370912626,39.05621120571274,0.7479003143392758,3.941607126090868,190.73571822752564,0.6642607423936276,1,1,0,10,44,0.917362639837455,140.351171395006
P002,electronics,2023-11-01,518.0269989497738,517.0771391984841,-0.18369788166655177,65.30391097325989,0.7967945513140939,4.1667625572936675,39.539008292167395,0.4337999666795439,0,2,0,11,44,0.8915757337464388,45.76976179758631
P002,electronics,2023-11-02,480.5683889154304,485.4706947495635,1.0098046879352927,53.350760363634,0.750249969612929,3.932775340934321,12.597546665245561,0.7550847445979956,0,3,0,11,44,0.8494912193027511,104.01649874159952
P002,electronics,2023-11-03,425.7815409018848,474.0750541500393,10.18689189093467,35.868118986066065,0.7728345213069543,4.4483123994702805,97.71585469213012,0.6861951492269049,0,4,0,11,44,0.8237810406617799,112.5760205138617
P002,electronics,2023-11-04,460.45860985656776,528.7067827140706,12.90851093438915,46.9336718065172,0.5654985516069331,3.9416850983503275,124.55231244714525,0.6054004494765944,0,5,1,11,44,0.8348156650314267,97.28931771151909
P002,electronics,2023-11-05,487.86846099032635,568.003879710809,14.108252000194508,55.6802344389495,0.9786049937813325,4.661499131715766,71.01488170745796,0.4441380125294594,0,6,1,11,45,0.8753244060451297,69.38550279538376
P002,electronics,2023-11-06,523.0102585940031,562.1076425484076,6.955497665384898,66.89408351302396,0.7180071037695981,4.118120003932346,24.115360511391458,0.9027048285433111,0,0,0,11,45,0.9158700911280387,123.90404119157058
P002,electronics,2023-11-07,536.8120980951852,574.1808780931822,6.508189565994649,71.29829034547873,0.714130512410481,3.949671379944706,151.9513561949126,0.6063877817898221,0,1,0,11,45,0.927015536757987,85.48837497676134
P002,electronics,2023-11-08,510.28027227787635,516.789742721079,1.259597454262166,62.83190812649386,0.8548639295024036,4.296064973384649,113.78397822534619,0.620051245855564,0,2,0,11,45,0.9014900237296778,81.89834592125796
P002,electronics,2023-11-09,517.909761342989,564.40005936562,8.237117847734755,65.26650011445533,0.7772314584440705,4.210116930876413,62.67191603206059,0.4032093932165337,0,3,0,11,45,0.859663964530606,51.27115811668349
P002,electronics,2023-11-10,463.1494064495497,478.2886399606674,3.1652923039030725,47.79231276800223,0.5856661008916139,4.226242126104222,59.579697712501215,0.5251911478950586,0,4,0,11,45,0.834209226730293,74.56974869260686
P002,electronics,2023-11-11,486.3018391266137,501.68148836632963,3.065620238410253,55.18032087920659,0.6273640692022853,4.096566766392331,6.8957654631735235,0.5027640463997438,0,5,1,11,45,0.845496201844007,68.18386661515719
P002,electronics,2023-11-12,397.72460132560917,490.5879895086369,18.928997482396138,26.91506856340175,0.679301541090163,3.890692417455808,89.09073420295853,0.9290303838372378,1,6,1,11,46,0.8862541287282154,220.40581679026417
P002,electronics,2023-11-13,446.12221056391235,480.8215291918163,7.216673239700374,42.35888540126269,0.6227682157277165,4.485077158160563,117.1829773682789,0.5695245181974662,0,0,0,11,46,0.9270457609689188,102.58386093990586
P002,electronics,2023-11-14,442.4894603300379,473.28774944961043,6.507307479517079,41.199664313431526,0.619780059196482,3.8558521466964866,105.20505772568185,0.7109309893815565,0,1,0,11,46,0.9384338421644935,108.16141654032964
P002,electronics,2023-11-15,542.3173793034376,546.0235980090243,0.6787652986245813,73.05504147346377,0.6854062563886698,4.598284635481591,193.64585457924807,0.6573324588101264,0,2,0,11,46,0.913147581211491,77.36645305083506
P002,electronics,2023-11-16,537.6986537045348,568.3158964945414,5.387363432706786,71.58119280001851,0.7724591778723122,4.334545636258932,44.107774075156804,0.7095675271152541,0,3,0,11,46,0.8715573197018573,77.07242493989528
P002,electronics,2023-11-17,484.8294150262176,568.6875096399102,14.745900550337591,54.71046609769865,0.7890010126826429,3.8056087812623987,7.97520968081954,0.6709833973113027,1,4,0,11,46,0.846334855333162,107.2086580378396
P002,electronics,2023-11-18,527.2763153934586,542.3395940775762,2.7774624697534023,68.25539455436689,0.6618510585175906,3.803851966978491,64.24264756227426,0.6733964929318552,0,5,1,11,46,0.8578505107930487,81.95343794161916
P002,electronics,2023-11-19,579.3981121928651,556.9951123267294,-4.022117855316865,84.88761039516868,0.8053000027298741,3.981870137947211,46.166055404033294,0.8924415044894382,0,6,1,11,47,0.8988334571750569,97.47317731389037
P002,electronics,2023-11-20,468.5645581147233,494.2343994269691,5.193859703413653,49.520303298575605,0.8082999938516868,3.877085643779383,28.18087907128489,0.6526713426604489,0,0,0,11,47,0.9398463813870596,95.38752955582792
P002,electronics,2023-11-21,535.381485437485,568.2785557299449,5.788898764656715,70.84177771604989,0.8022512793696016,3.8208692768338377,13.487018830591595,0.9035247718236754,0,1,0,11,47,0.9514519614538444,126.78802728817296
P002,electronics,2023-11-22,554.0101193545402,562.8088262157135,1.5633562324058046,76.78622858216566,0.5837934179743717,4.67463502539107,36.06963295180272,0.6743382517717267,0,2,0,11,47,0.9263793418223522,78.52616622101553
P002,electronics,2023-11-23,517.0595997715333,553.8070220974013,6.635420075877072,64.99521110248159,0.7560652519578774,3.718434895291217,22.004009526636228,0.49029729884355133,0,3,0,11,47,0.8849988007779943,49.92016939688491
P002,electronics,2023-11-24,558.7809216648135,553.9627189133834,-0.8697702186315368,78.30860537327362,0.691291527385685,4.763962364826303,73.0022119514361,0.532688566066416,0,4,0,11,47,0.8599820738736396,56.36538032867712
P002,electronics,2023-11-25,449.71678272128867,470.31304066644026,4.37926575796547,43.50592375465845,0.8284437052777384,4.513153632651801,49.177847850632105,0.7224962522039406,0,5,1,11,47,0.8716994228324836,105.27424516304615
P002,electronics,2023-11-26,344.21570222400544,497.2969089962335,30.782658006303336,9.840224373231933,0.6783476802463826,3.9182275377953983,121.40293373753872,0.44775288842322547,1,6,1,11,48,0.9128799589819303,145.71411829323176
P002,electronics,2023-11-27,467.83086606167643,497.4893465849418,5.961631284540783,49.28618004618813,0.7495379815328487,4.31793439681741,35.91131657161702,0.7580337940637303,0,0,0,11,48,0.9540863106797329,115.94938410178095
P002,electronics,2023-11-28,480.57207150921596,484.7828909532547,0.8685990208439094,53.35193548994309,0.6613677524552823,3.5384116881732286,125.45001329688469,0.49835215722816695,0,1,0,11,48,0.9658810986339482,76.4478098701249
P002,electronics,2023-11-29,543.9237080857667,539.9876298358914,-0.7289200774972509,73.567625625576,0.7140917648234756,4.245309872716541,29.07468731328717,0.9362645126571669,0,2,0,11,48,0.9409934112251322,118.39665261047506
P002,electronics,2023-11-30,474.0826538032294,473.4940836923918,-0.12430358289754206,51.281143564206594,0.6637652442453897,4.422546688317039,46.521989108929446,0.4185823620535061,0,3,0,11,48,0.8997934719392904,54.29597858781343
P002,electronics,2023-12-01,555.041835726193,546.501403760271,-1.562746574328714,77.11545225505358,0.7421084990219806,4.210941652996263,94.23441320245827,0.9530360016709968,0,4,0,12,48,0.8749529628130932,111.02079343168228
P002,electronics,2023-12-02,528.183450165298,557.6698521185614,5.287429801206909,68.54486387907178,0.5959801289044526,4.409644701084143,129.7207972232293,0.6719570635155159,0,5,1,12,48,0.8868420933526009,80.21401852661728
P002,electronics,2023-12-03,519.2029141400989,564.9627717892205,8.09962353876902,65.67914890550607,0.60940348586823,3.983134439677151,37.655239394445545,0.5257115345875193,0,6,1,12,49,0.9281899239826312,68.7826978902453
P002,electronics,2023-12-04,381.65770263310344,516.8835347131945,26.16176043508998,21.788074803487966,0.5052657525859185,4.493537341699965,24.719640054974885,0.42382672454334835,1,0,0,12,49,0.9695590334879723,123.81005948296158
P002,electronics,2023-12-05,418.58994643234314,522.0749986054894,19.821874720981544,33.573260427807476,0.5912759661255333,4.15437273415596,136.9375024436968,0.6737955542934391,1,1,0,12,49,0.9815119943480298,168.47012308661343
P002,electronics,2023-12-06,510.6579562254248,537.1527329154801,4.932447526842275,62.952428164577114,0.650843806098107,3.7761822723298333,32.53508528670474,0.8836580487764485,0,2,0,12,49,0.9567778480733159,125.69788174918642
P002,electronics,2023-12-07,513.5272194750887,572.4103996837936,10.28688162221243,63.86801835146479,0.6764044513976821,4.116022637303398,33.29170738638168,0.6078815722472003,1,3,0,12,49,0.9157267726522738,111.42808503090671
P002,electronics,2023-12-08,469.29387992106325,494.5619106790371,5.109174445577634,49.753031992621466,0.6856340470102882,4.1504758304990865,51.240152666055465,0.6385809914396519,0,4,0,12,49,0.8910304060100129,104.38819115472825
P002,electronics,2023-12-09,447.75560146094523,515.5692575613967,13.153161307794985,42.880105152308595,0.7822232182039341,4.1960001458890615,37.86686827951238,0.6694740483581505,0,5,1,12,49,0.9030589149400574,109.34784145493971
P002,electronics,2023-12-10,439.8516397802408,484.88482188791517,9.287397764346629,40.357928160275215,0.648741120302149,4.404963721200321,125.48514285099215,0.6916345251416085,0,6,1,12,50,0.9445413185664002,121.12261766339083
P002,electronics,2023-12-11,347.7808966021481,560.1824551815239,37.916496065652076,10.977888192456932,0.6322407570221548,4.3187206387395145,55.668594829350724,0.43122750325367887,1,0,0,12,50,0.9860401557969454,149.0076868206184
P002,electronics,2023-12-12,464.2945343120716,475.02083911129967,2.258070365775011,48.15772637505956,0.7906544157109964,4.2216756144713745,179.54435257491312,0.9929572690859121,0,1,0,12,50,0.998117960669974,158.60762388863213
