synthetic_pricing_mixed_elasticity.csv
product_id,category,date,price,competitor_price,discount_pct,markup_pct,quality_score,rating,ad_spend,stock_level,on_promotion,day_of_week,is_weekend,month,week_of_year,seasonality_factor,units_sold
P002,electronics,2023-12-13,577.9420724840572,571.7845040894958,-1.0769036849584892,84.42298392032032,0.743866796255826,4.710469821015857,48.606637195389396,0.6997710471992572,0,2,0,12,50,0.9735037377020244,92.53988396058507
P002,electronics,2023-12-14,550.918367441162,538.4826558628356,-2.3093987230470883,75.79964162033431,0.60971910730372,4.442779409472596,54.662678540240165,0.7773430869541691,0,3,0,12,50,0.9325676293456789,96.69449939575482
P002,electronics,2023-12-15,495.8188485855362,511.4596309818283,3.058067821749117,58.21722607433896,0.6294120985939784,4.307894747364635,53.280748348414356,0.8088763675103028,0,4,0,12,50,0.9079812394588177,113.80362553020157
P002,electronics,2023-12-16,514.6777227448239,566.2822979710056,9.112870985210266,64.23514726648334,0.7364561477355457,3.995947957095615,14.928841223351531,0.4133216877927102,0,5,1,12,50,0.9201147022464821,58.58241140225809
P002,electronics,2023-12-17,548.128125830445,570.6398603084563,3.944998596109758,74.90926746657989,0.5351024162108696,4.371715569692371,23.527560341283092,0.6413768068457912,0,6,1,12,51,0.961697005732569,76.71007267167846
P002,electronics,2023-12-18,534.189629781329,553.902932471694,3.5589814631235,70.46145313513497,0.5518419228448631,3.7981590675126733,55.42079019819214,0.5168762815863561,0,0,0,12,51,1.003290659222508,75.80429834260212
P002,electronics,2023-12-19,434.9863067245656,470.7769140580971,7.602455911658112,38.80538633538749,0.5603788185624967,3.9077128317520113,25.42070869253636,0.42419514383257045,0,1,0,12,51,1.015458168658467,75.47779807928225
P002,electronics,2023-12-20,449.54438473686963,503.1485194239999,10.653739923252846,43.450911060095905,0.474720660526866,4.300790452032174,40.1597361136791,0.5243695135298414,0,2,0,12,51,0.9909285119755846,94.70869943610522
P002,electronics,2023-12-21,478.6657002283897,483.33769061862233,0.9666099873678311,52.7436069103004,0.5318119644977461,4.397160330388816,44.797779067246694,0.7984444727199005,0,3,0,12,51,0.9500718065676341,115.7670617693603
P002,electronics,2023-12-22,494.29301611405003,502.80206256076724,1.6923252866904828,57.730328527419566,0.7530683123010047,4.000969152834154,51.469432403855,0.7039299999451283,0,4,0,12,51,0.9255596327636872,102.52005118287943
P002,electronics,2023-12-23,538.0863187609108,531.6291234268624,-1.2146052669999596,71.70489783874534,0.7385469475848243,4.114712966833999,85.22346634234515,0.6157258867120021,0,5,1,12,51,0.9377621027769568,78.3823431143135
P002,electronics,2023-12-24,469.12474850421984,486.01442275335467,3.4751384852844356,49.699061669203296,0.7402268077201297,4.596298736862213,54.30112403319167,0.8756220434684509,0,6,1,12,52,0.9794081841830092,132.3867398027243
P002,electronics,2023-12-25,546.3668999044019,566.3228543696484,3.523776995978526,74.34725518870118,0.6078346880221737,3.8685821084706977,80.12842544097283,0.9479235770885034,0,0,0,12,52,1.0210603673884986,138.45258756111002
P002,electronics,2023-12-26,450.56362949027886,481.34552982118004,6.39496960579163,43.776155003595186,0.8268583235647469,4.347423826906658,16.012320247220753,0.8176188441934682,0,1,0,12,52,1.0332811409919762,153.01315674689866
P002,electronics,2023-12-27,444.22740405809526,505.1199677604914,12.055069605022837,41.75424717471437,0.9540391097681433,4.220505133095939,149.00358273637727,0.6388523069417386,0,2,0,12,52,1.0087994671452616,113.36669008043023
P002,electronics,2023-12-28,467.7879936559791,489.848370228397,4.503511272709153,49.272499337752144,0.666068881286184,4.187598838557249,50.762937815684424,0.8159257253313207,0,3,0,12,52,0.9679854490237761,132.07569252520162
P002,electronics,2023-12-29,537.230505446502,544.095852271307,1.2617899578072316,71.43180533927799,0.807843074419871,4.133256560010043,52.68506595737338,0.8729651249024978,0,4,0,12,52,0.943510654307421,110.9880575120241
P002,electronics,2023-12-30,461.3689153352626,501.26697386234804,7.959442893207991,47.22415291293389,0.7280045342697404,3.397629861553758,8.223828145566875,0.7630609733422904,0,5,1,12,52,0.9557451841331864,128.69311603100422
P002,electronics,2023-12-31,436.4594368926745,476.85777567297026,8.471779394450099,39.275466425141076,0.7425133246713721,3.869467691118068,49.42215376687648,0.5236442679623051,0,6,1,12,53,0.9974179965766226,97.57185830552002
P003,electronics,2023-01-01,751.5262353093879,793.651838823438,5.307819052810343,67.97059923758171,0.8418402546036582,4.098469264555554,82.09764339338237,0.6775715631602377,0,6,1,1,1,1.0,101.75572993850058
P003,electronics,2023-01-02,653.49172155173,752.9106815008148,13.204615420106407,46.05930027266981,0.5679107717493839,4.842902116375473,33.92366471138701,0.4295641921496629,1,0,0,1,1,1.0416735775467767,103.4147908978726
P003,electronics,2023-01-03,703.3483627965857,748.2456235893243,6.000337239176499,57.202557170978814,0.6348089964614363,4.213461970697911,65.95135852923815,0.5400377616748762,0,1,0,1,1,1.053909637352503,99.48507324774693
P003,electronics,2023-01-04,826.2249283057711,782.0140553416857,-5.653462704678418,84.66620297748472,0.6739963749819555,3.935996405492771,61.166702614415655,0.6622202352698625,0,2,0,1,1,1.029437137039366,91.20242619078789
P003,electronics,2023-01-05,644.8234049845357,709.591714580912,9.127545920491585,44.12187978119053,0.7401464141866995,3.764250480873691,73.0488340346609,0.7977437514067395,1,3,0,1,1,0.9886261770644701,189.32458082817908
P003,electronics,2023-01-06,747.5780234468216,776.1320485370644,3.67901636635989,67.08815032054667,0.7187800338042521,3.9638477790039013,58.296866846345296,0.8293975912433869,0,4,0,1,1,0.9641483242015259,130.18539163511971
P003,electronics,2023-01-07,636.5103555515909,671.6777612563253,5.235755556199484,42.2638636147043,0.6998732146512503,4.380281514213518,55.46163120755108,0.672689639773214,0,5,1,1,1,0.9763736804937138,109.97094713375762
P003,electronics,2023-01-08,616.5442783739243,678.2753586080889,9.101182794086025,37.80132619367093,0.7192651532648024,4.309618272577542,48.49854281076171,0.6713097636160648,0,6,1,1,2,1.0180312067349029,142.63110447853455
P003,electronics,2023-01-09,641.2444493826027,688.554133794003,6.870873630620595,43.321961842392426,0.7232860611964576,3.8594686436352865,24.383209851594476,0.47820443414144315,0,0,0,1,2,1.0596833899403912,90.35427275395766
P003,electronics,2023-01-10,557.6607231576074,707.9225442251395,21.22574316827302,24.64050014366328,0.660638841796699,4.31472999470776,14.453410865558334,0.9174604780846941,1,1,0,1,2,1.0718927187087335,311.49057892431074
P003,electronics,2023-01-11,724.8720249442018,755.3970202163052,4.040920794652143,62.01322412957671,0.5420372547444824,4.022609565991039,76.87267263793893,0.5077955734179472,0,2,0,1,2,1.0473881585830995,82.56433499566192
P003,electronics,2023-01-12,525.6951464255682,692.2427138901189,24.05912899084514,17.49600295063433,0.6655522791247547,3.975175203912908,64.25564924061653,0.6649283733278983,1,3,0,1,2,1.0065398195206088,241.4520055733106
P003,electronics,2023-01-13,683.6898871587929,736.2632860478974,7.1405704841412305,52.808770530093184,0.7231257747184083,4.17447804755246,40.01405243679854,0.9973625210821035,0,4,0,1,2,0.9820192793712017,163.85364126136938
P003,electronics,2023-01-14,756.5074515003441,768.0767961513035,1.5062744648622806,69.08393078772038,0.6075937192658935,3.823948196288472,42.12834254122079,0.8229466796388016,0,5,1,1,2,0.9941966528272232,118.00965918540061
P003,electronics,2023-01-15,684.1509302089437,705.6609447600986,3.048208167233566,52.91181640363647,0.7143764643108584,4.174586870141144,56.361239963298594,0.4548897747577883,0,6,1,1,3,1.0358009149008924,77.09034865767265
P003,electronics,2023-01-16,630.1352344446813,753.9868970461949,16.426235401001342,40.838985996028846,0.7268050427589753,4.414552317038417,48.046197773698886,0.9867960542429408,1,0,0,1,3,1.0773945683908295,275.4517058074909
P003,electronics,2023-01-17,718.3421173560496,777.399284870186,7.596761234993682,60.55375080846714,0.5888221700865557,3.9100862718623794,86.39909810251227,0.5113155851546315,0,1,0,1,3,1.0895401192392071,82.60167585191701
P003,electronics,2023-01-18,714.2368082131289,734.716554374321,2.7874349692082987,59.636189711604004,0.6176163130358845,4.557327204943857,44.525321394330774,0.6546334108435062,0,2,0,1,3,1.0649665518879692,108.91474059836976
P003,electronics,2023-01-19,720.2567154882746,751.8569357356545,4.202956539392774,60.98167491871007,0.7684661230543745,4.520974030623291,83.95211846492043,0.7342285517153405,0,3,0,1,3,1.0240439967425656,123.88544696239165
P003,electronics,2023-01-20,733.633428427694,747.7255026271968,1.8846587618035082,63.97145010245782,0.6918932894564582,4.723375161022575,91.24146024238215,0.7954933267600806,0,4,0,1,3,0.9994440536447635,126.02484313256382
P003,electronics,2023-01-21,770.8152141562813,786.2626393204254,1.9646647814139362,72.28180114028028,0.725431562655371,3.9894748673607645,8.622933185100525,0.44025623957792726,0,5,1,1,3,1.0115368608157156,67.2830866664153
P003,electronics,2023-01-22,736.2815254436794,712.04849085755,-3.4032843124131302,64.56331559126701,0.7331918447707887,5.0,19.82016260835546,0.939945726012803,0,6,1,1,4,1.0530514183264557,137.94408079143898
P003,electronics,2023-01-23,670.8159079021716,711.3864660645447,5.703026427648144,49.93135932512489,0.765965229877725,4.073160343617041,58.34650100858729,0.6067035360364379,0,0,0,1,4,1.0945502555570021,114.68623088805025
P003,electronics,2023-01-24,618.0590544853953,731.2094108325293,15.474411936015017,38.139887695851655,0.7365759986092915,3.617529659813934,53.14841247791568,0.9084130323456201,0,1,0,1,4,1.1065959065456323,207.78320055285675
P003,electronics,2023-01-25,743.5138703123382,777.630708830614,4.387280251519391,66.17978783721776,0.8667256841749533,3.5628021545623096,67.79097406776742,0.7932299196780719,0,2,0,1,4,1.0819173853367738,131.41731200646933
P003,electronics,2023-01-26,762.5582895995584,819.2419156282645,6.919033919942467,70.43632921862304,0.8677789754745502,3.9530369245577734,83.8989489707801,0.6508789598761736,1,3,0,1,4,1.0408848534359698,139.16495081497627
P003,electronics,2023-01-27,804.8552593059726,773.5446992163776,-4.047673020229275,79.88995440656528,0.7008788442632071,4.217359214228027,40.402911701526854,0.9174009498638389,0,4,0,1,4,1.0161699432734734,124.4105765483393
P003,electronics,2023-01-28,743.144292032772,794.4840994708633,6.462030828846583,66.09718488582728,0.537899171542366,3.990651213523831,73.84428254618965,0.7639073351939314,0,5,1,1,4,1.02814282713766,112.87010830265997
P003,electronics,2023-01-29,697.5493807497706,702.9993747791133,0.7752487733086535,55.906450071044375,0.6093097125277939,3.494863244212692,146.80398214463546,0.4546824034538244,0,6,1,1,5,1.0695325406354277,70.86375853833275
P003,electronics,2023-01-30,670.0442026274638,735.8078967937232,8.937617339094096,49.75887859013884,0.5179601951928163,4.556292341807672,148.3549068588066,0.4934509737193179,1,0,0,1,5,1.1109016501407698,124.79174927454129
P003,electronics,2023-01-31,834.6568963190172,792.0341002916234,-5.381434462442991,86.5507981564594,0.6456393103906947,4.797610990787793,159.96659956066077,0.5064891009946071,0,1,0,1,5,1.1228127281330877,69.43406875439088
P003,electronics,2023-02-01,604.1847598729836,697.400377127656,13.366155269171847,35.038900038266895,0.6136134033604299,4.073081819692266,62.243376008246166,0.4055449530433086,0,2,0,2,5,1.0979948285336936,96.49031617075828
P003,electronics,2023-02-02,620.1038395745131,769.2984387370055,19.393591829905752,38.59690936800897,0.5229518862223921,4.026565962385307,40.6582743358663,0.5128351398874453,0,3,0,2,5,1.0568181541489547,113.22319300301324
P003,electronics,2023-02-03,670.8529435151679,710.2917862025873,5.552484690590353,49.93963700568458,0.6207068450060119,4.938298867752774,84.52640312285916,0.5937872400182849,0,4,0,2,5,1.0319543801216537,105.51956936577017
P003,electronics,2023-02-04,613.0196578050864,734.7442709439633,16.566936001078467,37.013552459079904,0.8693547133413672,4.245422217187434,39.499409435680576,0.5736987190718318,0,5,1,2,5,1.0437737228517414,127.98933443804235
P003,electronics,2023-02-05,694.8406665309013,731.3467634951518,4.991626241673027,55.30103627558382,0.5016003316853045,4.1863494433859145,25.35098963062474,0.9194363422640762,0,6,1,2,6,1.0850052634436675,154.63355864523257
P003,electronics,2023-02-06,834.0840110820652,817.588513057469,-2.0175794744118085,86.42275488661191,0.6101200189756162,4.36530511806789,26.632694595392188,0.6725004821006584,0,0,0,2,6,1.1262116151414716,92.90052482607938
P003,electronics,2023-02-07,739.1497167363367,693.426570110258,-6.593797901169043,65.2043734645924,0.8691834837524584,4.663571313829106,10.097160683819546,0.7099279062335573,0,1,0,2,6,1.1379553986532058,111.60864891515315
P003,electronics,2023-02-08,719.7529859516272,719.9757455660831,0.030939877603890054,60.86908836065133,0.744982721372651,3.9877343144117683,31.901076473082885,0.9127704778911012,0,2,0,2,6,1.1129657174731469,149.2621101677712
P003,electronics,2023-02-09,673.5412702553092,709.111636972268,5.01618713646211,50.54049407796237,0.7275984492912472,4.812677352153238,75.5927907844182,0.6391355344864765,0,3,0,2,6,1.0716128253102524,107.56957859078555
P003,electronics,2023-02-10,764.7323819454978,769.3836893761677,0.6045497837940079,70.92225183447815,0.833932658948,3.9940383740538694,109.94696838918546,0.9147335111477439,0,4,0,2,6,1.0465684495244354,150.66024386280637
P003,electronics,2023-02-11,697.681462869558,736.3385232513598,5.249903293271761,55.93597121317738,0.6590577426969182,4.269197377562508,83.0931712655844,0.48439200354020007,0,5,1,2,6,1.0582028600318458,84.01623866324391
P003,electronics,2023-02-12,756.2944386491611,819.0707390607002,7.664331957888063,69.03632114406795,0.5868932764497412,4.17981676052594,18.85933257383385,0.5549586147322981,0,6,1,2,7,1.0992451927363418,92.70166182163008
P003,electronics,2023-02-13,740.961024220483,758.5453434539371,2.3181632298191035,65.60921149847728,0.6749763834342926,4.1046629358263065,106.21367744506256,0.7927727161092777,0,0,0,2,7,1.1402581169483432,125.58619186542644
P003,electronics,2023-02-14,687.4036075630294,710.2141387088357,3.2117821798472876,53.63880920657882,0.7898117324122347,4.0896646420286835,82.44295291696145,0.5974034377973397,0,1,0,2,7,1.1518043106926412,106.35274278586796
P003,electronics,2023-02-15,709.964347173683,756.653854943803,6.170524007121813,58.68126916818543,0.7690925292130008,4.205390852165661,50.1535767214697,0.9521181916445643,0,2,0,2,7,1.126612936013625,176.8509228930999
P003,electronics,2023-02-16,666.9780946315705,741.2622656517326,10.021307499694469,49.073585152331795,0.6657851348872761,4.258523077626781,73.83892827725369,0.42692860988363085,1,3,0,2,7,1.0850543063863884,108.10654782577805
P003,electronics,2023-02-17,562.3887825834595,673.0254984019782,16.438710878148434,25.69724964578056,0.7118311148116669,3.9919377331613446,54.44797966935741,0.9166052927848082,0,4,0,2,7,1.0598002101352957,234.39582890530426
P003,electronics,2023-02-18,654.1182898657003,671.7731978036056,2.628105437315592,46.19934203064986,0.5048397087117112,3.8053676078850467,119.79337707527027,0.48038492004986877,0,5,1,2,7,1.0712209793211964,85.70311717869944
P003,electronics,2023-02-19,726.7382951495819,779.2291310486461,6.736251740027328,62.43034665971417,0.7410673973274798,3.786487658303794,33.038211710110566,0.8862597481439023,0,6,1,2,8,1.1120458131544833,152.22288649092437
P003,electronics,2023-02-20,665.0783259314538,692.0090827716487,3.891676787294644,48.648975508677744,0.6702133195043138,4.430709496632683,32.229453125707266,0.6963082088449368,0,0,0,2,8,1.1528374453951857,130.23949716075722
P003,electronics,2023-02-21,715.7360023877264,766.2738292487213,6.595269854190855,59.971268557889346,0.6839536448182955,4.358192908019869,52.0555485857691,0.7640317478693393,0,1,0,2,8,1.164158619641682,143.61363386917657
P003,electronics,2023-02-22,671.8019812052343,743.1411437236775,9.599678758328757,50.15175259394994,0.703218508703684,4.4618451249535,84.05048248731941,0.5293838576355095,0,2,0,2,8,1.138738564616494,106.9989161156932
P003,electronics,2023-02-23,760.2716876912185,759.6531722367325,-0.08142076898919548,69.9252600440339,0.7980262952721683,4.969695472450689,54.27950453981096,0.49450032884548234,0,3,0,2,8,1.0969476615576388,71.34471795923614
P003,electronics,2023-02-24,817.7527567743857,804.3833779931063,-1.6620655208758093,82.77262207224257,0.646812224971067,4.3502751987257575,20.788527913611606,0.7861312737924505,0,4,0,2,8,1.0714577676171102,103.057603896826
P003,electronics,2023-02-25,542.9932257697992,707.7738370135417,23.28153466918694,21.362226931376085,0.8003690711112001,4.108954911042979,42.66652804606802,0.8689138777198403,1,5,1,2,8,1.0826392847277027,321.42265217949125
P003,electronics,2023-02-26,743.471997689393,798.1120862350389,6.846167285024007,66.17042905606375,0.644489077207165,4.203650904684872,46.48855327678997,0.5936102242466922,0,6,1,2,9,1.1232214829953622,102.705106244323
P003,electronics,2023-02-27,759.0833553562305,756.3317074720737,-0.36381495803655994,69.65966067434704,0.42145941272743187,4.529458835473023,51.17069163747084,0.755148642651442,0,0,0,2,9,1.1637671680782726,123.17230262043574
P003,electronics,2023-02-28,762.5257123697809,778.5673811813515,2.06040854000715,70.42904801332357,0.6060844430229317,4.084683787022124,42.44658090394441,0.7325935588501933,0,1,0,2,9,1.1748391564542628,128.43431042945286
P003,electronics,2023-03-01,619.6805432259714,793.1159962082438,21.867602445473118,38.50230010757462,0.829070551531213,4.618904251173554,40.59165807930942,0.6256250746654939,1,2,0,3,9,1.1491667506850072,198.53757702660303
