synthetic_pricing_mixed_elasticity.csv
product_id,category,date,price,competitor_price,discount_pct,markup_pct,quality_score,rating,ad_spend,stock_level,on_promotion,day_of_week,is_weekend,month,week_of_year,seasonality_factor,units_sold
P003,electronics,2023-03-02,755.983097665189,816.9375884855624,7.46133997009132,68.96673457584458,0.6348111417468618,4.107311995620628,4.75965021544007,0.7089576972354896,0,3,0,3,9,1.107120406785493,121.00498925204417
P003,electronics,2023-03-03,717.0053595396574,713.875131061949,-0.43848403474316067,60.25497745777703,0.8997280502284648,3.9053180239565544,14.988545591201138,0.6988778045103883,0,4,0,3,9,1.0813720576003483,117.53618658743292
P003,electronics,2023-03-04,744.1234630018323,716.6962157589339,-3.8268999667948105,66.31603544180474,0.6872593127610039,4.2307936585618995,39.330500444407825,0.9229274084248759,0,5,1,3,9,1.092292181648235,146.8334281713626
P003,electronics,2023-03-05,590.6365212088974,687.1484227663526,14.045277317077046,32.01078783126794,0.5130097317083587,3.924839195960509,22.527852375690795,0.6725624346162551,0,6,1,3,10,1.1326101264915045,156.70507120369004
P003,electronics,2023-03-06,574.9359841868874,675.6001866916853,14.899966650059067,28.50162409481744,0.7687238450395288,4.06926308111291,23.978409557911686,0.5540989447402351,0,0,0,3,10,1.1728887760923337,137.03605405117128
P003,electronics,2023-03-07,680.979807336535,799.2523854525791,14.79790117224009,52.203051514124404,0.8336381803453188,4.22102654256257,31.233680253357473,0.745329704698662,1,1,0,3,10,1.1836910260569278,206.66786060112372
P003,electronics,2023-03-08,705.6297124090788,746.442115904632,5.4675912071348804,57.712452426096746,0.6388822847980673,4.041601793470316,122.84413373107675,0.6785990468770917,0,2,0,3,10,1.1577462588762735,128.97119957113236
P003,electronics,2023-03-09,667.3795356191432,721.5273350498248,7.5046081832703475,49.16330960914116,0.4706058415153478,4.290788289458945,89.41330287989288,0.8335670349006697,0,3,0,3,10,1.1154250112719224,166.14225850852202
P003,electronics,2023-03-10,747.8631409954482,762.4194092494696,1.9092205782576568,67.15187579445013,0.6224955036983759,3.943651961178584,35.95758826807092,0.9879486596694282,0,4,0,3,10,1.089399297548404,156.76603297935358
P003,electronics,2023-03-11,676.3206178527911,757.0872462808255,10.668074099094746,51.16169485513334,0.7124041807772021,4.769066746849521,36.375315299351016,0.9619393669948036,0,5,1,3,10,1.100039678413478,192.91894795031595
P003,electronics,2023-03-12,734.7556402824712,778.1154697867717,5.572415815892003,64.2222711501633,0.6035210262370314,4.075610847355791,26.86699091619202,0.8867383350408147,0,6,1,3,11,1.1400755843234385,157.3922552661255
P003,electronics,2023-03-13,586.4291536295541,740.8973179930489,20.848795185535284,31.07041606470661,0.5018756379446219,4.066977098034435,30.88449046668956,0.9172917749758731,1,0,0,3,11,1.180069982814686,316.63884703510996
P003,electronics,2023-03-14,705.9596727811457,748.7966451201278,5.720775142109487,57.78620053869313,0.6909792824992164,4.348387391872286,139.16440308214567,0.5467697644313596,0,1,0,3,11,1.1905858537231626,106.92798474530363
P003,electronics,2023-03-15,648.8890671507393,700.7079895687555,7.395223572362528,45.03057954211588,0.8489599409447649,3.8188913861024743,109.37932824123813,0.7704125505928403,0,2,0,3,11,1.1643526644001514,169.43951825491763
P003,electronics,2023-03-16,702.8351945385508,691.2247596135952,-1.6796902546497314,57.08786100235293,0.5229755824024513,3.8739074239048183,9.793231613050603,0.7260819219888179,0,3,0,3,11,1.1217410370329082,125.34697199149072
P003,electronics,2023-03-17,561.7654743680266,766.2629800773694,26.68764001735994,25.557936539282203,0.6949199211380466,4.248194982105935,80.28524868797605,0.6410762022000183,1,4,0,3,11,1.0954230719717541,235.87676704150007
P003,electronics,2023-03-18,618.9535431234896,675.8782656921366,8.42233364470642,38.33981124541349,0.7318372939514666,4.286475473360798,31.825320627588784,0.5625455339481227,1,5,1,3,11,1.1057694165248269,155.96101760181355
P003,electronics,2023-03-19,670.7184308541441,731.954341841013,8.366083440785161,49.90957262307803,0.6356816657972969,4.409685921515226,29.380132996419274,0.40346239677578083,0,6,1,3,12,1.1455095882777262,77.19621002038113
P003,electronics,2023-03-20,594.5627864879615,772.320514330557,23.016056746424113,32.888331555897324,0.7967973744274335,4.480760648765953,68.89362590099158,0.8432668173511586,1,0,0,3,12,1.1852066423992647,298.1076771291663
P003,electronics,2023-03-21,756.9087260933826,806.6775986965409,6.169611339595486,69.17361805435816,0.7648881925903839,4.024679707021191,50.08317122310254,0.8751439230533422,0,1,0,3,12,1.1954236468349397,155.4552073257459
P003,electronics,2023-03-22,742.8853551924128,759.0054332800332,2.123842252084766,66.0393109564868,0.6343375929200294,4.462196925302065,53.09988145927209,0.47649983600319146,0,2,0,3,12,1.1688901574966195,83.51962757882325
P003,electronics,2023-03-23,744.6257622489169,809.5136836006559,8.015667019132074,66.42830232160921,0.683876474532073,4.412262705280251,40.64882314748948,0.6855653305286344,0,3,0,3,12,1.1259768855569363,114.13236446784761
P003,electronics,2023-03-24,711.3352589700562,776.1069256518645,8.345714300565671,58.987676137256685,0.8368094236814898,4.790075088752476,48.49922928157283,0.8172930755065901,0,4,0,3,12,1.0993560207500068,148.33971814631877
P003,electronics,2023-03-25,762.4180003350345,786.0810984104992,3.01026167952808,70.40497373065533,0.5611377985465016,4.131079400550645,44.20462227781939,0.5491214463562557,0,5,1,3,12,1.1093983001397016,83.478258825488
P003,electronics,2023-03-26,786.5509668364355,765.5699326279155,-2.7405770935255953,75.79883578651821,0.6485061293566727,4.062990715493027,64.31185633034207,0.7041580696463167,0,6,1,3,13,1.1488333314126897,103.48342745381986
P003,electronics,2023-03-27,667.781789457365,714.4154739811362,6.527530018898015,49.25321574292225,0.5992197668401495,3.8649402084201165,182.15106307919106,0.8316821387880287,0,0,0,3,13,1.1882242601574946,174.7404257181093
P003,electronics,2023-03-28,796.4936540467472,793.4602360131496,-0.3823024640578536,78.02108572308946,0.6882332697807146,4.063359883125078,60.09983756731422,0.8393804623649086,0,1,0,3,13,1.198134245031168,132.22091051541614
P003,electronics,2023-03-29,800.9128000905168,811.8244207019721,1.344086274470559,79.00879124049537,0.8783270810395837,4.881760932569907,78.01453261230776,0.9254302219353636,0,2,0,3,13,1.1712929329221018,147.86712193696164
P003,electronics,2023-03-30,773.6778650331702,780.2589680439758,0.8434511207610558,72.92162069761225,0.52621953841535,4.205414175740468,113.07382088889749,0.48337594314934973,0,3,0,3,13,1.1280711262174576,69.9792149914297
P003,electronics,2023-03-31,775.5086431520192,767.8443948847141,-0.9981512293849351,73.33081053456787,0.832448262584107,3.913635206752657,91.40762731135291,0.8830106159407767,0,4,0,3,13,1.1011411060768612,137.84606270944724
P003,electronics,2023-04-01,623.5417939074173,702.1474772837128,11.19503892264698,39.36531268158273,0.6768940463159101,3.842437588742625,169.36398039722695,0.965380562740724,0,5,1,4,13,1.1108737011735819,208.08328377756342
P003,electronics,2023-04-02,536.5541401749207,717.4455636915478,25.21326114079896,19.923052867853787,0.6663133794959466,4.6568133897888515,25.325760361002853,0.779606220904816,1,6,1,4,14,1.149998610960428,309.5732824762259
P003,electronics,2023-04-03,761.1620035131214,799.9642167846192,4.850493616759473,70.12425094427061,0.8972344479082199,4.3392753714369015,77.49670277459802,0.9990527403542644,0,0,0,4,14,1.189079072921612,179.07812667954633
P003,electronics,2023-04-04,672.8535391184733,748.6873411148533,10.128901322607858,50.386782064008386,0.7845851184469004,4.097356031062962,73.54734779253943,0.9126075896696293,0,1,0,4,14,1.1986783377121948,188.88174298157386
P003,electronics,2023-04-05,773.1346704482197,757.8271229799376,-2.019926049636444,72.80021346570214,0.665489590318081,4.21321877022198,7.2768504434294,0.8833484958647402,0,2,0,4,14,1.171526144293633,145.40962734619055
P003,electronics,2023-04-06,736.0373512525401,757.3362325816979,2.81234152188277,64.50874120214124,0.7816221872557192,3.8824295165230436,98.60806747163389,0.4071228080016156,0,3,0,4,14,1.1279933871739307,75.25623007716455
P003,electronics,2023-04-07,650.3962302259239,820.055254120932,20.688730794960414,45.36743948524654,0.7097434110297303,4.131917260158623,67.14701607928247,0.7294864091448707,1,4,0,4,14,1.1007524396540342,203.44831782617263
P003,electronics,2023-04-08,717.8916478542722,705.7639059927776,-1.7183851084641164,60.4530681860958,0.6103333505666618,3.2906418502529737,72.64783524513038,0.5002805889215843,0,5,1,4,14,1.1101742225417026,84.22844307746423
P003,electronics,2023-04-09,687.0036263779596,681.6927122697715,-0.7790774365923365,53.54941102434201,0.5577123092188445,4.33838162529535,22.064403619036383,0.4662365405499603,0,6,1,4,15,1.148988527390112,89.00126313157268
P003,electronics,2023-04-10,616.152889205709,713.6879189125526,13.666341705133226,37.713848378484414,0.7807261056335641,4.209964968903945,193.5821257553832,0.9694477619096901,0,0,0,4,15,1.1877586837224199,241.9438471761025
P003,electronics,2023-04-11,741.2838815938619,715.3199091215317,-3.6297008011724348,65.68137204847113,0.6745523923354658,4.062592445095634,70.76150952979903,0.5743857815839186,0,1,0,4,15,1.1970480341439422,103.20788102428563
P003,electronics,2023-04-12,769.8457313331977,815.8728174879935,5.641453565827758,72.0651159427544,0.6178840291804664,4.361255138091943,40.85968573822426,0.6855437964839204,0,2,0,4,15,1.1695864094504522,109.11324067608749
P003,electronics,2023-04-13,517.4246639597274,709.3404785016978,27.055528389884646,15.64750075536594,0.5848318890965656,4.833388900229876,23.52766309891017,0.5133578882589714,1,3,0,4,15,1.1257447958411195,207.17040398341803
P003,electronics,2023-04-14,620.6074739317354,747.507249247033,16.976393933720935,38.7094746528981,0.8288880002051845,3.8668237923929873,123.72445060178337,0.955473129696741,1,4,0,4,15,1.0981956581377326,295.4695231508974
P003,electronics,2023-04-15,722.0848233992863,802.4024002898985,10.009638164291943,61.390267948276346,0.6646735864561841,4.13235197299961,62.340600637873166,0.8891081391819334,1,5,1,4,15,1.107310008471454,205.77833090208742
P003,electronics,2023-04-16,801.9199566012303,767.626057274182,-4.467526734152937,79.23389673207001,0.7826943460465196,3.7463981063815273,50.8770019097804,0.6090867854773931,0,6,1,4,16,1.1458177294943594,77.69021065203108
P003,electronics,2023-04-17,712.8555505497467,740.2749069462121,3.703942432626272,59.3274703795047,0.6820380278594367,4.717708137844431,54.86903340197156,0.9574125314300806,0,0,0,4,16,1.1842822415770111,175.46311330986305
P003,electronics,2023-04-18,685.9373162832375,741.1338036778409,7.44757385517885,53.31108435367053,0.7159840577165396,3.8342140842521815,24.930097134295256,0.7742633143905118,0,1,0,4,16,1.1932669778937135,145.53533546825884
P003,electronics,2023-04-19,678.8108650576513,739.8288588595564,8.24758227138694,51.71827996899552,0.7670049671815523,4.495619913435015,10.296984452225479,0.8030469042864901,0,2,0,4,16,1.1655018595039723,161.22673522121084
P003,electronics,2023-04-20,702.4956200640116,720.9556027621154,2.5604881392668504,57.01196408047015,0.9026739678484351,3.932117409561102,15.531272252442163,0.6087811996931299,0,3,0,4,16,1.1213579625386896,114.89320727751937
P003,electronics,2023-04-21,662.1507478971835,746.4012933433378,11.287566915750212,47.99464434413931,0.6960073536626635,4.438476934162668,122.56691959475751,0.8960365890377693,0,4,0,4,16,1.0935078413927344,186.78927762137698
P003,electronics,2023-04-22,528.7114763634826,745.1219244576141,29.04362910159436,18.17017069537203,0.7208382312519621,4.059784177411362,3.59069461639845,0.7724995796645158,1,5,1,4,16,1.1023225973851616,302.94492986598016
P003,electronics,2023-04-23,683.7019986179425,704.100997098131,2.89716937829381,52.811477513502986,0.6786406757794957,3.74019480872288,17.789832922617567,0.8456929009509195,0,6,1,4,17,1.1405322019443145,151.86986396824295
P003,electronics,2023-04-24,785.4083447392802,781.3351463313027,-0.5213125797684759,75.54345292781834,0.6487065398221497,4.346583928924938,8.415215268903378,0.7061277498868732,0,0,0,4,17,1.1787001637790981,109.26520190187621
P003,electronics,2023-04-25,684.9330661337434,786.3321468040716,12.895197160951573,53.086628451175656,0.5600771740775368,3.5541259452727454,48.81709686205647,0.6391012172823882,0,1,0,4,17,1.1873900039380552,134.883353348993
P003,electronics,2023-04-26,712.7514088362433,817.6796159124555,12.832435226983359,59.30419408494448,0.5546201449253727,4.190391729252407,93.01255396405128,0.9420446535176757,0,2,0,4,17,1.1593317308647868,181.4372844409167
P003,electronics,2023-04-27,784.3698946500546,781.7245403440554,-0.3383998031883255,75.31135313466376,0.7169747767970661,3.946050659139328,77.4350993424465,0.44290181459898126,0,3,0,4,17,1.1148965075582546,62.38176991569159
P003,electronics,2023-04-28,798.9731504539089,810.7691842384185,1.4549188614747246,78.57526796949756,0.591512122372366,4.09093138663423,29.066230030414115,0.5717085224787444,0,4,0,4,17,1.0867569747396115,80.90433744197527
P003,electronics,2023-04-29,772.8421659742063,759.0900030846411,-1.811664339364485,72.7348369698843,0.6951170164066296,4.270636738533335,38.577928236209985,0.8694374851866755,0,5,1,4,17,1.0952843194868347,127.74599353425629
P003,electronics,2023-04-30,520.9333497688392,700.290119632621,25.611780722805882,16.431712976048154,0.6495366257710765,3.959066749814006,26.67406494496345,0.7376132534744377,1,6,1,4,18,1.1332085983944233,300.5989539861757
P003,electronics,2023-05-01,745.5810353628335,728.9816012157755,-2.277071755909057,66.64181156432257,0.6139492748899784,3.9336432877568384,82.95342403638627,0.6731910460371571,0,0,0,5,18,1.1710934047194312,120.36362551955773
P003,electronics,2023-05-02,830.1848892448076,793.3968800493074,-4.636772606569086,85.55127788323772,0.5171594119158036,3.5794872853706905,53.54279428515656,0.41438526842591905,0,1,0,5,18,1.1795023434154894,69.81440723435226
P003,electronics,2023-05-03,678.0288436759291,782.0078312188342,13.296412566718663,51.543493522517835,0.6125360185851945,3.7466837898261405,16.793052037488636,0.7312109033773908,0,2,0,5,18,1.1511655061633648,149.72791842443786
P003,electronics,2023-05-04,651.1959371039858,723.6842874840278,10.016570987337044,45.546178745715835,0.76993003997179,3.922730395404242,30.93416721115552,0.40157929334775294,0,3,0,5,18,1.1064541385065967,84.38030148146277
P003,electronics,2023-05-05,641.6965506757913,711.6679037194021,9.832023149831317,43.42300917988385,0.6710018645563359,3.9484498150848144,26.40418773427642,0.6993106142465646,0,4,0,5,18,1.0780409629938683,137.5000612908845
P003,electronics,2023-05-06,678.4144028433271,698.8873813508759,2.9293673135114666,51.62966829772409,0.8797733840577358,4.105099336577981,29.05235522443437,0.8926191682578586,0,5,1,5,18,1.0862972477893937,168.35031741654828
P003,electronics,2023-05-07,645.4232098490353,673.8605610633025,4.220064633163142,44.25593974847049,0.6403006411579067,4.647900931332961,44.05106909259682,0.762767628103133,0,6,1,5,19,1.1239531298085863,147.3559670298074
P003,electronics,2023-05-08,616.1119726140593,722.6026022409134,14.737094676466509,37.70470327603122,0.5868594389864962,4.46621470924234,100.46704686022035,0.4216224264995125,1,0,0,5,19,1.161572281840289,137.60512529259398
P003,electronics,2023-05-09,716.4489709819819,756.9552088692374,5.351206704524161,60.13062129421181,0.6952200749615209,3.9819677586498474,23.130381652342837,0.9950038316990069,0,1,0,5,19,1.169718387557233,186.39706082935112
P003,electronics,2023-05-10,691.7095977141449,751.2883778398428,7.930214533200025,54.60122370658127,0.7549429507435763,4.001991555326777,20.051785573697412,0.8763015472891698,0,2,0,5,19,1.1411216165232707,177.808438631977
P003,electronics,2023-05-11,778.555833916231,785.7209897999144,0.9119211497083768,74.01187585818253,0.5568645152945573,3.8143202657841684,9.897073684953169,0.9627321856569301,0,3,0,5,19,1.0961532913059295,144.59085584030365
P003,electronics,2023-05-12,715.5203385000763,732.9760708085543,2.381487336854316,59.92306639176324,0.6655338714037982,4.20370952854096,54.10117639893543,0.9554510158331833,0,4,0,5,19,1.0674862105959648,155.99778363805575
P003,electronics,2023-05-13,755.0514313091884,764.366094758486,1.2186128496765374,68.75850158442746,0.7599450686321704,4.315713252159436,24.735105630094235,0.8738041682756534,0,5,1,5,19,1.0754917177951797,138.63786200077945
P003,electronics,2023-05-14,658.4366758260145,766.0306546083851,14.045649235457223,47.164527067995266,0.6467738273828424,4.411238954414783,87.6535618176323,0.618645919597242,0,6,1,5,20,1.1129000241298015,122.57196734581284
P003,electronics,2023-05-15,729.7853778495029,769.7430984264201,5.191046293055772,63.11138783031481,0.7607289015101693,4.6403551334991935,48.83705149120026,0.7219739678412963,0,0,0,5,20,1.1502748757506907,128.3495223262041
P003,electronics,2023-05-16,652.1610456268764,688.3335725984618,5.255086837481127,45.76188626103964,0.7820922879109709,3.9265470093969386,64.47348010432125,0.5764238260239994,0,1,0,5,20,1.1581800287220643,119.0246043970795
P003,electronics,2023-05-17,752.5310672725869,756.7227468499224,0.5539254099053528,68.19518517891235,0.8015220891814305,4.232395176217569,234.16741813373926,0.983736633632617,0,2,0,5,20,1.1293457240072717,168.49292218707438
P003,electronics,2023-05-18,780.0167680760349,774.471754770717,-0.7159736002198596,74.33840336279835,0.5090528982098743,4.406516079213843,57.88617816245253,0.95996584742744,0,3,0,5,20,1.0841433545601986,133.67102182782438
P003,electronics,2023-05-19,639.4599627569623,684.3858278353151,6.5644061070714335,42.92311843046966,0.6680173722111243,4.243293005830524,7.2989795794339924,0.5259188063674727,0,4,0,5,20,1.0552457884239554,99.97815813468583
