synthetic_pricing_mixed_elasticity.csv
product_id,category,date,price,competitor_price,discount_pct,markup_pct,quality_score,rating,ad_spend,stock_level,on_promotion,day_of_week,is_weekend,month,week_of_year,seasonality_factor,units_sold
P003,electronics,2023-05-20,616.7912915326492,791.0131347913108,22.025151744746402,37.856535108997114,0.48964999082744987,4.648446869967698,97.4103368933965,0.8040348874179011,1,5,1,5,20,1.0630244372981505,229.7959021638809
P003,electronics,2023-05-21,663.9238392887502,674.5697060458709,1.578171486461157,48.390940853231704,0.7976373672979483,4.4792623535811735,62.23026960012341,0.8985534944931104,0,6,1,5,21,1.1002095796320297,172.79015676053902
P003,electronics,2023-05-22,651.7601373278583,675.6603363063417,3.5373097537646823,45.672280863301694,0.5850292527102594,4.141917146689348,84.73708251826918,0.40014452471071993,0,0,0,5,21,1.1373650277047638,78.82120721614388
P003,electronics,2023-05-23,758.5626438162291,750.4513527178723,-1.0808550173146463,69.54327853717791,0.6000104707751899,4.858080784683022,9.065822803260296,0.762964487918653,0,1,0,5,21,1.1450546025945758,119.91031662704185
P003,electronics,2023-05-24,593.4836000409101,679.1613242030951,12.615224263942922,32.647126943624976,0.6673352436811388,4.80072824029344,39.00876988688715,0.8495302990545389,1,2,0,5,21,1.116008609145253,258.41852074998565
P003,electronics,2023-05-25,750.6127411786024,695.9099069606535,-7.860620127806519,67.76642784696502,0.7087328703921648,3.672646965180207,76.48280922667271,0.632278305382689,0,3,0,5,21,1.0705985030386214,98.94720751028204
P003,electronics,2023-05-26,614.1759664949832,753.1460293755679,18.4519412517921,37.2719943529489,0.7810260044375333,3.8533644618547025,83.66778313981187,0.7424137969461089,0,4,0,5,21,1.0414972138746474,161.9100881225712
P003,electronics,2023-05-27,650.8843807066606,812.8957817218298,19.930156442933654,45.47654403132231,0.7297234272497516,4.06055299346187,46.63487969505862,0.6912069382806509,1,5,1,5,21,1.0490762137204688,192.9703342135489
P003,electronics,2023-05-28,736.5439280024242,714.8786977429108,-3.0306162888776864,64.62196412935258,0.5344775287810566,4.37535721555123,40.31740919899792,0.7349390501677966,0,6,1,5,22,1.0860658401856487,112.34633507297755
P003,electronics,2023-05-29,639.0008267062956,697.3943379658355,8.373097984973963,42.8204987826934,0.6811963714113332,4.247898169664378,45.060730391756856,0.6241844910800192,0,0,0,5,22,1.1230299634849277,136.94833555210613
P003,electronics,2023-05-30,629.9953345724157,779.8499778912826,19.21582965534916,40.80771753955502,0.6928879709169664,4.225678411183358,39.97501058839448,0.8556919415129842,1,1,0,5,22,1.1305324613901888,261.20435423995735
P003,electronics,2023-05-31,786.3901891575632,780.9011655542809,-0.7029088757200443,75.76290101565412,0.6630872726927506,4.127909758455526,26.240400891077364,0.9455824878436296,0,2,0,5,22,1.1013036941801688,147.70137918312145
P003,electronics,2023-06-01,624.9716853809965,685.9967392651018,8.895822733717445,39.68490196054242,0.8171101971669559,3.8230303992163694,118.39521815458225,0.5749101568907155,0,3,0,6,22,1.0557151716964999,111.66430913891585
P003,electronics,2023-06-02,683.3275486636088,737.8809465522328,7.393252006780521,52.72778571372432,0.5665545918847084,4.3783751414326675,94.16092231508065,0.7149604505460805,0,4,0,6,22,1.0264398764077751,113.90705390963434
P003,electronics,2023-06-03,679.3802403490474,783.2982302371595,13.266720883136532,51.845538745061404,0.7288028368305489,3.766822335877873,69.28381785082348,0.7922979782966066,0,5,1,6,22,1.0338493319429016,146.3459852159858
P003,electronics,2023-06-04,618.303420458354,758.8810842756887,18.524333618291276,38.19450494935877,0.7509028354067975,4.546168240361547,23.52810433094653,0.4341043424274331,1,6,1,6,23,1.07067392615108,127.28348417870893
P003,electronics,2023-06-05,694.520759604962,704.9776383325462,1.4832922576547851,55.22953516820311,0.9159121154603291,4.227394418583405,36.66507666090743,0.6500494363744319,0,0,0,6,23,1.1074775781496704,116.92348681167738
P003,electronics,2023-06-06,823.1630606380508,816.0999047247393,-0.8654768702238513,83.98185727833366,0.7295193061708419,4.293716173023493,121.83909655083471,0.5447240647768138,0,1,0,6,23,1.1148242132616655,73.00082784200296
P003,electronics,2023-06-07,672.0507588629381,676.4544768897592,0.6509999086810359,50.20735588532968,0.7723037939579863,4.22565399889188,8.640714668151233,0.5005729383043507,0,2,0,6,23,1.0854442379513116,101.70761047909873
P003,electronics,2023-06-08,552.850499087189,744.6535097393603,25.757349981376603,23.56538635306806,0.6201460485441238,4.266470258282472,69.97576204432973,0.44378099975541263,1,3,0,6,23,1.039709206866465,160.03703753756807
P003,electronics,2023-06-09,714.7084842538774,767.927551725135,6.930219830204287,59.74161212201115,0.790802266253619,3.987768136556344,193.71001892909916,0.40868238490171904,0,4,0,6,23,1.0102921458893788,77.33408535413221
P003,electronics,2023-06-10,810.8819328661464,799.0766385652705,-1.4773669672125669,81.23695191876115,0.7799911281688386,4.182651747508233,144.53099396980235,0.8703551674851325,0,5,1,6,23,1.017564620657193,114.7318824138428
P003,electronics,2023-06-11,612.3483740436573,705.691859121323,13.227229968883346,36.863516531699034,0.7431022958010893,4.165931230562864,47.86789897798457,0.6502331417396234,0,6,1,6,24,1.0542570596094645,145.5055996132923
P003,electronics,2023-06-12,768.2201192390842,748.5093963419297,-2.633330054837458,71.7017819369047,0.7755242998990572,4.14092228322743,41.96798355705402,0.698890432150689,0,0,0,6,24,1.090933421024011,98.62218334898677
P003,electronics,2023-06-13,739.8965622982021,741.292763927205,0.1883468579412808,65.37129790537763,0.7082911853172039,4.075525116563902,133.64511329639538,0.8365560059828461,0,1,0,6,24,1.098157667942771,129.1666385842922
P003,electronics,2023-06-14,612.1344554662435,673.8926249923918,9.164393144508086,36.81570445282802,0.8198276036644636,4.194640025579675,47.670843146934104,0.7782405556215997,0,2,0,6,24,1.0686602430962522,172.78159326270148
P003,electronics,2023-06-15,674.5498487711993,719.0654319236909,6.190755552439862,50.76591739618156,0.778907520139991,4.011233798145791,27.319934931549327,0.5032599115899173,0,3,0,6,24,1.0228127359351462,87.17094769495279
P003,electronics,2023-06-16,750.431937925395,763.9640673972336,1.7713044434068133,67.72601724071006,0.7225057885257938,4.2183487703552744,25.489714031166557,0.9438125266573877,0,4,0,6,24,0.9932882056707912,133.30502317880223
P003,electronics,2023-06-17,709.3955846005222,752.494216513203,5.727436964550375,58.554147338302265,0.7090309799206435,4.549323522160582,95.10275185447493,0.556238415247043,0,5,1,6,24,1.0004582497857997,93.16825992971967
P003,electronics,2023-06-18,773.0153916047788,786.420480838908,1.7045702090349248,72.77355393225166,0.7090790902967107,3.684612805884058,91.42823510480542,0.8797471864612018,0,6,1,6,25,1.03705332707214,126.01044921801174
P003,electronics,2023-06-19,720.7334982967234,815.3376618170655,11.603065570343801,61.088238722179085,0.7777596061792271,3.7623724822407922,59.67082595546708,0.5909051257052219,0,0,0,6,25,1.073637424657993,101.69585287219253
P003,electronics,2023-06-20,725.6048806810387,772.7647513063621,6.102746087421741,62.1770217609668,0.7660420935941311,4.155791959573114,51.22706612186137,0.9240304986226285,0,1,0,6,25,1.0807745329250604,159.79380265063853
P003,electronics,2023-06-21,690.8457467516681,735.600623738072,6.0841271122059215,54.40814786038748,0.7166485272577147,3.4811753135008754,28.043942940344923,0.6708020350924584,0,2,0,6,25,1.0511951204249141,122.2456374271213
P003,electronics,2023-06-22,644.5182820220408,687.3791061540613,6.23539815922397,44.053682977880904,0.6550868259045557,4.51883087985864,6.342976893846851,0.955317592988137,1,3,0,6,25,1.0052708009029567,225.4734800098106
P003,electronics,2023-06-23,691.6954694822515,772.1181904652177,10.415856273831583,54.5980659624257,0.6840251502008413,3.8957507345619096,64.31104921818273,0.40433196820223066,0,4,0,6,25,0.9756746563316865,67.31107532466291
P003,electronics,2023-06-24,781.9059770265519,806.5459291650279,3.0549967766850328,74.76065283938877,0.6575064210262476,4.1604725435424665,42.559324502075405,0.5551505329316643,0,5,1,6,25,0.9827783054145791,74.56123621023163
P003,electronics,2023-06-25,677.980330723187,699.5800482666542,3.0875262376313826,51.53265058801997,0.7585021332287798,4.284357605373083,159.8543380435623,0.5340965885535041,0,6,1,6,26,1.0193122266178858,94.14448977428688
P003,electronics,2023-06-26,680.1911930202423,684.396812661668,0.614500179372528,52.02679150741885,0.6505798450837295,3.7554034376622614,48.04370292311112,0.8272380528455026,0,0,0,6,26,1.0558404251916547,146.51579709174172
P003,electronics,2023-06-27,673.9313249013759,755.4824167945096,10.7945717968067,50.6276736194833,0.6455703853685708,4.048673195010849,11.213702576166277,0.915288348804914,0,1,0,6,26,1.0629269080816708,167.87996441283005
P003,electronics,2023-06-28,608.9903468223953,687.0634375109801,11.36330161468344,36.11297740463944,0.6491023471609296,3.3614738802174244,51.51396200017442,0.7469974616225825,0,2,0,6,26,1.033302158840897,152.524565844882
P003,electronics,2023-06-29,641.6281506091619,803.5211975753324,20.147949731094997,43.407721356731685,0.6886407838298035,4.036973871067045,116.65975248323235,0.7802674237259504,1,3,0,6,26,0.9873378046489909,207.64966831680613
P003,electronics,2023-06-30,636.2315115280552,697.7290552649788,8.813957692154363,42.20154031110355,0.5376194688527597,4.583711974937776,50.28518833804207,0.9985082473971375,0,4,0,6,26,0.9577069393415886,180.8990679976832
P003,electronics,2023-07-01,536.5484495721446,700.0786486979929,23.358832529742468,19.921780984167746,0.763221631403185,4.404701634617898,96.35081314020286,0.9172504515041389,1,5,1,7,26,0.9647811919106681,307.3907243033591
P003,electronics,2023-07-02,630.3332148772167,696.7433780160577,9.531509768767465,40.88323580438931,0.6361497975722791,4.219361418902917,51.43173610476399,0.7015838829853212,0,6,1,7,27,1.0012910495333023,132.33669445518032
P003,electronics,2023-07-03,739.1067505845136,788.2269540418907,6.231733538861774,65.19477027320723,0.6553356953185393,4.383680943031618,10.657820833422132,0.49238447784629746,0,0,0,7,27,1.0378005245900983,73.005742645291
P003,electronics,2023-07-04,759.8122187771122,760.7590834994024,0.12446315040167644,69.82256599929214,0.7541193007300431,4.467321162273148,44.26819277884952,0.5124467727902662,0,1,0,7,27,1.0448736295750214,79.68647686796363
P003,electronics,2023-07-05,633.2653183476544,683.490643651524,7.348355938794215,41.53857843092217,0.7449433515947261,4.476307751919299,33.62685390772372,0.9026374591735938,0,2,0,7,27,1.015240852005199,184.86894792315593
P003,electronics,2023-07-06,640.3889616444981,816.2133411432243,21.54147336681104,43.13075522676352,0.5611489751082758,3.932254794260219,52.04079542205314,0.8557371003483449,1,3,0,7,27,0.9692738214392541,212.31013587949866
P003,electronics,2023-07-07,715.2752256695162,746.4465533881607,4.175962441939911,59.86828221112443,0.6727339559775083,4.803080513950966,9.638475165569812,0.41214173958397027,0,4,0,7,27,0.9396456325058893,59.029913187961036
P003,electronics,2023-07-08,751.6653774336037,798.3401352789074,5.846475178026404,68.00169833284365,0.5943888430812913,3.635913476829365,19.87674296429593,0.7144226019205522,0,5,1,7,27,0.9467279134040184,101.35372875961096
P003,electronics,2023-07-09,787.0096252020608,785.882873376305,-0.14337401461810995,75.90134866883655,0.5248497296179648,4.034794462045248,49.29243068032321,0.5509078238058405,0,6,1,7,28,0.9832511489317466,65.14816262982126
P003,electronics,2023-07-10,724.9266300932321,759.132064288694,4.505860811914493,62.02542870630756,0.8057801007541918,4.04035683294807,36.410176712422796,0.4999273531562808,0,0,0,7,28,1.0197793475055146,85.8656113717063
P003,electronics,2023-07-11,684.8259782344444,719.8879521344697,4.8704765507002135,53.06269366650517,0.5479537417529113,3.5374883432961295,160.6490114092414,0.47295240972011615,0,1,0,7,28,1.02687651607111,79.96639509037944
P003,electronics,2023-07-12,746.27720873703,772.3735598105192,3.3787214414604154,66.79741046871597,0.9210689726015764,4.441480017219698,191.8588551417643,0.823561970626972,0,2,0,7,28,0.9972731350151007,130.15450280990103
P003,electronics,2023-07-13,736.7253221288067,755.0363790845439,2.4251887012303537,64.66250679928892,0.745855497401892,4.640334991611373,55.14170929925962,0.5983797729157252,0,3,0,7,28,0.9513408251852884,87.38699428802626
P003,electronics,2023-07-14,676.9093024101708,800.1918152983333,15.40662007923681,51.29326936739806,0.6149024919318434,4.459177064988734,86.09579864072265,0.6456824451332663,1,4,0,7,28,0.9217526709218725,137.71091575526523
P003,electronics,2023-07-15,491.71072830147034,717.3208260518103,31.45177019216289,9.900282656591342,0.8443300010129788,3.6390218114855752,134.8699211895839,0.46289358456445934,1,5,1,7,28,0.9288802885606282,175.13898334284949
P003,electronics,2023-07-16,606.8603615825466,759.159304338431,20.0615262021461,35.63691299025835,0.6756589697432092,4.216953194539667,45.316183645869856,0.6604426490895883,1,6,1,7,29,0.9654541494654079,181.60496435383394
P003,electronics,2023-07-17,689.5565817695875,750.1328255607402,8.075402345693995,54.120011792234074,0.7723582285910057,4.122071503413697,38.01024226706826,0.6833685785972807,0,0,0,7,29,1.0020382470512608,115.04801702491855
P003,electronics,2023-07-18,615.8229501993608,775.5480072397785,20.595121842797163,37.640105041253676,0.7316067869729951,4.3751649066852005,118.04477069468831,0.5524126894573377,1,1,0,7,29,1.00919657169989,160.24401507658348
P003,electronics,2023-07-19,735.2185297946316,767.8761282957629,4.252977439683145,64.32572971898675,0.561013525909847,4.164497512837854,77.8842947891543,0.6422539662870079,0,2,0,7,29,0.9796595856759954,97.50046100320324
P003,electronics,2023-07-20,726.1569769841607,747.376870970802,2.8392494885582655,62.300418580020064,0.7382921710057263,4.687929220382658,59.71039079993004,0.6089647692179149,0,3,0,7,29,0.9337988901530989,86.83785801352568
P003,electronics,2023-07-21,684.3323600228999,753.9071746048025,9.228565123866023,52.952367049958546,0.782710238176334,3.7475956882101515,99.15443900182683,0.5249961681160238,0,4,0,7,29,0.904287548250535,79.55369136457405
P003,electronics,2023-07-22,650.6474625413933,710.7258644591847,8.45310476543682,45.42359140728806,0.5746598281704981,4.318774266287414,45.59785601099624,0.8530563803788879,0,5,1,7,29,0.9114971535429193,141.68947354281372
P003,electronics,2023-07-23,573.5485935550931,735.5683018178391,22.02646686410226,28.191534007672118,0.7443290926607425,4.254631809617198,63.86547219684616,0.6294187587500265,1,6,1,7,30,0.94815815309939,195.01443974625073
P003,electronics,2023-07-24,644.9992149216175,691.8812697231994,6.776026010985664,44.16117435148772,0.5294040905109264,4.011872152568311,48.43195416253304,0.6666362913494619,0,0,0,7,30,0.9848345145139361,120.12167755780074
P003,electronics,2023-07-25,661.6432390377979,742.1019859070437,10.84200667795062,47.88121308489088,0.6360593964125478,4.01495021970685,69.43205019146144,0.5129199890079174,0,1,0,7,30,0.9920902008284966,96.10073185268597
P003,electronics,2023-07-26,647.9977870370715,707.4086887929674,8.398384511966796,44.83137311691412,0.6094202786628852,3.666168322372971,32.06745009286154,0.4427240305247395,0,2,0,7,30,0.9626556454574089,78.6189735886301
P003,electronics,2023-07-27,632.2751716919388,695.842567756711,9.135312930007093,41.3172747434665,0.7214428930412446,4.148404051377547,153.96952762056173,0.5106209428118164,0,3,0,7,30,0.9169024192217802,90.66904280515138
P003,electronics,2023-07-28,738.4555426724729,713.9574539701487,-3.4313093260804544,65.04922141799167,0.6148819517552515,4.399600360352663,193.6861273433427,0.4697084650071346,0,4,0,7,30,0.8875035533954755,57.1493425843641
P003,electronics,2023-07-29,739.292070824734,726.672456359108,-1.736630355972875,65.23619045302017,0.7778627364642157,3.8633235063621294,52.068262935318266,0.8162547522094452,0,5,1,7,30,0.8948306082240247,110.38132314659296
P003,electronics,2023-07-30,688.7709153183833,702.4319244137231,1.944816091145321,53.94441065097078,0.5895225326358483,4.496582638049753,36.6436081725705,0.766307898455296,0,6,1,7,31,0.9316139959737315,123.68098663268123
P003,electronics,2023-07-31,709.2104086593754,801.9405374698141,11.563217530193644,58.51275941019354,0.6533568587638727,4.072521949332912,27.35294599554354,0.6709278165838339,0,0,0,7,31,0.9684176479723219,106.1376931803735
P003,electronics,2023-08-01,723.9846223388038,767.5462581408199,5.675441100779095,61.81488435061698,0.6967518964157905,4.773806440307039,14.239729087750028,0.7908016634801234,0,1,0,8,31,0.9758054895427877,117.41103262779748
P003,electronics,2023-08-02,754.1721805618604,758.7510677230156,0.6034768655939078,68.56198379440252,0.6899880598038752,4.213943600761437,143.51314914983482,0.8771722268783335,0,2,0,8,31,0.9465079149390122,132.57123152825815
P003,electronics,2023-08-03,590.4465107316801,671.9885818929977,12.134442959077198,31.968319355491467,0.6548358910823052,4.768544583632691,40.48466078602785,0.5213639090452182,0,3,0,8,31,0.9008964543917453,95.37908262887618
P003,electronics,2023-08-04,721.2114545723355,777.9251818143283,7.290383261500972,61.195064802563195,0.7852174181321905,4.201473167569066,101.71206606898355,0.5319946761381584,0,4,0,8,31,0.8716440971666188,71.22543169836293
P003,electronics,2023-08-05,707.0996289643034,723.1280128996088,2.2165347835211935,58.04098754970247,0.8128847487549389,4.1299179117051406,58.23851788069733,0.604525923750362,0,5,1,8,31,0.8791223600955007,86.46844302150352
P003,electronics,2023-08-06,647.6012068460865,688.7182217081368,5.970077974715566,44.74273507715484,0.6743345463297702,4.048229117882291,117.70032899633513,0.7866194202955404,0,6,1,8,32,0.9160616106384728,134.0601172852033
