synthetic_pricing_mixed_elasticity.csv
product_id,category,date,price,competitor_price,discount_pct,markup_pct,quality_score,rating,ad_spend,stock_level,on_promotion,day_of_week,is_weekend,month,week_of_year,seasonality_factor,units_sold
P003,electronics,2023-08-07,675.9649389751537,679.3580879799496,0.49946398884943655,51.08219850303553,0.869762377970934,4.2996244384250435,79.43149288771662,0.6578472286454,0,0,0,8,32,0.9530257339377521,116.2141323187494
P003,electronics,2023-08-08,573.0287572930278,756.870688570631,24.289741174254385,28.075347500346,0.5446352956630058,4.241712443134016,38.709668886591004,0.7040147206037792,1,1,0,8,32,0.9605786077652202,206.786560689323
P003,electronics,2023-08-09,694.1329729952864,798.683288735948,13.090334706530578,55.14286254635285,0.9148296863786959,4.171828929386086,109.92240514748013,0.5749460617454591,0,2,0,8,32,0.9314505774721398,95.64387424761102
P003,electronics,2023-08-10,810.9626631196608,776.8216974026477,-4.39495521702928,81.2549956122775,0.700146285481379,3.9979029385190428,129.38762364755428,0.5683541295846214,0,3,0,8,32,0.8860131230496223,66.6347508194609
P003,electronics,2023-08-11,883.9493089075754,815.71669797295,-8.364743679292443,97.56794658236588,0.8214666780132902,4.156539973456172,67.42195485361198,0.7039007206221553,0,4,0,8,32,0.8569391822015336,70.71208398645305
P003,electronics,2023-08-12,629.0769879912062,686.0714435836314,8.307364506343514,40.60246159730566,0.8259181321513205,4.741526805137367,70.73105281074982,0.6698352463552637,0,5,1,8,32,0.8646002188911139,108.88443539665532
P003,electronics,2023-08-13,682.3262113656506,713.5589618745882,4.377038503852043,52.50398085093368,0.6790624386688087,4.636447852243995,9.62912040578346,0.8167251844223644,0,6,1,8,33,0.9017265464186368,129.06672459488593
P003,electronics,2023-08-14,790.6219432182148,761.9122887412009,-3.768104925101915,76.70872330634381,0.6592272982731381,4.1066337307474345,56.08577345656761,0.8739208644278458,0,0,0,8,33,0.938881994491371,96.16471069470924
P003,electronics,2023-08-15,755.2853910468687,803.8734069457578,6.044237249182651,68.81079298223801,0.6231233589961479,4.06229049804633,76.08349678672016,0.7907919383357436,0,1,0,8,33,0.9466303841875391,105.53623672100994
P003,electronics,2023-08-16,733.0535553575821,795.5751359619039,7.858664477834517,63.841845010190724,0.7951116307302318,3.9037491619591598,8.993278250542318,0.8500901687791106,0,2,0,8,33,0.9177020029228327,128.11331849707415
P003,electronics,2023-08-17,635.5810143092613,699.7638617191216,9.172072311962676,42.056150300070584,0.7211209399224456,4.098140953000204,97.21432960484564,0.8650876466371569,0,3,0,8,33,0.8724682715280458,149.41463812891482
P003,electronics,2023-08-18,514.9775199508963,696.7036451933936,26.08370524486822,15.100549463086981,0.5863359116532761,3.817616612591948,36.044945511842265,0.5335126265064679,1,4,0,8,33,0.8436020673395148,170.5656772661269
P003,electronics,2023-08-19,669.1582620808322,723.9039825442965,7.562566553515867,49.56086559004,0.6229575200862121,4.543008459061749,57.50670901974436,0.7142034399993911,0,5,1,8,33,0.8514747927636256,100.51601066401645
P003,electronics,2023-08-20,672.5180559833079,739.4171780385168,9.047547723015436,50.31179958089569,0.655668169761465,3.8283554945627154,112.10438568131025,0.9625155920557498,0,6,1,8,34,0.8888166983727106,154.03853328662214
P003,electronics,2023-08-21,622.3512922255825,677.5380527119116,8.145189818555398,39.099228449927374,0.8663986279808099,4.102542622050437,91.22973319307275,0.5283033336971585,0,0,0,8,34,0.9261915499936,100.59965323295035
P003,electronics,2023-08-22,671.1073159846597,709.4780157884583,5.408300038889331,49.99649077089279,0.8054127008309618,4.3038156930261104,105.29373396284385,0.9560245026034543,0,1,0,8,34,0.9341631036905099,150.66884369011225
P003,electronics,2023-08-23,796.7543492305334,801.9053454938527,0.6423446722564252,78.07935265268094,0.7102541439817522,3.6938162761076496,89.59605984791226,0.9691936946239389,0,2,0,8,34,0.9054615807508216,125.16840446732613
P003,electronics,2023-08-24,528.7493488221633,730.4620119149536,27.614394698498764,18.178635415937073,0.7227133828693448,4.226019228392157,74.48308154619036,0.8022493087953739,1,3,0,8,34,0.8604583347823149,246.43047352213557
P003,electronics,2023-08-25,455.6203090805264,673.4320467439542,32.3435361765969,1.8338585472828544,0.7905717600497365,4.903687248568932,13.015449178197043,0.6814996291404392,1,4,0,8,34,0.8318261748235166,253.95131703264983
P003,electronics,2023-08-26,755.9473397501245,808.9741236282172,6.554818297558105,68.95874246839885,0.7139893423470318,4.372193010249504,60.14304624220537,0.7446570898018867,0,5,1,8,34,0.8399364339284563,100.33415590202245
P003,electronics,2023-08-27,592.1108269401669,691.0152874627662,14.312919311199535,32.34030396191744,0.612580072998585,4.166445868774106,34.43682675429602,0.5001029406525008,0,6,1,8,35,0.8775192922831115,96.31413982995574
P003,electronics,2023-08-28,647.7436399378231,676.1046893796963,4.194771887752117,44.7745697233005,0.8089099002847444,3.694888312390205,97.26708762387389,0.916749631109839,0,0,0,8,35,0.9151384443148142,152.21743062458066
P003,electronics,2023-08-29,642.3017359769956,677.9162963892323,5.253533600229054,43.55827170688161,0.6622576598869669,5.0,93.9840772484348,0.9469581319361645,0,1,0,8,35,0.9233575736962961,150.31454841529188
P003,electronics,2023-08-30,810.6097968721382,806.0828006899421,-0.561604363512207,81.17612789979815,0.6350853815241092,4.0805382228842335,18.958211728289402,0.8310648848413248,0,2,0,8,35,0.8949068283529178,106.89853351481209
P003,electronics,2023-08-31,713.7839418510885,794.3515156044377,10.142559329296901,59.5349713766577,0.6306195582098177,4.17020569866239,40.17371430411784,0.5887105433254631,0,3,0,8,35,0.8501574875816478,79.56599916875405
P003,electronics,2023-09-01,757.6540991609262,766.8132277442744,1.1944406084766523,69.34021338387359,0.8346119751898297,3.962275376450109,56.64560028344329,0.575374103625552,0,4,0,9,35,0.821782285183422,68.82285020636108
P003,electronics,2023-09-02,732.5262084121873,736.6400251299601,0.558456855103282,63.72397982031134,0.6544828216046236,4.504688365198342,57.61735047777406,0.7172831308940599,0,5,1,9,35,0.8301524780702,92.41818042557297
P003,electronics,2023-09-03,732.8777630709042,719.4403105944464,-1.8677647441460348,63.80255438486413,0.777597756640616,4.354342821159525,18.01599953340296,0.86539278119562,0,6,1,9,36,0.8679981694039689,106.35072590536802
P003,electronics,2023-09-04,787.9139508345417,811.6076218501632,2.9193504814073714,76.10347084535802,0.72252566819836,4.3888081900286675,39.288505067182385,0.9915845906113117,0,0,0,9,36,0.9058829757289768,120.91600408153397
P003,electronics,2023-09-05,706.8765579999447,725.9809439403258,2.631527190877824,57.991129857721276,0.6635709904107588,4.807527325047586,93.68342939861216,0.41338102293918616,0,1,0,9,36,0.9143705019988548,57.43281516732166
P003,electronics,2023-09-06,684.0220320404164,784.7374703542159,12.8342843458639,52.883006893614194,0.7897655771649743,4.576859231824105,111.54858171662563,0.5948503653803212,1,2,0,9,36,0.8861908166071757,112.65612166622071
P003,electronics,2023-09-07,683.4541075644929,760.6386890372527,10.14733835987925,52.756072383465934,0.6928585021627346,3.7599282163944245,57.81573504456824,0.9642408233573113,0,3,0,9,36,0.8417151185299904,139.40640810815626
P003,electronics,2023-09-08,786.9094829018379,818.7986836646481,3.894632636692288,75.8789662670159,0.7081291425042481,4.345377413651782,61.09117776255935,0.7502999635752536,0,4,0,9,36,0.8136160604820001,81.79994255836907
P003,electronics,2023-09-09,784.7645148841962,795.6902416538328,1.3731130781405159,75.39955311237011,0.8242801082059943,4.685315122732735,36.006548767320815,0.4769379683822645,0,5,1,9,36,0.8222648175476345,58.2733962834253
P003,electronics,2023-09-10,745.7120368337576,807.6552375324295,7.669510184558755,66.67109117498454,0.6980877820146292,4.036211421865522,13.827929829185361,0.8532033577023833,1,6,1,9,37,0.8603914103443027,150.32288859623935
P003,electronics,2023-09-11,649.2273482292176,735.584692114674,11.739959356303968,45.106187382259144,0.5988218824277165,4.101580438741652,97.69890838907644,0.9019562674785707,0,0,0,9,37,0.8985593721790872,142.04170531997724
P003,electronics,2023-09-12,705.9936698413028,734.2959497063401,3.8543423637779832,57.793799084556994,0.4998259832523738,4.1548595575515055,28.462605089112454,0.9491058023119586,0,1,0,9,37,0.907332224100528,136.22765094394217
P003,electronics,2023-09-13,676.8275245886439,750.0326570804948,9.760259343480076,51.2749915361783,0.8392095244121183,4.115541387040704,22.938373332338212,0.5120477707583961,0,2,0,9,37,0.8794399499540523,71.24614679675784
P003,electronics,2023-09-14,825.8912781801386,786.452381328858,-5.0147851017554625,84.59163018294333,0.6699325639556317,4.338990453070269,38.17853377402218,0.6555211365298863,0,3,0,9,37,0.8352536635495557,66.2791388896813
P003,electronics,2023-09-15,548.3192047235855,674.8329672549506,18.74741879401521,22.552615016797922,0.7175708942604566,4.545262980818218,74.55009473842858,0.5971054326027179,1,4,0,9,37,0.8074459318428145,153.18134554644476
P003,electronics,2023-09-16,763.5806485557189,804.588601306849,5.096760342431296,70.66483254749417,0.7530867162067149,3.9192506310628303,18.834418350572047,0.6629996653686123,0,5,1,9,37,0.8163878435919755,82.44039652839037
P003,electronics,2023-09-17,694.3907789313165,713.1283096039884,2.6275118264589934,55.20048371182573,0.6316314284970914,4.062030647203427,55.28731515949402,0.4832655304675785,0,6,1,9,38,0.8548093325463888,69.74730064211252
P003,electronics,2023-09-18,573.3752898328481,700.9102182135503,18.195615510608143,28.152799591349826,0.7684486133552996,3.936106897334628,24.483090659980242,0.4049417449551761,1,0,0,9,38,0.893273844629042,111.75216180596121
P003,electronics,2023-09-19,785.5126807003167,739.4384092704777,-6.230981627705196,75.5667726378616,0.7696808991160352,4.693869285542972,74.87643072951677,0.42540096754149526,0,1,0,9,38,0.9023448130142361,45.65484699400211
P003,electronics,2023-09-20,681.3534976500257,678.7487099743421,-0.383763186199209,52.286573529640556,0.7642855493962947,3.7946128791904696,39.2535671155181,0.4696320756307414,0,2,0,9,38,0.8747521332090541,68.97018183052438
P003,electronics,2023-09-21,555.6107360394535,761.0399013446439,26.993218744802686,24.182315786966964,0.38585854587034535,4.43812744292974,71.67862446888704,0.6137071205970527,1,3,0,9,38,0.8308668302471249,163.43928398154316
P003,electronics,2023-09-22,590.8371643015281,692.0449059243991,14.624447164694143,32.05563276005233,0.7347397486434761,3.9035991545991178,44.513161650528524,0.4165790997135584,1,4,0,9,38,0.8033613818963343,97.82736686229721
P003,electronics,2023-09-23,672.1720368876677,728.2528372969704,7.700732154708217,50.23446224773071,0.5186701927633699,4.391115551882628,61.797799120509744,0.6391262286192295,0,5,1,9,38,0.812606787341747,91.53500017208634
P003,electronics,2023-09-24,762.8968970100018,760.2524774472747,-0.34783438938682654,70.51200999590829,0.6860457957072096,4.277034977197417,41.6630290225515,0.4026243893698056,0,6,1,9,39,0.851332890400982,50.03983641425969
P003,electronics,2023-09-25,642.4687761682105,707.5269025650936,9.19514525327857,43.595606186633454,0.7136591517398393,4.268868784456789,128.20076409745323,0.8550734483854759,0,0,0,9,39,0.8901030467332893,144.28833232577585
P003,electronics,2023-09-26,683.8570297698916,735.7110764581429,7.048153595550969,52.84612790130036,0.6948764164467808,4.3876753781025,41.84165129118899,0.5451117682388477,0,1,0,9,39,0.8994805989439867,87.65635694711273
P003,electronics,2023-09-27,717.212492057785,713.2287306429059,-0.5585531322172193,60.30127281189351,0.5461110742921411,4.143974680049795,38.17508121083351,0.7630428911084601,0,2,0,9,39,0.8721953516927532,100.6545041051996
P003,electronics,2023-09-28,746.8988892413079,773.7278861574727,3.4674977335254455,66.93635977205582,0.7101630053533424,4.550165319991312,140.2014015641428,0.5523304065766409,0,3,0,9,39,0.8286182389143143,58.457482119007196
P003,electronics,2023-09-29,724.9322874819957,746.584585330063,2.9001801367885016,62.026693166463545,0.8018995831687941,4.161959409268542,110.38641451392544,0.515126027861414,0,4,0,9,39,0.8014216470531541,63.28882649877794
P003,electronics,2023-09-30,710.6178308405625,750.2033100481959,5.276633504201714,58.827326668190786,0.6023054260618117,3.689811825104587,26.60061219381802,0.6254234832281623,0,5,1,9,39,0.8109764837734955,84.99400343222334
P003,electronics,2023-10-01,663.3459039399057,699.8771933841659,5.219671363717095,48.26176885323357,0.8271333439585098,4.234636039686861,25.450139842851744,0.4046557890024547,0,6,1,10,40,0.8500125012017898,61.048019071856096
P003,electronics,2023-10-02,661.4670105923498,788.3160787721439,16.091143082780995,47.84182497547585,0.739530725264933,4.20990699215791,122.41250995958202,0.9582540959072667,1,0,0,10,40,0.8890929631629731,201.21574276889532
P003,electronics,2023-10-03,649.238016553107,674.8471381545874,3.794803319683653,45.1085718163246,0.6205454191928633,3.353209512526642,39.82716310103142,0.5045672071008165,0,1,0,10,40,0.8987811203121077,71.97401185580048
P003,electronics,2023-10-04,650.7269315943155,675.9133073900642,3.726273106384325,45.44135321494429,0.6309723766762795,4.144937903395061,45.678799447548776,0.6018212271302259,0,2,0,10,40,0.8718066852699258,89.20358633743709
P003,electronics,2023-10-05,662.0717365154013,761.1157780726082,13.013005959227181,47.97698482871458,0.8751135597414443,4.026779342331168,67.75326863871216,0.5886859815199064,1,3,0,10,40,0.8285404998707883,129.95378397354727
P003,electronics,2023-10-06,716.408322450223,743.0880460914349,3.5903852553603173,60.12153610474417,0.8542806773769682,4.099264218306075,17.288159482442115,0.6405416335474756,0,4,0,10,40,0.8016548584246858,83.54245803581519
P003,electronics,2023-10-07,516.5754773202646,717.1106135369827,27.96432411279271,15.45770247289295,0.7233302106564377,4.636381661720659,28.77329998289256,0.5624402394530394,1,5,1,10,40,0.8115205764545216,162.79447718778516
P003,electronics,2023-10-08,656.3820987815484,721.1176817054871,8.977117683598491,46.70531683537221,0.828123865352298,4.564934216183124,56.26801394635049,0.49623632500368714,0,6,1,10,41,0.8508673139659068,75.2694825386487
P003,electronics,2023-10-09,648.2837962292444,773.4102914888349,16.17854024397822,44.89529787847214,0.8417831972887084,3.990146905671846,12.74878374507989,0.8255943116655804,1,0,0,10,41,0.8902582427107111,196.0123571052424
P003,electronics,2023-10-10,466.57360473710514,689.9297772051538,32.373754525112005,4.281985503628579,0.7420536705904068,4.754432731231666,73.96652862582299,0.4502085929486184,1,1,0,10,41,0.9002565213459885,175.55856902160278
P003,electronics,2023-10-11,691.6187602744121,738.3282951487661,6.326391008073504,54.5809209966182,0.9577054329570032,4.252346459846321,89.77053837670515,0.8860415849375366,0,2,0,10,41,0.8735917705967801,136.2036417688281
P003,electronics,2023-10-12,668.1978585428964,772.4072368343668,13.49150724151189,49.34620966693632,0.7014108356253125,4.381654095337249,52.53620586197281,0.8344815872995799,0,3,0,10,41,0.8306347405313087,136.43632585679956
P003,electronics,2023-10-13,735.4373921691687,791.6812722713848,7.104359048540946,64.37464676602292,0.6865380145227247,4.234391362365807,40.070998235319415,0.9218611408083556,0,4,0,10,41,0.8040576338501673,114.63284688769699
P003,electronics,2023-10-14,682.4096692498923,713.874932284294,4.4076716538732565,52.52263418619804,0.6822831884885238,4.274668190739977,36.329102775130785,0.6661873879620872,0,5,1,10,41,0.8142311746507501,93.31623415582042
P003,electronics,2023-10-15,714.5991015683942,766.5050820082452,6.771772511130276,59.71716443893158,0.724438312719718,4.370174054657257,48.385219147975256,0.9367233113443546,0,6,1,10,42,0.8538849317241354,126.0413257523758
P003,electronics,2023-10-16,670.3982251920906,715.0177050147101,6.240332163761105,49.83800474639273,0.6897993719872738,4.401305341475331,103.81801002519262,0.9398557692209545,0,0,0,10,42,0.893581985845675,147.86104620385234
P003,electronics,2023-10-17,624.4468208911329,727.4295553175288,14.157073172733966,39.56759161429133,0.6677817550237993,4.074736180123624,17.31043733331354,0.9699730055993224,0,1,0,10,42,0.9038854049608629,169.76452317192482
P003,electronics,2023-10-18,746.4755254479645,815.7605837386151,8.493307922910237,66.84173543730574,0.654186301015828,4.171455563076804,36.41294526857151,0.5433919526534059,0,2,0,10,42,0.8775247193750338,72.30315314061562
P003,electronics,2023-10-19,750.567986509357,784.5514739142103,4.331581615073159,67.7564249112608,0.7160230364613406,3.865463270247389,40.856832468272344,0.4693340193018033,0,3,0,10,42,0.8348705890553364,53.58947881519589
P003,electronics,2023-10-20,764.8022396776915,764.1296228394336,-0.08802391873756577,70.93786545458435,0.5191704671500486,4.385420548179013,64.65755676019084,0.6286655956049697,0,4,0,10,42,0.8085951269466362,68.37756170743732
P003,electronics,2023-10-21,593.7513659683032,673.5893379085137,11.852618123099509,32.70697422661584,0.6741957569777934,4.582330543281846,21.737473733355813,0.6114586153316444,0,5,1,10,42,0.8190689677625266,110.68506736097164
P003,electronics,2023-10-22,625.0073656725547,715.6860421032455,12.670175341719103,39.69287671867115,0.5157063093752323,4.274181435632627,92.79708003818368,0.9992500206347902,0,6,1,10,43,0.8590215913087159,169.61810241361965
P003,electronics,2023-10-23,616.5054101712865,705.8681309927566,12.659973853159714,37.792638918388164,0.7968120077240618,3.634302615521703,72.4200802990685,0.6020234013385202,0,0,0,10,43,0.8990159897999634,114.94851187849832
P003,electronics,2023-10-24,708.8838757805212,711.5660509562688,0.376939733443308,58.43977736278793,0.5470225919890663,3.7517209412801287,57.33734422924982,0.5420788207576713,0,1,0,10,43,0.9096151430722118,79.4433327955368
