synthetic_pricing_mixed_elasticity.csv
product_id,category,date,price,competitor_price,discount_pct,markup_pct,quality_score,rating,ad_spend,stock_level,on_promotion,day_of_week,is_weekend,month,week_of_year,seasonality_factor,units_sold
P003,electronics,2023-10-25,565.9152507605929,710.0671139128259,20.301160316788085,26.48543633185348,0.6106071676999083,4.5592324129649,14.766276330311698,0.8632915028844788,1,2,0,10,43,0.8835484937983823,238.4313606587871
P003,electronics,2023-10-26,659.6487120355414,765.9810883589741,13.881853996061116,47.43542439512326,0.6934589766404605,4.195949026622107,18.218288090273475,0.6073485240092185,0,3,0,10,43,0.8411866148163232,86.50457874616156
P003,electronics,2023-10-27,698.4511590335154,708.8166662204103,1.4623678704066565,56.108002899918915,0.7352970749722867,3.986313214258116,14.135033333132967,0.4455761721789501,0,4,0,10,43,0.8152015324705134,72.48827820771656
P003,electronics,2023-10-28,691.178855251628,686.6145927030132,-0.6647488412162432,54.48259959835822,0.6748448099815864,3.622329791900137,133.0311661888105,0.84707964909904,0,5,1,10,43,0.8259637954287607,115.98148053783294
P003,electronics,2023-10-29,645.5583706501809,719.1953067331013,10.238795413920524,44.28614899426284,0.43458376542901433,3.810550639940179,91.64349082231563,0.8284325983932743,0,6,1,10,44,0.8662027980310668,128.65958615504837
P003,electronics,2023-10-30,640.7377329102115,703.2786178959816,8.892760762850335,43.20870768636677,0.7397637501776279,4.061179005601099,39.02594115867603,0.9147971336364151,0,0,0,10,44,0.9064814476318971,143.62337571236102
P003,electronics,2023-10-31,733.1177059679385,709.4495007899931,-3.3361367019907986,63.85618305450208,0.8941206008265922,4.2277137448176205,56.54928315486525,0.6590301310159667,0,1,0,10,44,0.917362639837455,86.9835752313133
P003,electronics,2023-11-01,674.5164696228707,754.8815793587884,10.646055213611312,50.75845695729947,0.6289984557108448,4.238999467740479,19.09534614366025,0.8068362260726052,0,2,0,11,44,0.8915757337464388,131.170965995713
P003,electronics,2023-11-02,662.1209174596838,741.2552207941433,10.67571615208038,47.987977063308755,0.5343395081515607,4.759281110365702,105.77265089471354,0.9951982054089107,0,3,0,11,44,0.8494912193027511,150.2607885221758
P003,electronics,2023-11-03,814.2479009233907,819.2429671534794,0.6097173159074445,81.9892658700594,0.5463469309617961,4.1145631771453814,20.467847809731207,0.6181766492626942,0,4,0,11,44,0.8237810406617799,63.55479642529567
P003,electronics,2023-11-04,700.8808836099681,736.1997567944943,4.79745787180221,56.65106084508969,0.9723117987626431,4.382210125711737,83.10473769048001,0.9532787953176463,0,5,1,11,44,0.8348156650314267,130.36699531452584
P003,electronics,2023-11-05,747.4221632206792,790.6142180036888,5.463101193913528,67.05331462971859,0.7871702585598813,4.352854069178906,43.08999682190975,0.42529025017776056,0,6,1,11,45,0.8753244060451297,56.527639787600464
P003,electronics,2023-11-06,745.128432401219,803.3692079776284,7.2495653303694025,66.54065210094362,0.7193304398105992,3.9384931153293574,42.707273224869844,0.4073743966934026,0,0,0,11,45,0.9158700911280387,59.99360374027776
P003,electronics,2023-11-07,639.2438155287131,724.335056699302,11.747497291976778,42.87480823483474,0.6668135138178021,4.2974344782330345,70.98655439365218,0.47200164977013287,0,1,0,11,45,0.927015536757987,87.1700986455424
P003,electronics,2023-11-08,676.0210204785925,790.8997086547014,14.525063913794373,51.09473305378861,0.7045629329987864,4.14905400834684,9.427237922732761,0.8953652035045564,1,2,0,11,45,0.9014900237296778,196.02321117533162
P003,electronics,2023-11-09,671.4182598644488,687.6918821386837,2.366411862188162,50.06598858396105,0.7369263777649904,3.748250278400814,48.091788295417544,0.40009464674683404,0,3,0,11,45,0.859663964530606,53.66139692776352
P003,electronics,2023-11-10,678.3531428863909,774.299767171572,12.39140554512409,51.6159763317056,0.8642725907397966,3.912101002033367,4.6587231280124834,0.44021684742251366,1,4,0,11,45,0.834209226730293,82.87599745508527
P003,electronics,2023-11-11,654.5260515105703,672.7677281884329,2.7114375308967587,46.29047919209136,0.8746490631594621,4.5081453107679454,88.29670056969002,0.6867263833918347,0,5,1,11,45,0.845496201844007,107.74781316768566
P003,electronics,2023-11-12,607.2417610300573,671.7385342577337,9.601469908071426,35.72215804324161,0.7337825915931988,4.307378309995465,39.07376691106503,0.5776147309123663,1,6,1,11,46,0.8862541287282154,128.21841932561915
P003,electronics,2023-11-13,703.1593315650182,698.8037188885469,-0.6232955776765134,57.16030756244992,0.6792683903991755,4.387057739647758,157.58363201754563,0.4975769777894303,0,0,0,11,46,0.9270457609689188,79.40522427929533
P003,electronics,2023-11-14,624.3499394405522,720.9467745924597,13.398608407189592,39.54593803182879,0.6106750502481602,4.189745601350853,37.32270211388149,0.9547675193997831,1,1,0,11,46,0.9384338421644935,240.58788170823752
P003,electronics,2023-11-15,706.413937188558,813.4034533805732,13.153314723137427,57.88773134512455,0.7384209221649461,4.232328016635763,40.93269530294553,0.907809267919854,0,2,0,11,46,0.913147581211491,140.77826919686112
P003,electronics,2023-11-16,695.2987605541921,709.5619695922169,2.010142827443511,55.40342302402198,0.6535528060143654,4.454274095462753,58.93216750065992,0.9266550053156398,0,3,0,11,46,0.8715573197018573,129.07132608038867
P003,electronics,2023-11-17,853.2453647196178,807.8862118722417,-5.614547219744992,90.7054317932643,0.6363123525793566,4.662764163412235,12.705219032367133,0.9163626942098257,0,4,0,11,46,0.846334855333162,90.61055094156025
P003,electronics,2023-11-18,739.6256013159528,786.6637973823257,5.979453512783416,65.31073650855605,0.7009524157933608,4.155906905385859,41.25650366318572,0.5654115381416202,0,5,1,11,46,0.8578505107930487,72.20020743221811
P003,electronics,2023-11-19,728.2049099496093,786.5083539377079,7.412946562639602,62.75814382132608,0.7740125664105244,4.147936674731584,67.89476152371422,0.448019541859562,0,6,1,11,47,0.8988334571750569,64.02321750988303
P003,electronics,2023-11-20,633.9945269677384,681.9627445714218,7.0338472278026,41.70156090994938,0.6852183734924229,4.521273883012376,85.19274133407029,0.5264082383965377,0,0,0,11,47,0.9398463813870596,100.21400490802542
P003,electronics,2023-11-21,723.9690449412589,717.2468974678823,-0.9372152737234583,61.81140270928864,0.5140336959450201,3.9945563670783315,46.4371201564998,0.7391039537343624,0,1,0,11,47,0.9514519614538444,104.76268863581785
P003,electronics,2023-11-22,728.7931082971207,764.1120040197185,4.622214483845012,62.889609662783215,0.8043713353276131,4.236470246313795,10.506808215773892,0.7343314269580263,0,2,0,11,47,0.9263793418223522,105.48938393779386
P003,electronics,2023-11-23,675.5239343977389,694.9763398799762,2.799002551021623,50.98363134775268,0.8195177411511416,4.05593566976028,61.15207867247831,0.9899448618834392,0,3,0,11,47,0.8849988007779943,144.06304185073665
P003,electronics,2023-11-24,747.2422822196892,813.1477675141155,8.104982627684855,67.01311015233888,0.7804579635737642,4.448598036455319,124.57840441766932,0.4743283391773372,0,4,0,11,47,0.8599820738736396,71.94231995932486
P003,electronics,2023-11-25,694.7184016337363,719.3012357189822,3.4175993122928405,55.27370934130311,0.7990710846624085,4.163693690697131,83.7819375922449,0.9863449390002694,1,5,1,11,47,0.8716994228324836,181.1901370252044
P003,electronics,2023-11-26,702.8367547143297,757.7596141253421,7.248058406280746,57.08820971095175,0.6894281975298903,4.351743079693098,42.4630559999264,0.4143768310745619,0,6,1,11,48,0.9128799589819303,61.180463640342246
P003,electronics,2023-11-27,728.7005956722764,707.5884855367098,-2.9836706740009995,62.86893253894902,0.6595304143136673,4.508881308425908,172.78848272838187,0.7295507628267366,0,0,0,11,48,0.9540863106797329,105.32148569729209
P003,electronics,2023-11-28,606.0583041731225,716.1299018459498,15.370339569552765,35.457648371999944,0.7372166762366108,4.37158689659175,20.257897984704588,0.9876704578676943,0,1,0,11,48,0.9658810986339482,196.80783156694605
P003,electronics,2023-11-29,686.1226508348954,793.42539803779,13.523986939196014,53.3525077321752,0.8018537427650394,3.813149979082806,39.20576112254005,0.8336572197038181,0,2,0,11,48,0.9409934112251322,138.8864374137436
P003,electronics,2023-11-30,782.5124178506624,818.6320477302863,4.4121934854331855,74.89619598324991,0.6283652060864099,4.570017579722815,18.55028819998803,0.9538863326301147,0,3,0,11,48,0.8997934719392904,129.8731891113838
P003,electronics,2023-12-01,560.0643362207416,760.8100514897042,26.385786422759853,25.177722009755165,0.606041551140525,3.916074255814575,113.79259873056452,0.46155073619861253,1,4,0,12,48,0.8749529628130932,126.08918027298637
P003,electronics,2023-12-02,712.7475033379718,708.6558601191713,-0.5773808485987137,59.30332118277,0.751682526582445,4.84690488951879,36.657558831437136,0.40894615849288474,0,5,1,12,48,0.8868420933526009,42.7821576856228
P003,electronics,2023-12-03,756.9204059124236,752.7371575945976,-0.555738251475955,69.17622856362733,0.793275309590526,4.704685228836965,43.212862354512666,0.6260917636887825,0,6,1,12,49,0.9281899239826312,89.73589428366095
P003,electronics,2023-12-04,759.040272191703,802.2779497704353,5.389363822239455,69.650031329924,0.5425658282268037,4.322306921051153,76.04641542972288,0.6173757989898917,0,0,0,12,49,0.9695590334879723,92.38466236178797
P003,electronics,2023-12-05,648.2852592448907,681.9627207467032,4.938314144934198,44.8956248712014,0.6645051733259342,4.938225878612514,38.92117798118932,0.7299930495195718,0,1,0,12,49,0.9815119943480298,133.3800044422354
P003,electronics,2023-12-06,575.9048211643824,758.9349191935181,24.116705319559223,28.7181649419994,0.8524638596482756,3.359426529153633,68.77529250472215,0.540037271037044,1,2,0,12,49,0.9567778480733159,153.6842625715567
P003,electronics,2023-12-07,649.4905481504634,681.3168854974791,4.671297310322345,45.16501413562291,0.6497804208276171,3.9539128218282924,17.034177146816234,0.47827209230641654,0,3,0,12,49,0.9157267726522738,79.39908328960381
P003,electronics,2023-12-08,683.8907907457068,817.758323290377,16.370060534025928,52.853673680904706,0.7891877634570275,3.8318957768134396,28.0195704911788,0.7054013101220429,1,4,0,12,49,0.8910304060100129,159.68097078028
P003,electronics,2023-12-09,756.8873228113426,788.1630412446175,3.9681787646228877,69.16883429307214,0.6339670738248626,4.290729343732837,31.62133099642218,0.5175035451365403,0,5,1,12,49,0.9030589149400574,65.00271355803373
P003,electronics,2023-12-10,634.4108399207088,702.7590695993106,9.725698697502644,41.79460933979165,0.6759275696010949,3.6896578577198276,65.93163366171076,0.986312643479451,0,6,1,12,50,0.9445413185664002,177.38785303152483
P003,electronics,2023-12-11,751.6978006458229,786.8752430527824,4.470523468305367,68.00894511429955,0.6704312282542464,4.412438958148584,43.995929846623426,0.8007161333438082,0,0,0,12,50,0.9860401557969454,118.8692098741802
P003,electronics,2023-12-12,555.495531163184,732.4252671573444,24.1566947411375,24.15656680949564,0.8304962688790418,4.382082782515991,7.211143079481961,0.8940718322555924,1,1,0,12,50,0.998117960669974,295.9291161296114
P003,electronics,2023-12-13,804.0350530769391,809.822775807911,0.7146900413115436,79.70663341879906,0.6593473074896838,4.165954382749011,118.15731491909588,0.9544206954581528,0,2,0,12,50,0.9735037377020244,118.00148029848958
P003,electronics,2023-12-14,807.8770094038771,818.7503172883281,1.3280370895565614,80.56533358941215,0.5398818801188426,4.387677390751968,132.3579718436449,0.6334987699080881,0,3,0,12,50,0.9325676293456789,70.19184200353254
P003,electronics,2023-12-15,787.6474390921138,818.5299495122422,3.772923695526492,76.04390388019276,0.7759936981959827,4.428930007364374,34.02290233581729,0.6564703199454913,0,4,0,12,50,0.9079812394588177,85.86919246819696
P003,electronics,2023-12-16,508.3863840950451,759.0409350043833,33.02253400969616,13.627391258692619,0.6698201506603747,4.959110900592507,41.682922868932046,0.6297498443978644,1,5,1,12,50,0.9201147022464821,218.18170204285644
P003,electronics,2023-12-17,710.5307582292528,773.1649853160918,8.101017024358958,58.80786541985146,0.7040330400889143,3.665572530134511,86.40334444072323,0.6107317784005418,0,6,1,12,51,0.961697005732569,89.33780060129108
P003,electronics,2023-12-18,727.2401991760083,788.9534460573623,7.822165831172127,62.542525205342585,0.6668975665791919,4.336411318925032,47.48093437495234,0.7524200676744917,0,0,0,12,51,1.003290659222508,119.9204825722952
P003,electronics,2023-12-19,766.4443607999942,789.4240600828979,2.9109448830949676,71.30488932677201,0.7454502572085627,3.831452797085728,45.441348156904255,0.5130081239736701,0,1,0,12,51,1.015458168658467,68.64729497743167
P003,electronics,2023-12-20,739.8710210236945,788.934675910423,6.218975586300537,65.36558927807661,0.8156581651594239,4.580883978779953,15.6180312794984,0.8872199758155963,0,2,0,12,51,0.9909285119755846,138.01568376109893
P003,electronics,2023-12-21,777.4807171697329,786.6796275405223,1.1693337476590102,73.77158084827471,0.7428327414169422,3.601801611996228,76.73540649389108,0.487175027179469,0,3,0,12,51,0.9500718065676341,62.3902298292207
P003,electronics,2023-12-22,771.0956093048651,796.531893893357,3.1933792963596606,72.3444711295875,0.7143417630681476,3.8773048549275337,64.20150458880391,0.6132696781482871,0,4,0,12,51,0.9255596327636872,78.22058007973632
P003,electronics,2023-12-23,655.1305281124824,745.8048814074439,12.157918988656345,46.42558332056729,0.7480324374875047,4.124688861042833,59.48491411318298,0.587767370409015,0,5,1,12,51,0.9377621027769568,95.6954570540876
P003,electronics,2023-12-24,717.1105758203609,811.4201022488286,11.622774216104755,60.27849392452024,0.6787548297286944,4.109370887692618,140.12081663305688,0.5564850563156658,0,6,1,12,52,0.9794081841830092,91.16933422090236
P003,electronics,2023-12-25,748.1904669677737,732.4528275265808,-2.148621569847341,67.22503510298031,0.820243090577956,3.6960282760485317,54.99780613439055,0.8462420889714674,0,0,0,12,52,1.0210603673884986,130.2456172695481
P003,electronics,2023-12-26,565.7690363208675,735.9117620716711,23.11998999334288,26.452756531862523,0.7335317256397307,4.254091515401251,21.358677138284122,0.6200003067247799,1,1,0,12,52,1.0332811409919762,197.26348703564946
P003,electronics,2023-12-27,738.2416997158401,803.3388253079237,8.103321231502973,65.00142624081657,0.6843986340576744,4.577125467631604,10.910588193322761,0.9915831663702063,0,2,0,12,52,1.0087994671452616,144.39191659489228
P003,electronics,2023-12-28,533.829836925671,705.7184317959038,24.356540388609773,19.314154831056733,0.6795067525758391,4.031037079787214,27.44306057395055,0.7686460055902995,1,3,0,12,52,0.9679854490237761,255.54191667926816
P003,electronics,2023-12-29,686.5260320239416,734.48716013893,6.529879719873711,53.442665835594404,0.773024975373295,4.088616201142775,30.928307174230923,0.5357985038422448,0,4,0,12,52,0.943510654307421,88.7120376960274
P003,electronics,2023-12-30,707.9419033366963,761.4114888154369,7.0224295619607355,58.229240899227996,0.6346862610070059,3.8943584407227863,24.619112170990384,0.48201704469342177,0,5,1,12,52,0.9557451841331864,80.34982828466815
P003,electronics,2023-12-31,746.5217722430209,794.928644474317,6.089461307977828,66.8520718720348,0.8221708139519953,3.857365578924416,17.087987491857707,0.5632504945467867,0,6,1,12,53,0.9974179965766226,81.72813651773903
P004,electronics,2023-01-01,384.91253185173764,574.7190064632455,33.02596094386281,15.096983549418848,0.768565639251371,4.0149454227024854,18.32871611846066,0.44450357817095343,1,6,1,1,1,1.0,114.30043006528349
P004,electronics,2023-01-02,579.4430568217215,597.9462469431794,3.0944571048066463,73.26572262532474,0.7530801583672729,3.878042917779885,54.61199794119077,0.973929345237524,0,0,0,1,1,1.0416735775467767,113.83770525470098
P004,electronics,2023-01-03,575.5482745169481,546.6748521792678,-5.281644513659119,72.10110038581362,0.70813760320182,3.845556477379465,165.25659959756868,0.905326048126156,0,1,0,1,1,1.053909637352503,94.66590508517268
P004,electronics,2023-01-04,443.42328442072574,518.2946734531694,14.445718404476068,32.59293540502362,0.703359463332685,4.046044685722841,32.50256717275178,0.4322183127636246,0,2,0,1,1,1.029437137039366,69.20450944846078
P004,electronics,2023-01-05,497.7919083492683,512.8833391845558,2.9424685269132893,48.85030323818722,0.6636824441267184,4.135074386508489,44.900317687202985,0.5306374205482147,0,3,0,1,1,0.9886261770644701,68.58751650499859
P004,electronics,2023-01-06,488.8953813113685,569.9844496024748,14.22654045170186,46.19005359341202,0.8380806588455009,4.187158650729573,108.34403194834297,0.5736430784226476,0,4,0,1,1,0.9641483242015259,75.8031519574217
P004,electronics,2023-01-07,527.1001314549982,588.4872901657924,10.43134826131926,57.61408148264882,0.721833875044216,4.490379584629497,27.032421120708513,0.9413164710296055,0,5,1,1,1,0.9763736804937138,111.03067230354984
P004,electronics,2023-01-08,545.7584268867085,505.52790122300985,-7.958121711258691,63.193306227638296,0.634797799686472,4.182316039944314,51.843844951774216,0.7566843129475713,0,6,1,1,2,1.0180312067349029,83.55188846292981
P004,electronics,2023-01-09,440.5492123054041,581.5460885182143,24.24517660708058,31.73352708857932,0.7688259710772413,4.364321693621268,27.350201307106502,0.8590380588193384,1,0,0,1,2,1.0596833899403912,182.6523451408771
P004,electronics,2023-01-10,574.831133474616,563.1948620875986,-2.0661181715836516,71.88666005477315,0.8577370870088036,3.972450703928056,45.038477897931635,0.8172853625134464,0,1,0,1,2,1.0718927187087335,93.03046261221189
P004,electronics,2023-01-11,477.0961473034328,600.8964481435472,20.602601533524115,42.66183320533117,0.46569608983481586,4.015788551535177,42.714284661439926,0.9373120722284957,1,2,0,1,2,1.0473881585830995,180.49120501984916
