synthetic_pricing_mixed_elasticity.csv
product_id,category,date,price,competitor_price,discount_pct,markup_pct,quality_score,rating,ad_spend,stock_level,on_promotion,day_of_week,is_weekend,month,week_of_year,seasonality_factor,units_sold
P004,electronics,2023-01-12,584.3560572421152,583.6169364029563,-0.126644857792233,74.73481360514805,0.6745100384511155,4.005461996717274,59.50656840910483,0.49340567532518526,0,3,0,1,2,1.0065398195206088,45.38183942424623
P004,electronics,2023-01-13,509.97694677672206,561.6016595855997,9.19240745245856,52.493887303083014,0.7688495974561567,4.1296477394562325,140.25532762547104,0.41731474800167473,0,4,0,1,2,0.9820192793712017,54.15378050214293
P004,electronics,2023-01-14,602.3537972158765,586.8032243850213,-2.6500489746204905,80.11651830496965,0.6099542022030552,4.091758051848247,117.2339782569402,0.6424179701970759,0,5,1,1,2,0.9941966528272232,59.997568078634785
P004,electronics,2023-01-15,497.12818003728785,527.6749669182401,5.788939933867525,48.651834442594144,0.752593728025465,4.273167282486136,16.566941827094254,0.6730310228848833,0,6,1,1,3,1.0358009149008924,86.31661995739411
P004,electronics,2023-01-16,487.43734969840557,551.3377924568645,11.590071210918904,45.75407132033713,0.6775790728205933,4.000012933209586,89.96765479905125,0.8013400633711707,0,0,0,1,3,1.0773945683908295,109.89653044041724
P004,electronics,2023-01-17,540.3964931507987,586.7264213265979,7.896342569855031,61.5899746966379,0.6321505269512778,4.108350161083904,30.24869284811917,0.8519198211485376,0,1,0,1,3,1.0895401192392071,110.25978480259607
P004,electronics,2023-01-18,454.682259451332,572.9379485659476,20.640226295117525,35.95960693854531,0.6083966255292402,4.018893818460901,130.44149894378643,0.7127624841351214,1,2,0,1,3,1.0649665518879692,141.6920713727234
P004,electronics,2023-01-19,537.6125738629753,594.8240688778592,9.618221253691685,60.757523981323324,0.8544841462418258,4.381229227906671,123.40472656804661,0.7690440040111064,0,3,0,1,3,1.0240439967425656,93.38883154678157
P004,electronics,2023-01-20,439.6388516865456,521.8107193955957,15.74744723608368,31.461310019759228,0.5869955830835635,4.459521446842489,24.503348748227907,0.48453107234223924,1,4,0,1,3,0.9994440536447635,99.93045649044642
P004,electronics,2023-01-21,496.5062513935505,584.5481216144385,15.06152649635225,48.46586463139371,0.6695655128946049,4.106121309842996,77.98639493770833,0.4676187162629951,0,5,1,1,3,1.0115368608157156,62.25531928024691
P004,electronics,2023-01-22,494.57321922652767,565.1448672048646,12.487355379758714,47.8878471517913,0.6327867341502673,4.282698959290277,75.28773938615124,0.8868718182482143,1,6,1,1,4,1.0530514183264557,153.64145037453878
P004,electronics,2023-01-23,487.91110703230066,585.0299179125534,16.600657147036614,45.895734777755415,0.5895548172145003,4.330062483141759,41.86561621367313,0.7531862018296369,1,0,0,1,4,1.0945502555570021,142.05037346058006
P004,electronics,2023-01-24,506.1868436675009,504.7898340290159,-0.2767507474020725,51.36056635581736,0.964684602298873,4.09637537278085,42.21214084877866,0.5053693205986999,0,1,0,1,4,1.1065959065456323,65.74407654031394
P004,electronics,2023-01-25,553.9339214484868,570.813512692727,2.9571113628010135,65.6379519204104,0.7987861582406509,4.337761254479859,94.63331648179619,0.5952342541367437,0,2,0,1,4,1.0819173853367738,77.75351681507753
P004,electronics,2023-01-26,587.0507449513698,581.6426430047841,-0.9297980489613442,75.54058219223671,0.7595458993278686,4.845330816086949,86.15981561122608,0.5794385857653059,0,3,0,1,4,1.0408848534359698,63.12411961050688
P004,electronics,2023-01-27,466.93604493906105,529.5470717535638,11.823505435913386,39.623747827682465,0.4541830569450981,3.905770546901239,45.72600456680686,0.9383696032813131,0,4,0,1,4,1.0161699432734734,126.26332627376429
P004,electronics,2023-01-28,400.6929743215108,547.7477587109487,26.847172270592523,19.815669424904023,0.7334198943171766,3.7874221557056433,21.848823460007512,0.8749443453580168,1,5,1,1,4,1.02814282713766,207.0488668556217
P004,electronics,2023-01-29,509.1815709897475,537.717032653679,5.306780319586777,52.25605312961869,0.6328692408628913,4.226759458983771,39.88064823823133,0.8949681576763344,0,6,1,1,5,1.0695325406354277,106.04052741710976
P004,electronics,2023-01-30,561.6294990601593,589.9527955684492,4.800942841706337,67.93909230031137,0.7722026958356444,3.7088316279227813,84.97043405250696,0.4015165298991454,0,0,0,1,5,1.1109016501407698,51.44794974159034
P004,electronics,2023-01-31,506.2250426798699,504.25670500069396,-0.39034437413644163,51.3719886679907,0.716614061307833,3.8550775633896324,63.64322364795961,0.5174191235818237,0,1,0,1,5,1.1228127281330877,66.23480918978817
P004,electronics,2023-02-01,618.0750624341368,604.0656608185515,-2.3191852350291846,84.81750893132613,0.6199358835548111,4.070453235172518,18.10055712343371,0.580354673668551,0,2,0,2,5,1.0979948285336936,58.06438684537515
P004,electronics,2023-02-02,533.7027280614965,600.1883494460864,11.077459508494204,59.58839743787551,0.7226238088667422,4.535380146818146,17.00956618438716,0.567095202014432,1,3,0,2,5,1.0568181541489547,85.9780931450381
P004,electronics,2023-02-03,591.6883440551505,590.8528611713151,-0.14140286672711833,76.92732235678469,0.7093368860803164,4.495120653418694,41.511023865608045,0.6005291760224559,0,4,0,2,5,1.0319543801216537,73.57152108493669
P004,electronics,2023-02-04,480.59629999559706,521.5580122842371,7.853721220625566,43.70845284874059,0.7283130822319525,4.169383082811346,2.3424367820223533,0.8673931035397652,0,5,1,2,5,1.0437737228517414,123.14108001158179
P004,electronics,2023-02-05,546.7028252048555,571.1143068401959,4.274360026174417,63.475701288056136,0.7964897719106178,4.111019517593139,92.381696009069,0.9750091501785654,0,6,1,2,6,1.0850052634436675,128.7716474844554
P004,electronics,2023-02-06,422.6327143112126,536.2883013855053,21.193001372706156,26.376115457993702,0.7736763345167896,4.385658099043391,29.374810510577575,0.4503709968998703,0,0,0,2,6,1.1262116151414716,84.92239117023392
P004,electronics,2023-02-07,479.02454192614357,556.6829286720738,13.950200867696548,43.23846396115291,0.8140969494256431,3.8181508738638166,52.661336367320665,0.6250244189441261,0,1,0,2,6,1.1379553986532058,106.21291261661747
P004,electronics,2023-02-08,457.18660052396183,557.354381985857,17.9720093174825,36.70845785761499,0.7291732725378308,4.26423329468584,71.43715010897695,0.4699267659991796,1,2,0,2,6,1.1129657174731469,96.70643452081846
P004,electronics,2023-02-09,455.87529471123014,549.4108610842874,17.024702822303254,36.31634970039247,0.7145818098021288,4.527788269551933,50.74081940877887,0.655833936861655,1,3,0,2,6,1.0716128253102524,123.03956113682268
P004,electronics,2023-02-10,553.8059924563391,581.6447491027276,4.786213008771034,65.5996984475139,0.8187427151682,4.356368997193362,120.26081902455311,0.6030883062207866,0,4,0,2,6,1.0465684495244354,65.41921676453975
P004,electronics,2023-02-11,551.9436072453601,600.233073615268,8.045119219948223,65.04280590114884,0.6013625407947657,3.954839679149396,93.02181330277257,0.7167458967663546,0,5,1,2,6,1.0582028600318458,80.62098429984506
P004,electronics,2023-02-12,386.92659844225295,502.0274580006866,22.927204025218117,15.699232034602659,0.5494252199435833,4.451983361922609,28.915149817983895,0.605459685029426,1,6,1,2,7,1.0992451927363418,144.05331082010161
P004,electronics,2023-02-13,515.1727096376073,580.6301213576913,11.273512915076543,54.047530229825504,0.5667550219001795,4.3894255818817225,87.77199250068897,0.5939138708990761,1,0,0,2,7,1.1402581169483432,103.89961926279875
P004,electronics,2023-02-14,543.6233287098958,606.9666364006766,10.436044403759627,62.55486673970894,0.7583372231271415,3.9277616655300602,50.99913774648295,0.6063763681501405,1,1,0,2,7,1.1518043106926412,106.20752437702777
P004,electronics,2023-02-15,460.2778726402611,506.454016403896,9.11753925687293,37.63281356566327,0.7040307699330247,4.468479018469669,76.5644620725325,0.9205713197134795,0,2,0,2,7,1.126612936013625,141.74226725893533
P004,electronics,2023-02-16,593.5522514488704,596.0611952350597,0.4209205038418755,77.4846700679661,0.571614611314136,4.601218198474105,85.97634771925533,0.9754042520586607,0,3,0,2,7,1.0850543063863884,110.40239472722466
P004,electronics,2023-02-17,507.6970476862127,524.0266332006437,3.1161747285044106,51.81214928106464,0.8042190576983017,4.269985512326362,54.85395847926306,0.4021065105463904,0,4,0,2,7,1.0598002101352957,46.809474793909885
P004,electronics,2023-02-18,468.97758274277953,561.5360893690045,16.483091359316283,40.23421078631799,0.5930057448604882,3.8845406299245915,7.106781679002311,0.4254171591716692,0,5,1,2,7,1.0712209793211964,58.76870287241355
P004,electronics,2023-02-19,421.28540888486026,559.4158702960497,24.691909676800755,25.973242655315897,0.8907490672553268,3.906790764754887,164.52738342968001,0.7363133109370539,1,6,1,2,8,1.1120458131544833,177.59619897436332
P004,electronics,2023-02-20,554.0535535098392,590.4318981387102,6.16131085457118,65.67372443561331,0.7092511308982142,3.722368899108652,77.68250688249995,0.892511982816798,0,0,0,2,8,1.1528374453951857,111.38411012571673
P004,electronics,2023-02-21,537.680689532007,597.7704908524961,10.05231978493844,60.777892006236115,0.822271179283193,3.699385841296161,107.96479344243568,0.8046646428201212,0,1,0,2,8,1.164158619641682,114.39110208541958
P004,electronics,2023-02-22,405.49256186194964,532.0606818758722,23.78828662318831,21.25084755622729,0.7061595855372677,4.545329203634647,69.79235340292978,0.9036225181227342,1,2,0,2,8,1.138738564616494,222.67646295389858
P004,electronics,2023-02-23,433.5806815008627,513.4872005293656,15.561540569292763,29.64978907278807,0.7200033787312328,4.179896987482434,24.450566105765905,0.6136538042528482,0,3,0,2,8,1.0969476615576388,100.22502244818118
P004,electronics,2023-02-24,558.7202292339177,581.0712878061223,3.8465260702507997,67.0691591242704,0.6593766241633523,3.7714906718249783,43.15315380555116,0.5205224414149946,0,4,0,2,8,1.0714577676171102,68.21040151688206
P004,electronics,2023-02-25,527.5573734120459,562.1058351800028,6.146255670321146,57.750806493277196,0.7141114496705593,3.742504517956782,44.99565575405016,0.7132441426823999,0,5,1,2,8,1.0826392847277027,93.0626777526745
P004,electronics,2023-02-26,555.3690668898342,580.0415959733558,4.253579269969274,66.0670907443898,0.586873900660996,3.9165390683112737,54.95616506369349,0.5029077985888133,0,6,1,2,9,1.1232214829953622,55.83411129173881
P004,electronics,2023-02-27,436.27817632246166,569.7198664364284,23.422334023322446,30.456397045806238,0.5630536225343942,4.729447765137521,25.608099958520626,0.8360443391375918,1,0,0,2,9,1.1637671680782726,194.54153505209487
P004,electronics,2023-02-28,564.9612800385154,603.622696522931,6.404897746078527,68.93536524214383,0.7873395536417283,3.8269452983027725,27.01957601621366,0.5077169754962001,0,1,0,2,9,1.1748391564542628,60.090027128975095
P004,electronics,2023-03-01,551.1984156689713,578.8674804667966,4.779861666354626,64.8199778674754,0.6078176343679786,4.229996449129666,38.1107728427689,0.5131593587629553,0,2,0,3,9,1.1491667506850072,54.69385083589512
P004,electronics,2023-03-02,551.580872442857,534.7783126766177,-3.141967310181437,64.9343405274816,0.5831352570059688,4.066482796833824,74.06085053421599,0.8544893948440714,0,3,0,3,9,1.107120406785493,98.33111339348976
P004,electronics,2023-03-03,445.39199941024174,608.5305127873288,26.808600382229518,33.181622802837666,0.6936696777218663,4.176423482125693,112.25465548290568,0.9610972064480668,1,4,0,3,9,1.0813720576003483,213.24041037522707
P004,electronics,2023-03-04,432.5401838699405,540.1183400330696,19.9175158830086,29.338658286442076,0.6799766664609973,4.709066945874192,173.45852777606055,0.9975946305676631,0,5,1,3,9,1.092292181648235,170.85259775122722
P004,electronics,2023-03-05,502.45579725475966,520.6134761071918,3.487746607752724,50.244904609177205,0.7854903922636403,4.202818606372755,103.08166412896892,0.9132016781813889,0,6,1,3,10,1.1326101264915045,115.59341641174727
P004,electronics,2023-03-06,505.9016481360791,589.0237430246676,14.111841139332045,51.27528686327783,0.6612848944150176,4.485910609529327,70.17192254874645,0.6561412523937022,1,0,0,3,10,1.1728887760923337,133.10741897274346
P004,electronics,2023-03-07,396.75021413885736,504.3861568832582,21.33998748290657,18.636700785719878,0.8616521654513749,4.00220275956685,38.65765470841218,0.6594086430028789,1,1,0,3,10,1.1836910260569278,182.1147093896906
P004,electronics,2023-03-08,611.0890987142,582.8834455183627,-4.838986835653525,82.7285581053236,0.7944042148149084,3.847000452784354,115.76626587742338,0.7484566551713518,0,2,0,3,10,1.1577462588762735,79.32424010468812
P004,electronics,2023-03-09,517.2232749251875,537.9183793599201,3.847257358887446,54.66069259696437,0.6313395468151799,3.9462932065660437,40.325475974671036,0.5118483082997961,0,3,0,3,10,1.1154250112719224,69.42951193428047
P004,electronics,2023-03-10,531.1559741822056,581.0278169365212,8.58338298108784,58.8268641930653,0.8643271327685934,4.146793035408027,57.873402317651916,0.5034711039258792,0,4,0,3,10,1.089399297548404,55.8548578036851
P004,electronics,2023-03-11,446.79356686880004,546.7301771700675,18.278963641361404,33.60072110017038,0.8106457152294644,4.126245504766805,14.02574350110467,0.9741330655797797,1,5,1,3,10,1.100039678413478,211.6766825551223
P004,electronics,2023-03-12,625.2169961660474,609.9032345924119,-2.510851017845375,86.95309808790202,0.5430326874971526,4.2381128076044705,20.525675672887346,0.5943097784475069,0,6,1,3,11,1.1400755843234385,69.13630743733066
P004,electronics,2023-03-13,545.3442084398459,605.0035634487679,9.86099233347308,63.069446156013576,0.5512625553596022,4.22616149761118,115.53565440196468,0.7802730517270013,0,0,0,3,11,1.180069982814686,95.16983364993698
P004,electronics,2023-03-14,472.9545266028161,523.6695308069113,9.684543633071332,41.42340106763598,0.7126969080079787,3.7969497810526445,43.58674605189336,0.7000554014693399,0,1,0,3,11,1.1905858537231626,110.19110770750586
P004,electronics,2023-03-15,471.9139802145244,534.6325064762444,11.731147190262906,41.11225570180583,0.5871658429734217,4.581744999254628,10.647665650074304,0.43034533964740623,0,2,0,3,11,1.1643526644001514,67.13084567465233
P004,electronics,2023-03-16,520.271226582402,545.418539735324,4.61064509562239,55.57209457201092,0.5030103206559401,4.127159313806415,103.17455221578548,0.9138244589288814,0,3,0,3,11,1.1217410370329082,115.24797044355999
P004,electronics,2023-03-17,465.64402889968653,557.564035661886,16.485999971838382,39.237407720453234,0.8097484971353164,3.848419821233042,7.457469902813306,0.5185507514969909,0,4,0,3,11,1.0954230719717541,83.86965555861781
P004,electronics,2023-03-18,515.1447726632427,537.1166029827314,4.090700268335398,54.03917648394096,0.6605875529442208,3.8881885182207063,23.347350349270243,0.6137001791886658,0,5,1,3,11,1.1057694165248269,81.49763597128506
P004,electronics,2023-03-19,500.2423418357137,564.8613527699914,11.439800336382763,49.583034649454945,0.6897351426549367,4.60908218855991,34.86943524207291,0.7715247550178939,0,6,1,3,12,1.1455095882777262,112.45643105715365
P004,electronics,2023-03-20,521.5598507491878,551.350682984294,5.403245729896886,55.95742043763656,0.72896535209003,4.1393696158937345,55.13234492521351,0.839922882971786,0,0,0,3,12,1.1852066423992647,109.12088126894972
P004,electronics,2023-03-21,502.7146106947992,521.3247591695316,3.5697802852061575,50.32229529871203,0.5886935898812822,4.329919184022396,43.121356718127515,0.9333949831337994,0,1,0,3,12,1.1954236468349397,129.37975900577553
P004,electronics,2023-03-22,528.2700467339675,573.9889037904034,7.965111651902324,57.96391088147344,0.6974280927819443,3.8369214627459187,128.22124797532115,0.5599300722725722,0,2,0,3,12,1.1688901574966195,77.68631293631994
P004,electronics,2023-03-23,398.25692282668984,585.764888824097,32.0107895804105,19.0872385331477,0.6720649752943078,4.088720668917699,46.92086415965755,0.9758361028233767,1,3,0,3,12,1.1259768855569363,268.32970820912993
P004,electronics,2023-03-24,496.60517845385937,530.8940503577128,6.458703366660416,48.49544591360914,0.6532859301682109,4.429298884239116,66.80491352209403,0.6078970379060951,0,4,0,3,12,1.0993560207500068,80.69620128734842
P004,electronics,2023-03-25,455.9657308675796,550.1959404388109,17.126663911056415,36.343392022837925,0.7182914563620255,3.643880327634263,70.11997115735595,0.8671274928536135,1,5,1,3,12,1.1093983001397016,183.95740208206485
P004,electronics,2023-03-26,545.6826667237873,594.32092812562,8.183837906437,63.170652337458364,0.7199696196625398,3.9631338943451038,84.35519326706148,0.6325490004620998,0,6,1,3,13,1.1488333314126897,80.16375959140247
P004,electronics,2023-03-27,598.6772578658819,595.6591639915753,-0.5066813467758924,79.01715532229565,0.8198225393201286,4.114337512407833,119.13076403647815,0.7486734399574333,0,0,0,3,13,1.1882242601574946,83.27936282095143
P004,electronics,2023-03-28,481.64422309525924,511.8855428162831,5.907828448258698,44.021804007204125,0.68027493596477,3.756795237343537,75.39239788972873,0.682750429974117,0,1,0,3,13,1.198134245031168,112.5900467256642
P004,electronics,2023-03-29,433.66318850992803,520.3002223681304,16.651354378415714,29.674460412584207,0.6212277566734481,4.267887680173031,171.1191686854317,0.6625586462522761,1,2,0,3,13,1.1712929329221018,161.0799369758292
P004,electronics,2023-03-30,544.8034119393619,526.8286145505317,-3.411887071503414,62.907736570668696,0.6547729160806443,4.395994294264362,43.0113605647434,0.6224825185269085,0,3,0,3,13,1.1280711262174576,76.8365789516753
P004,electronics,2023-03-31,620.3722069592892,583.0738985391839,-6.39684069438736,85.50440370284772,0.8404316281994952,4.273570754368271,96.53472267852719,0.9674427756413764,0,4,0,3,13,1.1011411060768612,91.90368684552598
