synthetic_pricing_mixed_elasticity.csv
product_id,category,date,price,competitor_price,discount_pct,markup_pct,quality_score,rating,ad_spend,stock_level,on_promotion,day_of_week,is_weekend,month,week_of_year,seasonality_factor,units_sold
P004,electronics,2023-04-01,467.8146816430327,516.0375326564061,9.344834040488632,39.8864787753511,0.9428934738076904,4.162090200583158,59.13501505195701,0.6468077493289003,0,5,1,4,13,1.1108737011735819,103.82122056957012
P004,electronics,2023-04-02,508.6811033224126,535.386382440203,4.988038544438153,52.1064027178819,0.6470232294076959,4.441456781454024,24.191958037008337,0.6425576290390919,0,6,1,4,14,1.149998610960428,84.57539963052061
P004,electronics,2023-04-03,392.69888638035906,507.5085273907404,22.622209246542813,17.425268146387697,0.5631750755018984,4.346314627859605,68.93790317552357,0.6814086583316727,1,0,0,4,14,1.189079072921612,183.35706109416333
P004,electronics,2023-04-04,581.4055379824226,546.186411753409,-6.448187921034248,73.85254597654851,0.8377974333925413,4.844611888181116,73.02512671353357,0.5298658500470029,0,1,0,4,14,1.1986783377121948,61.88005099917202
P004,electronics,2023-04-05,553.8297478830203,546.745673821371,-1.295679947888119,65.6068018222489,0.7191772433644138,3.9787698333048076,50.97332699041206,0.7606460794038357,0,2,0,4,14,1.171526144293633,92.959850917696
P004,electronics,2023-04-06,496.534537256556,576.5644429612698,13.880478874776841,48.47432270235691,0.7046211603670917,4.424680834141778,133.06330468726964,0.6891445413016013,1,3,0,4,14,1.1279933871739307,130.96321815627766
P004,electronics,2023-04-07,496.9257194549766,502.7022734607387,1.149100433939703,48.591294448742616,0.662043992507084,3.9698785946043387,99.57967657448633,0.9665046181033972,0,4,0,4,14,1.1007524396540342,122.96090797406227
P004,electronics,2023-04-08,491.9540228544423,523.7534655781604,6.071452470221921,47.104652070300105,0.4708707193115934,3.867450872760965,10.50802675059772,0.963534481702724,0,5,1,4,14,1.1101742225417026,128.19664680731302
P004,electronics,2023-04-09,563.6251771220909,563.7667276403424,0.02510799437277189,68.53584222674024,0.6993263843885897,4.093543628077735,19.87556316343318,0.5370510740991615,0,6,1,4,15,1.148988527390112,68.63117545817416
P004,electronics,2023-04-10,509.8162989722706,534.8782720450848,4.685547045497062,52.44585021367662,0.867817992212487,4.178109170435617,43.28659533145117,0.4201355089883507,0,0,0,4,15,1.1877586837224199,55.49202823628564
P004,electronics,2023-04-11,354.98787200033354,521.8680242495872,31.977462594918833,6.1488776873689215,0.9229639433423198,4.1766617731687745,1.774915740073069,0.935676013852396,1,1,0,4,15,1.1970480341439422,315.9768600078839
P004,electronics,2023-04-12,506.4389546784408,563.7811618773084,10.171004474134339,51.43595287737118,0.668016773587192,4.680272397566675,137.7490090238103,0.6853905906709821,0,2,0,4,15,1.1695864094504522,106.84456489171733
P004,electronics,2023-04-13,411.6562278730517,501.7948720585842,17.963245382668816,23.093913985036586,0.7769820903157786,4.291633873158112,193.66525995815232,0.6696891791112569,0,3,0,4,15,1.1257447958411195,128.45229988919556
P004,electronics,2023-04-14,553.3660832841352,599.3279870400754,7.668906633733892,65.46815630594524,0.5753438033840573,3.7106797124415065,26.437706521552336,0.812663821327289,0,4,0,4,15,1.0981956581377326,101.87278769793427
P004,electronics,2023-04-15,605.852416457534,610.0192812132493,0.6830709920230742,81.1626794142625,0.6692310563493098,4.1534854023445105,56.745102162398254,0.4539913338097724,0,5,1,4,15,1.107310008471454,54.17025911327978
P004,electronics,2023-04-16,563.6236082503149,611.3108421999519,7.8008159937132495,68.5353731009154,0.5096240594355406,4.05513668421266,51.71207426068668,0.5076120155587311,0,6,1,4,16,1.1458177294943594,62.81613116480236
P004,electronics,2023-04-17,479.50166950199906,526.8818912762823,8.992569788176379,43.38113519215967,0.8454310101796491,4.328646301803644,18.731215212631337,0.9681204384975789,0,0,0,4,16,1.1842822415770111,155.6335282153686
P004,electronics,2023-04-18,581.1334474138558,589.1815001502496,1.3659717310101134,73.77118514492365,0.6009263081258716,4.180738861514186,65.83943502796994,0.6477952361157325,0,1,0,4,16,1.1932669778937135,77.75320885939176
P004,electronics,2023-04-19,481.5932855739659,526.1528298161837,8.468935586222186,44.006572611587714,0.8435856464085898,4.285370037142358,31.266375850662328,0.8488661446959613,0,2,0,4,16,1.1655018595039723,126.91656946702253
P004,electronics,2023-04-20,539.9517409666989,582.3455398502476,7.279835764596134,61.45698439213771,0.7510903379086582,4.011949703732557,17.763122207455783,0.9739166494468054,0,3,0,4,16,1.1213579625386896,127.7163930141986
P004,electronics,2023-04-21,405.34613396667584,577.2642797804967,29.781531931820258,21.207062520254503,0.6618762712727126,4.137851493271788,117.08486761287186,0.5913110853619494,1,4,0,4,16,1.0935078413927344,145.8374562424671
P004,electronics,2023-04-22,426.22153913058946,522.142285014775,18.370614416235462,27.449249941847473,0.6162156703977444,3.9928566865300734,30.271363722045738,0.596862085505093,1,5,1,4,16,1.1023225973851616,132.7257346159104
P004,electronics,2023-04-23,565.7200145505602,592.4008051327063,4.503841039879948,69.1622428998576,0.6949919401143533,4.641512669508567,57.202810940141624,0.5144303518028472,0,6,1,4,17,1.1405322019443145,64.57738056592757
P004,electronics,2023-04-24,622.7912200722425,612.6122335185393,-1.6615708921188501,86.22773975825747,0.7214282491738131,4.157945641916743,79.60419593945737,0.8743957156273665,0,0,0,4,17,1.1787001637790981,93.37800483820098
P004,electronics,2023-04-25,509.8130526327459,586.5996775896123,13.090123961947802,52.444879489535545,0.6518282949064473,4.2727808439164825,91.57969912870202,0.5517002698990967,0,1,0,4,17,1.1873900039380552,86.3477027463
P004,electronics,2023-04-26,528.9893915555066,534.1493907269918,0.9660217274538709,58.17901018908166,0.7166781938655642,4.6280508425266955,45.25312605874477,0.6375646574883844,0,2,0,4,17,1.1593317308647868,81.96933806809739
P004,electronics,2023-04-27,494.81084079896107,515.1591986274099,3.949916430234562,47.958901024944716,0.6073486745220251,4.039936912253076,11.292212200903467,0.6930028863971913,0,3,0,4,17,1.1148965075582546,101.28730087240781
P004,electronics,2023-04-28,482.8541226623769,546.0772561510112,11.577690295006658,44.383589553398366,0.5386660598250536,4.182030142705721,9.807009568465338,0.4208452875533962,0,4,0,4,17,1.0867569747396115,55.13981163976274
P004,electronics,2023-04-29,502.85088160601975,519.6024723831126,3.223924378239219,50.363043181748104,0.8625330309075194,3.7914974908609107,148.3535712181641,0.7072623132782796,0,5,1,4,17,1.0952843194868347,96.27740081047362
P004,electronics,2023-04-30,565.1475807020108,611.4405794026139,7.571136143079019,68.99107307867081,0.6261048976098126,4.7196553731532696,2.5654676815861572,0.4838629966560967,0,6,1,4,18,1.1332085983944233,57.255270570225406
P004,electronics,2023-05-01,554.4156616134866,576.2940407736157,3.796391704963612,65.78200241307513,0.4507610348416932,4.397954883631369,18.017346428604295,0.9308818485761174,0,0,0,5,18,1.1710934047194312,119.77957759465744
P004,electronics,2023-05-02,453.3969309732862,546.4664358471855,17.031147526858422,35.57526655351929,0.5588191779258677,4.645068972487787,42.308164960885165,0.7859071701219374,1,1,0,5,18,1.1795023434154894,169.91212736120784
P004,electronics,2023-05-03,396.67747375284233,576.3185212650417,31.170444968154115,18.61494987266887,0.7349615331028385,4.240049825718412,15.255609596878259,0.5521037133550089,1,2,0,5,18,1.1511655061633648,157.7927258755231
P004,electronics,2023-05-04,427.364570590858,515.3343117020414,17.070421882183187,27.79104051059329,0.737755473283791,4.145387870674304,159.7016291024241,0.4736440328047723,1,3,0,5,18,1.1064541385065967,108.06757731313702
P004,electronics,2023-05-05,575.3085765828002,597.0737548068163,3.64530814640448,72.02942563661612,0.8182516917670313,4.2174191490073305,115.56331870827185,0.9531072997286709,0,4,0,5,18,1.0780409629938683,107.55368488360264
P004,electronics,2023-05-06,481.15077424366615,551.447550173404,12.747681245049131,43.87425236974233,0.7944214840251814,4.258548614142546,146.20000651198927,0.8418965252300675,1,5,1,5,18,1.0862972477893937,161.747921919883
P004,electronics,2023-05-07,413.5511863394341,570.3378043884012,27.49013248685074,23.66054662332142,0.5875596504259727,3.674473224963035,107.70014162145239,0.4421179668446282,1,6,1,5,19,1.1239531298085863,105.60521386888948
P004,electronics,2023-05-08,617.0139788909974,603.9297885585097,-2.166508521415634,84.50022252206905,0.8084477524857288,4.136433140640527,34.01781564658366,0.5265267043644113,0,0,0,5,19,1.161572281840289,64.45039506863347
P004,electronics,2023-05-09,515.3153360894303,532.1122044965529,3.156640322319742,54.09017855384914,0.4523318443969977,4.062895854044341,59.24805180665709,0.7879583702814823,0,1,0,5,19,1.169718387557233,105.73895588676825
P004,electronics,2023-05-10,515.5322960222035,601.4813576121185,14.289563675112527,54.15505415998529,0.7763142300709657,4.476744351069933,54.97341663966946,0.7271414309953446,0,2,0,5,19,1.1411216165232707,107.1893331728068
P004,electronics,2023-05-11,617.8232458000194,608.6455511375033,-1.5078882356675178,84.74221043466495,0.5732898438598161,4.130422799365913,43.356198562944996,0.5551037512886872,0,3,0,5,19,1.0961532913059295,55.607934201228254
P004,electronics,2023-05-12,482.2387192511605,557.1443406086732,13.444562907285267,44.19957092465621,0.7163924063593429,3.9772022502682867,32.84894818678594,0.6546028838777653,1,4,0,5,19,1.0674862105959648,121.38089913586039
P004,electronics,2023-05-13,383.05099992177185,544.9299114188151,29.706372894004794,14.540346152113948,0.710299559976168,4.275955630542177,27.913990765417886,0.8742491501915262,1,5,1,5,19,1.0754917177951797,244.92551749581273
P004,electronics,2023-05-14,395.52481874763134,518.2757221560594,23.684478774690927,18.27028166055666,0.7826453110858762,3.9765063697544836,24.02212453435312,0.41158265003072003,1,6,1,5,20,1.1129000241298015,100.79453953254354
P004,electronics,2023-05-15,470.9854498740365,508.8129559827273,7.434462048166669,40.83460550213544,0.5690577700398676,4.325614367662738,13.224855259373761,0.7944358236967979,0,0,0,5,20,1.1502748757506907,113.68967169070325
P004,electronics,2023-05-16,506.8847877173982,516.6719280066552,1.894265927513473,51.5692663803216,0.6702050635186777,4.335966570684869,131.6064135197942,0.645404642041764,0,1,0,5,20,1.1581800287220643,89.74481672853271
P004,electronics,2023-05-17,504.8714959355806,574.4779948433154,12.116477834232711,50.9672495793168,0.5967535024031897,4.022453136988414,41.70230782783843,0.9467618733901066,0,2,0,5,20,1.1293457240072717,128.50512338564408
P004,electronics,2023-05-18,578.7831431658559,609.3159199438837,5.010992783651517,73.06839449254663,0.7539950900755102,4.071002577415548,120.7596512010768,0.9908113323491434,0,3,0,5,20,1.0841433545601986,122.41861822951361
P004,electronics,2023-05-19,507.45261548490396,540.3628412212423,6.090393940108816,51.73905888591009,0.6832752095260827,4.513399870702623,29.801629642845356,0.7273446080472672,0,4,0,5,20,1.0552457884239554,101.31222931799559
P004,electronics,2023-05-20,523.0492377116694,552.3505901518349,5.304846769894973,56.402778623026826,0.7678549654621051,3.637540303349487,73.06526003015696,0.5288556399774833,0,5,1,5,20,1.0630244372981505,69.06181990992032
P004,electronics,2023-05-21,536.0031820816954,601.4104082208672,10.875639204958876,60.27628181837423,0.7052961089914612,3.79343837779787,105.3994062417474,0.9847655265179449,0,6,1,5,21,1.1002095796320297,123.74870746854394
P004,electronics,2023-05-22,589.6761569403092,592.7098671652269,0.5118373074210991,76.32563587455694,0.8014894342063008,4.500751336464612,27.592848365897396,0.737662042480919,0,0,0,5,21,1.1373650277047638,87.7209664131884
P004,electronics,2023-05-23,511.91247510612055,543.0193185208992,5.728496639771282,53.07265118800122,0.6040645039351876,3.8454013434306527,31.92537556550214,0.41892077687873447,0,1,0,5,21,1.1450546025945758,63.69024070999272
P004,electronics,2023-05-24,512.0166239730861,504.8474043489282,-1.4200765543013274,53.10379390078885,0.5862355395730723,4.475832724927512,106.237868221389,0.7941359407928108,0,2,0,5,21,1.116008609145253,90.53315208255215
P004,electronics,2023-05-25,552.9976560839128,580.2476041959243,4.696262063808582,65.35798878503041,0.5961459142964244,4.533839458683872,35.96481483124307,0.7406956548397503,0,3,0,5,21,1.0705985030386214,92.29448006419513
P004,electronics,2023-05-26,568.7632446107021,572.9127723604471,0.7242861304433026,70.07223301757134,0.3901852845479219,4.6250921921512695,112.86153895095309,0.48444601803469195,0,4,0,5,21,1.0414972138746474,56.25047128022061
P004,electronics,2023-05-27,456.35952105454464,511.9566783815001,10.859738660450788,36.46114361292773,0.7661152928661346,4.353075666721506,60.84986686872521,0.4092489750690446,0,5,1,5,21,1.0490762137204688,59.62384959961646
P004,electronics,2023-05-28,562.1114841793129,587.9374196406711,4.392633399170647,68.08321603944609,0.6225908518380227,3.617834524588905,39.927681345171585,0.5022599211279977,0,6,1,5,22,1.0860658401856487,62.5149128756277
P004,electronics,2023-05-29,538.2611421614665,549.947836533718,2.12505506811553,60.951459612421125,0.6839549956734365,4.115966697674998,39.90170011543739,0.6083001038045756,0,0,0,5,22,1.1230299634849277,70.18555454055628
P004,electronics,2023-05-30,473.2081606069364,518.7628252222393,8.7814049890308,41.49924299634475,0.8856843662849172,4.194739227394964,26.943853554124935,0.45925178120901305,0,1,0,5,22,1.1305324613901888,74.16499563467306
P004,electronics,2023-05-31,528.8340640076956,598.0265895876177,11.570141994461354,58.13256396887374,0.7995526691674114,4.175563203666636,80.98979893461298,0.7856302928473349,0,2,0,5,22,1.1013036941801688,103.80730555428788
P004,electronics,2023-06-01,379.01063118724727,550.8536693912553,31.19576899504193,13.332190492608722,0.7957517777643326,4.057519613333626,28.753502167893117,0.8208987403394701,1,3,0,6,22,1.0557151716964999,231.60104018999104
P004,electronics,2023-06-02,449.11979445072103,610.4243290716012,26.424984545784636,34.296312320441935,0.6738991275827686,4.202827908169132,62.67590513452331,0.9368284628533677,1,4,0,6,22,1.0264398764077751,197.98009085377421
P004,electronics,2023-06-03,538.4458898876945,586.2098254637888,8.147924770504321,61.006703087878165,0.5230912267964143,4.338929079199133,33.297709141780196,0.9107733035785089,0,5,1,6,22,1.0338493319429016,114.69610171163592
P004,electronics,2023-06-04,568.1439627019528,593.9739458949689,4.348672761074868,69.88705463608066,0.8297297533925545,4.1761871579939065,58.77456125443554,0.44918126655609436,0,6,1,6,23,1.07067392615108,54.946705473212006
P004,electronics,2023-06-05,509.2914880496399,523.1441114504597,2.647955524609134,52.288920654023194,0.7768440731326766,4.200440211432634,6.237435920068249,0.5031007341501498,0,0,0,6,23,1.1074775781496704,63.541090792102224
P004,electronics,2023-06-06,555.7288796356913,578.4807105252859,3.9330319016056468,66.1746823613516,0.7316273780259713,4.609864435561737,61.688603956609114,0.800564337836202,0,1,0,6,23,1.1148242132616655,99.74284009370922
P004,electronics,2023-06-07,571.5770720270087,588.6124462316112,2.8941580005087575,70.91362689551941,0.7488364760214498,4.438853968492871,26.04405699102963,0.5303479434885283,0,2,0,6,23,1.0854442379513116,64.05838346049578
P004,electronics,2023-06-08,588.6418109637028,574.4928464696751,-2.4628617363949385,76.01634456288896,0.8889282454250251,4.203410972639548,68.38767690356138,0.5087955136625879,0,3,0,6,23,1.039709206866465,51.02723558575833
P004,electronics,2023-06-09,600.6457030795127,588.1383428636003,-2.1266017371040666,79.60576205141734,0.6441579831512466,3.9708157793266947,26.72111514919454,0.7922737905020338,0,4,0,6,23,1.0102921458893788,79.7793835571778
P004,electronics,2023-06-10,535.8940215839739,516.3830812704607,-3.778384889278377,60.243640522051514,0.8177208787416914,4.750240369308718,7.988385039075996,0.49144415202272884,0,5,1,6,23,1.017564620657193,50.74370035882754
P004,electronics,2023-06-11,493.91083590627983,537.8191300208481,8.164137655881854,47.68978053715756,0.594206333799109,4.225777982799722,72.2404238950489,0.6234801686954039,0,6,1,6,24,1.0542570596094645,80.32718211645451
P004,electronics,2023-06-12,560.2327662376838,540.8653356857798,-3.5808230393148692,67.52143966136501,0.675292056319228,3.8610997622068393,33.298300248220976,0.6739070540330742,0,0,0,6,24,1.090933421024011,77.55026692118085
P004,electronics,2023-06-13,524.6022193561126,575.1652264007657,8.791040334803137,56.867152962628424,0.6955264939584779,4.438018560532667,37.28868884779364,0.9712350509783264,0,1,0,6,24,1.098157667942771,126.90922026973965
P004,electronics,2023-06-14,446.8748340853204,576.6603574769427,22.5064063636127,33.625021715788044,0.7380520305316303,4.407210266804591,55.732398612240814,0.8950233463740169,1,2,0,6,24,1.0686602430962522,184.36096524683654
P004,electronics,2023-06-15,512.3034178404998,542.4382826573103,5.555445804670178,53.189551329576624,0.7712186657627037,4.280098829057312,39.7779875550091,0.8887047808783188,0,3,0,6,24,1.0228127359351462,120.85199665053256
P004,electronics,2023-06-16,519.2504218709382,550.4404085282371,5.666369360616954,55.26685238486442,0.6921669151069842,4.045359218074842,33.613673907128174,0.7676011178436877,0,4,0,6,24,0.9932882056707912,92.15340555196187
P004,electronics,2023-06-17,554.9978421138103,609.6828867922794,8.969424247116919,65.95608668917338,0.8255651918520435,4.364231331424666,14.106660567872233,0.8404641885286761,0,5,1,6,24,1.0004582497857997,98.44038870923158
P004,electronics,2023-06-18,540.1026311319121,597.354599895905,9.584251761678864,61.50210374114865,0.8329534243970524,4.023172976553933,23.507096359953163,0.9383779531199767,0,6,1,6,25,1.03705332707214,121.49519135460706
