synthetic_pricing_mixed_elasticity.csv
product_id,category,date,price,competitor_price,discount_pct,markup_pct,quality_score,rating,ad_spend,stock_level,on_promotion,day_of_week,is_weekend,month,week_of_year,seasonality_factor,units_sold
P004,electronics,2023-06-19,506.8396032167401,517.8639186792036,2.1288054766550784,51.55575525948613,0.6112584582303167,4.790833614399594,26.605937226256543,0.5935355419799611,0,0,0,6,25,1.073637424657993,79.69294479893101
P004,electronics,2023-06-20,585.8173621861262,609.9118669216754,3.950489577643089,75.17177467340005,0.6991639212728543,4.492751067487146,76.24912229414655,0.5016800253330638,0,1,0,6,25,1.0807745329250604,50.42284409089342
P004,electronics,2023-06-21,507.9782134253463,528.7644563276208,3.931096852961569,51.89622378052569,0.6501308575190304,4.298103218992684,32.30330852631193,0.9814077781017999,0,2,0,6,25,1.0511951204249141,116.84497140922849
P004,electronics,2023-06-22,571.3281938971703,525.3642816540329,-8.748960263995624,70.83920707375361,0.561934782988986,4.323621341119807,73.2224092711412,0.9840275174650703,0,3,0,6,25,1.0052708009029567,95.04620501819588
P004,electronics,2023-06-23,376.968041257559,525.0173968110921,28.198942826041844,12.72141292606772,0.7035272192645303,3.9818407654220778,44.40633434024814,0.42395931355936556,1,4,0,6,25,0.9756746563316865,100.41370675252051
P004,electronics,2023-06-24,562.3547754176958,602.2116375216898,6.618414461071998,68.1559652625674,0.6229382049874661,4.656192028805114,38.77848024606152,0.6707232449274378,0,5,1,6,25,0.9827783054145791,69.31321824939243
P004,electronics,2023-06-25,601.4127841368702,605.771592892331,0.7195465760698814,79.8351355026142,0.7026603121253563,4.503318926367871,46.85753091098545,0.9594702526483859,0,6,1,6,26,1.0193122266178858,98.49133321396188
P004,electronics,2023-06-26,498.25226668173093,599.3989650707813,16.87468685854442,48.98796011094059,0.5846517469111356,4.088989016229541,30.447459558928962,0.8713760825727987,1,0,0,6,26,1.0558404251916547,150.36621651885176
P004,electronics,2023-06-27,484.6057518202365,556.0317756073719,12.84567302095538,44.907363698648865,0.5320497207086596,3.8375089453022,43.09577591413664,0.9894684142282448,0,1,0,6,26,1.0629269080816708,138.28046652359797
P004,electronics,2023-06-28,516.9105254317686,522.0994218547511,0.9938521679547123,54.56717388733454,0.593705726981683,4.358186975651198,36.87149188133083,0.5974376901405457,0,2,0,6,26,1.033302158840897,62.079662655729486
P004,electronics,2023-06-29,561.3660033450852,596.4773825072108,5.886456082297665,67.86030151156432,0.944125584526534,4.382852968863732,167.08207401540741,0.47585573629301686,0,3,0,6,26,0.9873378046489909,52.542384264230115
P004,electronics,2023-06-30,549.7681438335773,553.839168956704,0.7350554730167538,64.39229635469745,0.4405790842693154,4.821904320901057,68.72311816890276,0.8328862496404101,0,4,0,6,26,0.9577069393415886,90.49126308414229
P004,electronics,2023-07-01,485.66700820699776,559.8080313439697,13.24400847893812,45.224701791802524,0.6535598218590088,4.627169681174055,110.45485307556041,0.6011729902476823,1,5,1,7,26,0.9647811919106681,99.53199616990815
P004,electronics,2023-07-02,597.1065140982224,611.1662413517906,2.300475108453405,78.54746973238535,0.548447353861441,4.185687552997231,30.659906134326032,0.8676017591916922,0,6,1,7,27,1.0012910495333023,80.26462812872307
P004,electronics,2023-07-03,603.962810509003,612.0991423158159,1.3292506465586493,80.59764729196016,0.7226542750930995,4.589374951698229,116.57266617581637,0.9935239154788558,0,0,0,7,27,1.0378005245900983,100.87484365336556
P004,electronics,2023-07-04,529.8890091132388,558.9311105117616,5.196007316882342,58.44801485553132,0.678805107067606,4.4705980358250414,25.753240814020447,0.867335587061543,0,1,0,7,27,1.0448736295750214,111.9668383745325
P004,electronics,2023-07-05,504.9810195776168,556.5658801370662,9.268419499008004,50.999999463465976,0.8185006983583015,4.518452747152754,100.10738655909013,0.6286885920166304,0,2,0,7,27,1.015240852005199,73.88280444720803
P004,electronics,2023-07-06,549.4442728560322,574.7585532318756,4.404332955725643,64.29545208622089,0.5548410421450113,4.172754049987384,99.03269129544023,0.5996582292014077,0,3,0,7,27,0.9692738214392541,66.34062481880244
P004,electronics,2023-07-07,579.6751962612991,587.2952178958735,1.2974772145897768,73.33513722486947,0.578182393319268,4.318895904602359,29.347697304432472,0.7832340452902036,0,4,0,7,27,0.9396456325058893,81.48058151571055
P004,electronics,2023-07-08,534.9478717684156,525.9871444226721,-1.703601968367277,59.9607217268834,0.7524867577885308,4.4364211204808885,37.87063139385914,0.8934181082874584,0,5,1,7,27,0.9467279134040184,96.73777425088436
P004,electronics,2023-07-09,464.9315159339105,589.5909687961421,21.143378962667608,39.02435128213425,0.8253058210243914,4.172927135567903,110.77653204752733,0.9905498598947742,1,6,1,7,28,0.9832511489317466,182.998879501559
P004,electronics,2023-07-10,567.1062248454236,557.2119863207741,-1.7756686445279817,69.57674908061605,0.7109807352856933,3.8526352704250235,55.03259386128033,0.7892331280929434,0,0,0,7,28,1.0197793475055146,85.82223877918511
P004,electronics,2023-07-11,478.55948727369395,513.9249719665513,6.881448970562801,43.09940278944964,0.7569876375979523,3.997183690035359,99.2071933422747,0.4133502111557986,0,1,0,7,28,1.02687651607111,52.49951784538714
P004,electronics,2023-07-12,518.7136632349548,523.1228276619291,0.8428545255195496,55.106350206360155,0.598784596167772,4.5289839550386155,35.18762730273373,0.8843078621214946,0,2,0,7,28,0.9972731350151007,98.02265508880392
P004,electronics,2023-07-13,531.5016156124645,531.6128402963342,0.02092212140843408,58.93021828710098,0.7564498204047496,3.851474609947077,118.8585235940024,0.7262208517869505,0,3,0,7,28,0.9513408251852884,74.3216732967575
P004,electronics,2023-07-14,504.6028894359208,539.9221724361561,6.541550764783913,50.886930557943614,0.5144066712811562,4.345886191422268,18.225971586368402,0.9367127461299609,0,4,0,7,28,0.9217526709218725,101.95977520219222
P004,electronics,2023-07-15,593.1441352249625,605.3892844415798,2.0226901154870056,77.36263468999752,0.6267293210902826,4.291776021314224,43.233579906754564,0.7478996447601183,0,5,1,7,28,0.9288802885606282,79.7858427151072
P004,electronics,2023-07-16,504.86330266218755,549.9864307428828,8.20440751960846,50.96479961737766,0.6650575049364292,4.47091745002108,58.90451115459042,0.6564586426961285,0,6,1,7,29,0.9654541494654079,73.01824791370215
P004,electronics,2023-07-17,524.3089333379958,559.2307424171871,6.244615402981479,56.77945424354521,0.7122581068680472,4.237652662344656,12.834642013416616,0.6638924426999466,0,0,0,7,29,1.0020382470512608,81.77663533229645
P004,electronics,2023-07-18,605.0281961540624,611.0539451108089,0.9861238938002215,80.91622012063183,0.7977263370303121,4.253908614331862,48.1085331712879,0.6118926413695227,0,1,0,7,29,1.00919657169989,61.285489436983156
P004,electronics,2023-07-19,544.4262775300143,555.1112746582995,1.9248387874777677,62.79496541016691,0.8096670887496129,4.5777949739685155,52.091991962249004,0.5590894013302063,0,2,0,7,29,0.9796595856759954,71.48762650846835
P004,electronics,2023-07-20,594.1055335029047,594.9343993049882,0.13932053736543804,77.6501130977501,0.7266975783127559,4.703572189304627,4.604367377365966,0.8043027767001862,0,3,0,7,29,0.9337988901530989,73.57882374735046
P004,electronics,2023-07-21,444.72966053095263,530.0397130703274,16.095030322389356,32.98356947699001,0.5751225369325003,3.6721951533649113,71.19165142394144,0.8031927228413956,1,4,0,7,29,0.904287548250535,119.14195721346661
P004,electronics,2023-07-22,502.39239221095255,501.7839083800034,-0.12126411803709614,50.225945160782764,0.5674842844802237,4.831525991800351,5.1158703500854585,0.7132571421488734,0,5,1,7,29,0.9114971535429193,71.70006710855871
P004,electronics,2023-07-23,498.03979970555383,552.0243273973333,9.779374750802013,48.92442799380165,0.5480894708757436,4.2069247667107215,18.2340941741074,0.7781113414327434,0,6,1,7,30,0.94815815309939,91.99825745165576
P004,electronics,2023-07-24,539.3543541368646,541.6684993285254,0.4272253591503907,61.278353102074725,0.6428264177250665,4.7287419494608836,132.30226772226118,0.6031515831649441,0,0,0,7,30,0.9848345145139361,71.73912529820122
P004,electronics,2023-07-25,561.3140375927774,594.7783829583494,5.626355349218444,67.84476265313916,0.7357575890829301,4.0269032200223505,113.72878533765702,0.7563126188234806,0,1,0,7,30,0.9920902008284966,86.61342054771569
P004,electronics,2023-07-26,557.8180738913121,565.7877902373017,1.4086052197497905,66.79939560649828,0.8126393449722065,4.170417480298597,174.5162366708366,0.9054140726310292,0,2,0,7,30,0.9626556454574089,100.04689466336296
P004,electronics,2023-07-27,522.4567084902667,523.2888607936792,0.1590235080009883,56.22559986056812,0.7906424587401042,4.230921912577227,40.32032757118666,0.4744581256658094,0,3,0,7,30,0.9169024192217802,43.1547441179637
P004,electronics,2023-07-28,561.7541047024381,600.8174700420881,6.501702644717291,67.97635202134599,0.7529299933943668,4.606832014263098,33.02301554008004,0.6799806219701123,0,4,0,7,30,0.8875035533954755,67.86972733137169
P004,electronics,2023-07-29,576.5520392788421,561.5415535976665,-2.6730854707023752,72.40124726783745,0.7534376562840047,3.9309355135696884,47.31040274726246,0.4452867486544174,0,5,1,7,30,0.8948306082240247,39.4902101034522
P004,electronics,2023-07-30,588.9217647278678,562.2677651628985,-4.7404459612311465,76.10005665621487,0.78730660663321,4.382695333947731,68.04251668596312,0.4415897568227901,0,6,1,7,31,0.9316139959737315,32.8978113045683
P004,electronics,2023-07-31,544.9749346956432,583.9790098079384,6.679020043053086,62.95902550055385,0.852841984657309,4.282444038359246,36.88223431023377,0.8416324086896738,0,0,0,7,31,0.9684176479723219,109.10218805701044
P004,electronics,2023-08-01,557.8310959203642,539.2880453834243,-3.4384315943358335,66.80328946845277,0.6929953556272035,4.41762564814733,43.07697535689935,0.701519010554245,0,1,0,8,31,0.9758054895427877,69.22547200424215
P004,electronics,2023-08-02,537.2767736843068,516.9703756993845,-3.927961627869059,60.65711262954384,0.8048401873141626,4.172932620629952,141.78152869036487,0.474654026144328,0,2,0,8,31,0.9465079149390122,38.25364217798838
P004,electronics,2023-08-03,436.5120591585064,594.8060462435058,26.612706458635397,30.526332957747663,0.5863624833296142,4.269494421483277,28.65269497219908,0.8293835416401756,1,3,0,8,31,0.9008964543917453,156.99425277915034
P004,electronics,2023-08-04,536.8423510666281,549.7550870033816,2.348816089567905,60.52721108375649,0.45521611166007836,4.334732427207117,63.430888572545605,0.6309137574958321,0,4,0,8,31,0.8716440971666188,51.321481500212954
P004,electronics,2023-08-05,497.3494639807596,524.5151951742432,5.179207665177209,48.71800301933285,0.6999521281931494,4.210243168002064,32.64784180728428,0.7352903409509929,0,5,1,8,31,0.8791223600955007,74.82084011617098
P004,electronics,2023-08-06,587.2551259062267,576.0747717010244,-1.940781779453581,75.60169641807346,0.7875837328765704,4.599490628990352,29.029428514443136,0.8760068967165855,0,6,1,8,32,0.9160616106384728,83.26014219815434
P004,electronics,2023-08-07,484.6436577413753,510.9229182508489,5.143488297499155,44.91869837034883,0.7722996934624323,4.571321431724768,17.992037861959947,0.8480480635075566,0,0,0,8,32,0.9530257339377521,98.644389774507
P004,electronics,2023-08-08,532.5828520388188,611.3705246885659,12.887057760902309,59.25353083444373,0.6171583069549689,4.251768523197265,261.0478049489377,0.4405329060734123,0,1,0,8,32,0.9605786077652202,50.17808785334168
P004,electronics,2023-08-09,604.8853713080151,587.8222854016266,-2.902762676772332,80.87351247254132,0.8875225388483388,4.231354210822746,76.92941633423405,0.8992372580524904,0,2,0,8,32,0.9314505774721398,80.7408698082238
P004,electronics,2023-08-10,369.9981688339216,506.23731464782105,26.91211055998079,10.637273737806794,0.7698686709353314,4.147595425023152,188.7953905182495,0.7872650999100979,1,3,0,8,32,0.8860131230496223,178.61883451139897
P004,electronics,2023-08-11,508.50605028678655,573.1686764616612,11.281605019669964,52.054058159847386,0.643615166814014,3.502373953758096,41.3606051227761,0.41211695385059977,0,4,0,8,32,0.8569391822015336,38.385551100819924
P004,electronics,2023-08-12,474.4481950320807,510.9994923553305,7.152902863909963,41.87003950209874,0.7251880360092855,3.5921149465898283,25.877946991012525,0.9221974207324566,0,5,1,8,32,0.8646002188911139,108.69034585716433
P004,electronics,2023-08-13,555.3116557994226,528.3622193138983,-5.100560846405569,66.04992361476461,0.740848533814647,3.94161356928423,37.427068562883065,0.49096638275828564,0,6,1,8,33,0.9017265464186368,41.0604129547921
P004,electronics,2023-08-14,498.6817350831693,506.4550700493366,1.5348518409362528,49.11638024134671,0.7329250062159334,4.366399229210648,14.142807926493726,0.9590731258307045,0,0,0,8,33,0.938881994491371,106.83184475884177
P004,electronics,2023-08-15,491.7083311100937,516.7126142692096,4.8391083299716975,47.03118504515161,0.6640088906433328,4.80934761392197,22.32761368872944,0.4600859726430107,0,1,0,8,33,0.9466303841875391,47.76162990138693
P004,electronics,2023-08-16,493.0944073082026,535.4676295316219,7.91331163388598,47.44565112814584,0.6325512825619227,4.003845379056252,185.32974952620611,0.755711202935333,0,2,0,8,33,0.9177020029228327,89.92137313320829
P004,electronics,2023-08-17,545.2249524624417,548.3564482801013,0.5710693888038207,63.03378609786106,0.6310344495099056,4.1840362691181054,60.48272635859747,0.9296834075130909,0,3,0,8,33,0.8724682715280458,89.96633874541222
P004,electronics,2023-08-18,482.59567075847787,576.3895795037198,16.27265864625796,44.306306970811946,0.6436702332454116,4.324282565254081,60.35849594654429,0.5300105463934016,1,4,0,8,33,0.8436020673395148,88.91653523606544
P004,electronics,2023-08-19,475.00765711424833,539.8037284927312,12.003635387886252,42.03733049093194,0.9439874466985501,4.290372744027417,29.867786716758715,0.680980568559975,1,5,1,8,33,0.8514747927636256,99.51928773771527
P004,electronics,2023-08-20,522.2907903670274,579.5496247820823,9.879884649495713,56.17598683443681,0.6074544751900942,4.370970418932793,91.47265952596479,0.826907740187091,0,6,1,8,34,0.8888166983727106,84.51230409351456
P004,electronics,2023-08-21,567.97234694407,560.6281573374348,-1.3099929981245442,69.83573789675074,0.9017775813175064,4.213172490563148,75.8551527740099,0.6000742123189884,0,0,0,8,34,0.9261915499936,49.2715478872487
P004,electronics,2023-08-22,537.8193763889144,585.1637986198509,8.090798224805017,60.819362308102356,0.6935627383985941,4.306185238313095,14.43582501040071,0.5015485584657368,0,1,0,8,34,0.9341631036905099,53.71044126080638
P004,electronics,2023-08-23,557.2896027349075,558.9189426703819,0.2915163203611879,66.6413715595741,0.5797328492228008,3.9029958858290583,24.368527811905476,0.5055147287897155,0,2,0,8,34,0.9054615807508216,44.24838750336277
P004,electronics,2023-08-24,530.2235251935741,533.2864226581534,0.5743437924618928,58.54804223476511,0.8803037862894352,3.752004682419474,52.227788037367034,0.9874919438508931,0,3,0,8,34,0.8604583347823149,92.78977758048894
P004,electronics,2023-08-25,454.0077131831457,546.3621345829706,16.903517933269214,35.75790334536985,0.7203482003452287,3.7767593144727125,65.1248451278679,0.5151853035155427,0,4,0,8,34,0.8318261748235166,59.5133377655056
P004,electronics,2023-08-26,578.6781849746166,597.5833968352434,3.1636106292021307,73.0370097746931,0.7375190016942292,4.542849101866871,54.522437397318484,0.7159093699129782,0,5,1,8,34,0.8399364339284563,61.4125329294969
P004,electronics,2023-08-27,558.0148459774094,552.6714792033933,-0.9668251348374204,66.8582346197348,0.6593848583426196,3.9159051703147956,69.5968960457908,0.6782390415587924,0,6,1,8,35,0.8775192922831115,54.75767948709936
P004,electronics,2023-08-28,538.8126253428411,531.905927529678,-1.298481076388768,61.116364741254145,0.8997500093179673,3.7301908151950163,37.05692060932536,0.5564986480150053,0,0,0,8,35,0.9151384443148142,49.614324342053
P004,electronics,2023-08-29,508.89896443344355,590.8342869279853,13.867733188024777,52.171547795366806,0.7079070268208828,4.410021808897873,117.65421220489837,0.8697930143594416,0,1,0,8,35,0.9233575736962961,107.83065094367578
P004,electronics,2023-08-30,491.13133243448493,510.5453001577328,3.8025945429817742,46.85865024417984,0.5872409048791236,4.934576096452218,12.959555537960135,0.7699527028427479,0,2,0,8,35,0.8949068283529178,75.7070300165957
P004,electronics,2023-08-31,464.80833739311333,541.3373319996665,14.137025119597759,38.987518294609615,0.8265014234071697,3.9983455091479536,123.2421901860714,0.644250983689231,0,3,0,8,35,0.8501574875816478,65.20738642143934
P004,electronics,2023-09-01,547.0706373094971,589.2116096474656,7.152094705530683,63.585684882390034,0.7655078017630526,4.298667461018113,100.66925169981894,0.8148318671290111,0,4,0,9,35,0.821782285183422,79.15445306348161
P004,electronics,2023-09-02,587.5824779973253,568.9232031675504,-3.2797528253175807,75.69958161308853,0.5729231211170459,3.7339673445751784,45.45740642047607,0.7923030338899757,0,5,1,9,35,0.8301524780702,66.94503288923411
P004,electronics,2023-09-03,551.8268194696017,601.1293430847454,8.201649808366316,65.00788388746284,0.734672401624195,4.098892087595587,71.78743017519272,0.8476903022960728,0,6,1,9,36,0.8679981694039689,93.66252310087816
P004,electronics,2023-09-04,560.9688906075672,560.1806629082605,-0.14070955166757848,67.74155640862497,0.7753530751100682,3.990390919422358,49.27895589240378,0.7517607059159608,0,0,0,9,36,0.9058829757289768,63.85562056876866
P004,electronics,2023-09-05,558.4146890854375,570.9961587389353,2.203424569665123,66.97779616117298,0.6195248186280862,4.667488487031735,87.28386621108557,0.7385307862200193,0,1,0,9,36,0.9143705019988548,83.2087860217394
