synthetic_pricing_mixed_elasticity.csv
product_id,category,date,price,competitor_price,discount_pct,markup_pct,quality_score,rating,ad_spend,stock_level,on_promotion,day_of_week,is_weekend,month,week_of_year,seasonality_factor,units_sold
P004,electronics,2023-09-06,470.37869821080596,546.0458635143272,13.857291183661864,40.6531739289272,0.6825138364323318,4.138727853100448,83.37854880334231,0.7586122179661005,1,2,0,9,36,0.8861908166071757,118.71987054379969
P004,electronics,2023-09-07,553.2222202798933,574.7786291290324,3.7503845405323553,65.4251382266093,0.6850121966477831,4.533687734967518,70.19613161898953,0.692516542243,0,3,0,9,36,0.8417151185299904,67.81921899848403
P004,electronics,2023-09-08,544.4199447587438,606.6261506678225,10.254455044609784,62.793071777690876,0.7534128118794674,4.264623420819038,43.84627854644431,0.40804288855119464,1,4,0,9,36,0.8136160604820001,54.25509634044269
P004,electronics,2023-09-09,460.99059473684326,549.2915868175628,16.075431373764538,37.84593253851403,0.7945497304659395,4.176181085584352,61.871727016101225,0.8851517016574587,1,5,1,9,36,0.8222648175476345,137.17416906995533
P004,electronics,2023-09-10,567.8981018540671,605.5627782545909,6.219780632667742,69.81353704539998,0.8405718643394265,4.499992820680146,133.62136811714214,0.906874216173737,0,6,1,9,37,0.8603914103443027,81.43441801339216
P004,electronics,2023-09-11,539.1580350732355,585.5716002366589,7.926198119011461,61.21964955213249,0.5843872632848968,3.867370531378502,65.62001015755068,0.5844236315224269,0,0,0,9,37,0.8985593721790872,57.74736306395718
P004,electronics,2023-09-12,553.0145011750207,605.8706775926948,8.724003054197558,65.3630258233539,0.45066499515173153,3.788322164277062,18.08969811030476,0.5295198385956932,0,1,0,9,37,0.907332224100528,58.91489027438941
P004,electronics,2023-09-13,466.66974257627265,508.3660488935635,8.202024192614955,39.544117791940124,0.6584908663274671,4.411544597681453,59.67875130662752,0.8348256924786266,0,2,0,9,37,0.8794399499540523,97.32669009692191
P004,electronics,2023-09-14,517.1809132374335,550.4763943682975,6.048484816333035,54.64802555685763,0.5771651234762095,3.9007867887752745,200.71795624400042,0.680688577708583,0,3,0,9,37,0.8352536635495557,56.86181093912405
P004,electronics,2023-09-15,584.5640542205256,562.7213982069645,-3.881611057116316,74.79700909846508,0.7000539362628878,4.290888692249619,46.059068451943915,0.41308407587463736,0,4,0,9,37,0.8074459318428145,30.809373473543022
P004,electronics,2023-09-16,567.3759072989241,584.2193054583981,2.8830608646624745,69.65738983493179,0.8132702173216111,4.4564364004239145,31.94791035674951,0.9389554502048947,0,5,1,9,37,0.8163878435919755,89.16854482141137
P004,electronics,2023-09-17,457.7013384813757,525.222860616576,12.855785076821402,36.86237538773985,0.6151622196117861,4.20522868588743,63.94016930616799,0.5098812229430619,0,6,1,9,38,0.8548093325463888,65.10416554849041
P004,electronics,2023-09-18,529.4023990693694,557.2166023890682,4.991632194813527,58.30250816614197,0.7963254376589038,4.304386239782037,62.9968148075345,0.6059602942434424,0,0,0,9,38,0.893273844629042,56.26296595800912
P004,electronics,2023-09-19,480.06469634870336,578.3770962514348,16.997975981398916,43.549492120943604,0.822071519549544,4.0699948334746425,36.970956777186174,0.9137464250149722,1,1,0,9,38,0.9023448130142361,151.01619149812964
P004,electronics,2023-09-20,488.85315957572925,534.1890010748775,8.486854167331227,46.177428401945996,0.7483443668278318,4.3368118765151085,76.54258423653033,0.6872213205104714,0,2,0,9,38,0.8747521332090541,77.94623451224913
P004,electronics,2023-09-21,603.1999465378584,611.9659762199722,1.4324374267112576,80.36953483868442,0.6139476132018761,4.17825668412179,44.18026801319853,0.7654723733279781,0,3,0,9,38,0.8308668302471249,63.33882386795372
P004,electronics,2023-09-22,492.9160701362539,511.3885511776927,3.6122202968560693,47.39232454392869,0.8189194972093947,4.2861482632808325,37.42031995539068,0.7164616509575368,0,4,0,9,38,0.8033613818963343,72.5412655571066
P004,electronics,2023-09-23,560.244735079067,535.0782771251012,-4.703322678166197,67.52501859794357,0.745287432679489,4.120136114878052,95.11995774881262,0.7577965630023172,0,5,1,9,38,0.812606787341747,68.02437325154678
P004,electronics,2023-09-24,566.8987786152546,556.3863654667591,-1.8894088354729108,69.51471827266525,0.7852408410159974,4.546985410174504,124.38132189909602,0.41340696025977475,0,6,1,9,39,0.851332890400982,35.223677741430585
P004,electronics,2023-09-25,497.38035251855274,527.638764204635,5.734683222468296,48.727239345074544,0.8112046842103207,4.034545280969106,11.40016016494436,0.5282277849115474,0,0,0,9,39,0.8901030467332893,53.99360356705256
P004,electronics,2023-09-26,510.170346536971,520.2501619079964,1.937493942156225,52.5517179196045,0.6541178927324895,4.516611287358706,45.05377004730666,0.9270013635325522,0,1,0,9,39,0.8994805989439867,109.28442631944847
P004,electronics,2023-09-27,509.78141634679656,533.8364087103896,4.506060652869984,52.43541957128878,0.765611620186027,4.430764583168715,44.786030740854024,0.7305475839687314,0,2,0,9,39,0.8721953516927532,71.91168804726188
P004,electronics,2023-09-28,485.4333114777134,514.377757393883,5.627079612232443,45.1548215297165,0.6760246675235859,4.221427494131042,42.18685916970327,0.8250153616231968,0,3,0,9,39,0.8286182389143143,83.78601603429955
P004,electronics,2023-09-29,485.5144636253041,525.052391688285,7.5302824420717815,45.17908773729179,0.6221412953188288,4.393219476887167,59.3197661722221,0.8806933583806944,0,4,0,9,39,0.8014216470531541,94.7795899351632
P004,electronics,2023-09-30,545.8317293609408,598.8023449925319,8.84609355233097,63.215225216948035,0.8160727284317493,4.820300431687087,149.91417809130965,0.5620014886727172,0,5,1,9,39,0.8109764837734955,43.51198157814515
P004,electronics,2023-10-01,526.6096807740157,599.3136268629389,12.131201899994556,57.46742636157684,0.8168722794231236,4.12640775414366,78.20603911818917,0.5943634720964295,0,6,1,10,40,0.8500125012017898,61.17735288733204
P004,electronics,2023-10-02,546.1446020022116,564.6629959799226,3.279547997575774,63.30878075038877,0.6060314683818696,4.324198760616453,48.82500943345836,0.6443478503572424,0,0,0,10,40,0.8890929631629731,70.9097497152841
P004,electronics,2023-10-03,477.2119208416368,528.0609402770259,9.629384708649951,42.696451940548805,0.6695377351645264,4.371651939311239,71.44223308590058,0.4859775948585607,0,1,0,10,40,0.8987811203121077,61.125239615231614
P004,electronics,2023-10-04,535.5482612775484,543.851256981797,1.5267034134162953,60.14025088152916,0.6091384112031902,4.016467903810344,28.63464536582545,0.4657749917980014,0,2,0,10,40,0.8718066852699258,45.81914377976482
P004,electronics,2023-10-05,505.1760199770273,523.6828906759883,3.533984216110573,51.05830870493211,0.8320242967252667,4.227753781282127,37.188468274972514,0.769813794159415,0,3,0,10,40,0.8285404998707883,81.8877274381012
P004,electronics,2023-10-06,575.5620396962772,602.3793663362588,4.451899938586498,72.10521646541012,0.6747646518009109,4.375113425947185,84.50798323602594,0.4707437870921706,0,4,0,10,40,0.8016548584246858,41.557105735658546
P004,electronics,2023-10-07,607.7061393512331,570.9611015936295,-6.435646431086689,81.71698174465128,0.8968244455161772,4.130329361602949,34.49478593448938,0.9114100700103005,0,5,1,10,40,0.8115205764545216,70.98827008594816
P004,electronics,2023-10-08,590.1926125691846,562.9127402045169,-4.846199138210358,76.48006702475803,0.660493309387279,4.177143716612695,38.31857029210597,0.42657725859819545,0,6,1,10,41,0.8508673139659068,31.944341784188904
P004,electronics,2023-10-09,561.4533294832289,604.4300034775378,7.110281380316348,67.88641387282468,0.8290180638778603,4.013734728243821,133.8965431144085,0.8605040172372185,0,0,0,10,41,0.8902582427107111,82.42530193828027
P004,electronics,2023-10-10,513.2185129650213,542.1164609561226,5.33057932609803,53.46318411567092,0.5672492509462569,4.049646858914089,85.4254275908947,0.6256990662586466,0,1,0,10,41,0.9002565213459885,62.266411465974336
P004,electronics,2023-10-11,537.1604679094839,554.2063702451475,3.075731938650116,60.62233474432641,0.8213014720080005,3.625743998177759,12.582412659731704,0.9506773756664079,0,2,0,10,41,0.8735917705967801,100.52944371152466
P004,electronics,2023-10-12,557.9083842938405,531.3786848919354,-4.992616406377015,66.82640032589296,0.8284080276542287,4.148948240579765,21.386513806230212,0.9021420671899929,0,3,0,10,41,0.8306347405313087,80.61300443656825
P004,electronics,2023-10-13,498.16890426948885,543.007284083112,8.257417741519703,48.963032987512555,0.5211339742367325,4.33967765261856,17.85879468882937,0.7304594358232918,0,4,0,10,41,0.8040576338501673,70.636358632428
P004,electronics,2023-10-14,550.7447395549113,550.2941332545163,-0.08188462735921131,64.68431911927743,0.7230459880627633,4.401891061809575,62.29866564774528,0.635188667744176,0,5,1,10,41,0.8142311746507501,49.664525233839775
P004,electronics,2023-10-15,527.8108192437682,542.4380601812078,2.696573491276271,57.82659215446124,0.5723782316898849,3.7793944513056372,42.87038484969122,0.49430948296502414,0,6,1,10,42,0.8538849317241354,42.19496912350499
P004,electronics,2023-10-16,466.45870618747216,527.7980852779681,11.621750969064458,39.481013450667454,0.546297399887207,4.855269180526471,21.149961273214302,0.89264714646811,1,0,0,10,42,0.893581985845675,140.5676521260066
P004,electronics,2023-10-17,393.21073870486856,508.8685545403346,22.72842658551397,17.578322811275807,0.6435297646002054,3.9460476126689366,128.5873310998668,0.8277752893357158,1,1,0,10,42,0.9038854049608629,171.03846789762875
P004,electronics,2023-10-18,548.8276111944541,534.9766946859847,-2.589069140030383,64.11105721402289,0.6779210850207945,4.078348990033774,73.6633841317566,0.4437759183477729,0,2,0,10,42,0.8775247193750338,42.612471745848545
P004,electronics,2023-10-19,472.279495364371,565.8975459753477,16.543286196730584,41.22155245810153,0.6684459937103642,4.468799163124091,55.87920921969666,0.9648554030907278,1,3,0,10,42,0.8348705890553364,148.59949246771967
P004,electronics,2023-10-20,549.1902890483143,575.4473159108899,4.562889796611992,64.21950555884209,0.7106505401419186,4.037190937829216,94.72181294906338,0.6664954433875001,0,4,0,10,42,0.8085951269466362,58.929826325881066
P004,electronics,2023-10-21,497.1011980993635,511.06123091039177,2.7315773466440048,48.643766272793414,0.7283478475576508,4.432253855562968,34.21005942647763,0.41439756748004386,0,5,1,10,42,0.8190689677625266,42.23809033776664
P004,electronics,2023-10-22,516.6660994113347,561.2652009780397,7.946172591671164,54.494085340392225,0.6219595394071372,4.235255285747429,37.49762888151424,0.42105256672978003,0,6,1,10,43,0.8590215913087159,33.20192629833684
P004,electronics,2023-10-23,499.6240209956342,558.6926934921656,10.572658848877477,49.398143647812255,0.7030423680042476,4.369011912529465,26.98274756017232,0.8125630605962759,0,0,0,10,43,0.8990159897999634,92.30951647610142
P004,electronics,2023-10-24,506.76323930831927,527.5858540784774,3.9467727591992623,51.53292083663947,0.6296843537744186,3.739982373324381,82.47998283732481,0.44292329313422585,0,1,0,10,43,0.9096151430722118,44.53941023489852
P004,electronics,2023-10-25,591.8885041548727,589.6683931724465,-0.3765016080448005,76.98717445771304,0.6407619539512625,4.093060975859087,35.15501162903724,0.9598089238782523,0,2,0,10,43,0.8835484937983823,81.53092902503509
P004,electronics,2023-10-26,613.7284276492113,597.6695423392113,-2.6869171293466585,83.51777324870459,0.7523727765413853,4.381663194775675,34.98201777594795,0.927592995559036,0,3,0,10,43,0.8411866148163232,72.93928636132739
P004,electronics,2023-10-27,506.9715897869753,542.9854053501053,6.6325568253366,51.59522203400247,0.6887043534770889,4.420601235975752,38.34883330758864,0.6437964838280352,0,4,0,10,43,0.8152015324705134,60.10268775110324
P004,electronics,2023-10-28,542.7973883819067,577.3424314896964,5.983458208442149,62.307893122388585,0.5328027528207447,4.058192316682929,18.95051465248708,0.7277487805617331,0,5,1,10,43,0.8259637954287607,65.26118872920708
P004,electronics,2023-10-29,515.2070315156674,561.5846871541555,8.258354741385151,54.057793196883125,0.6223824435102112,3.938118511602822,34.470047854259846,0.855927222423274,0,6,1,10,44,0.8662027980310668,85.44546099691311
P004,electronics,2023-10-30,497.61426784788785,581.7735834337403,14.465991234790678,48.79718497319664,0.5393397264641994,4.351616703519642,17.128984161256053,0.6925392179673548,0,0,0,10,44,0.9064814476318971,89.96419995233872
P004,electronics,2023-10-31,546.9649402802469,574.9282912894934,4.863798048018847,63.55407923635323,0.710932698296245,4.167942389763268,109.41190416978817,0.5065718916731213,0,1,0,10,44,0.917362639837455,62.854840016855164
P004,electronics,2023-11-01,492.27530502133504,565.4751373472707,12.944836561573185,47.200722229667676,0.7218568888873715,4.700642424390212,137.80766966300115,0.962672578275274,0,2,0,11,44,0.8915757337464388,116.3063970957351
P004,electronics,2023-11-02,518.8573588014948,538.9946999241515,3.736092604526628,55.149318218283845,0.6516521865005622,4.191453262646882,27.09262300411713,0.6279736750884451,0,3,0,11,44,0.8494912193027511,63.35555308700911
P004,electronics,2023-11-03,502.72290165717686,591.821988069821,15.055048343714555,50.32477447172258,0.7026829530924814,4.196577276343451,72.50541339375076,0.4662658761646907,0,4,0,11,44,0.8237810406617799,49.99824184077972
P004,electronics,2023-11-04,545.7648675347147,562.7286747747642,3.0145624348784636,63.19523211753863,0.7546398951667271,4.092437241731218,12.2404296505291,0.6506912836637522,0,5,1,11,44,0.8348156650314267,62.14712888505202
P004,electronics,2023-11-05,457.04499408590635,541.7634292855895,15.637533030127056,36.6661145392695,0.8283719187733218,3.935497842492545,41.02570345958138,0.42128175120499994,1,6,1,11,45,0.8753244060451297,70.81541157682832
P004,electronics,2023-11-06,448.48810457963197,586.55976863764,23.53923188061416,34.107423695924304,0.85092400198275,4.314635151177756,56.485091655851406,0.8545161964797068,1,0,0,11,45,0.9158700911280387,159.9020565269098
P004,electronics,2023-11-07,484.69045779454933,511.9927569280423,5.332555737176213,44.93269257553713,0.6807041147433297,4.15955594229168,47.489253822719455,0.44439333052114305,0,1,0,11,45,0.927015536757987,50.77651259411217
P004,electronics,2023-11-08,520.0335333304961,529.2686657525229,1.7448855410505222,55.501019265180005,0.68866452058927,4.239465492053249,38.908490058799664,0.4418897808913372,0,2,0,11,45,0.9014900237296778,47.00493144389591
P004,electronics,2023-11-09,500.19529106936585,578.5690572043228,13.54613855667692,49.56896547572792,0.8193542471004938,4.304328194468067,92.81124841209977,0.568803151627382,0,3,0,11,45,0.859663964530606,62.38736137803845
P004,electronics,2023-11-10,466.2394778912983,503.56530459718016,7.412311047866996,39.4154595559244,0.45395641779037943,4.157946621052397,110.53080521577111,0.42686342351085704,0,4,0,11,45,0.834209226730293,44.26656328802788
P004,electronics,2023-11-11,536.9125952419674,593.6497178619828,9.557340113687392,60.548215577048985,0.4971726959421209,4.1000322037912795,18.053772691758883,0.6027408554650379,1,5,1,11,45,0.845496201844007,71.62572643872033
P004,electronics,2023-11-12,419.80993651992526,544.0603246553815,22.837612394206264,25.532045228727664,0.7510676137858807,4.481672649611868,29.58285144876411,0.7168840343642522,1,6,1,11,46,0.8862541287282154,144.45285329032382
P004,electronics,2023-11-13,498.3553829601175,552.007648213879,9.719478602762692,49.018794057915606,0.661811135654067,3.4092483091460384,22.85917871337122,0.9668254304952474,0,0,0,11,46,0.9270457609689188,112.35118709618406
P004,electronics,2023-11-14,421.19996358868406,563.8234443010274,25.295769829002737,25.947692705562233,0.6038528186489492,4.184486162831919,81.64716599183177,0.9324444843813781,1,1,0,11,46,0.9384338421644935,191.6565393028907
P004,electronics,2023-11-15,504.1039886911588,562.0608192406504,10.311487398782193,50.73774868917872,0.5324919199538235,3.6607995066200196,31.625384965778736,0.551624715825475,0,2,0,11,46,0.913147581211491,69.44843307436419
P004,electronics,2023-11-16,525.899435257899,574.4677391853631,8.454487626465763,57.255047938636785,0.8193242275141431,4.115636261313513,62.843780757834466,0.7897485667707034,0,3,0,11,46,0.8715573197018573,85.48295049778562
P004,electronics,2023-11-17,436.75301866376856,551.7627377669295,20.844053291569363,30.598384943376217,0.533676552076051,4.841484694937627,9.438580026143809,0.9136897435575649,1,4,0,11,46,0.846334855333162,151.8893643479342
P004,electronics,2023-11-18,369.6868190516185,571.6360072621887,35.3282833210231,10.544173571388567,0.7586801850735655,4.119287672433575,109.7314089391166,0.4274658036572354,1,5,1,11,46,0.8578505107930487,107.98698683071567
P004,electronics,2023-11-19,487.7972994545736,526.8615956783906,7.414527182137375,45.8617039062781,0.7323041623787379,4.247388809325888,32.09229103219197,0.8671085769115343,0,6,1,11,47,0.8988334571750569,93.38457675039676
P004,electronics,2023-11-20,462.74205351326765,591.3248294833726,21.744863323673542,38.369655736113764,0.4217039567656779,4.1738554822993725,108.48126641456655,0.8299974508802181,1,0,0,11,47,0.9398463813870596,139.36721536718764
P004,electronics,2023-11-21,462.81096386071073,510.95409095097256,9.422202100517342,38.39026138666997,0.5880441625528445,4.014998194476532,50.90169168103627,0.48627110380971533,1,1,0,11,47,0.9514519614538444,82.45404285206541
P004,electronics,2023-11-22,513.4720332629723,583.5091683576685,12.002748010253388,53.53899204383146,0.6023574460268402,4.492600720466628,69.48084875967054,0.9592780439806983,0,2,0,11,47,0.9263793418223522,101.390213722285
P004,electronics,2023-11-23,557.76333573267,578.6108919361365,3.603035562242318,66.78302773997432,0.7840216859964081,4.259797858831548,12.969243015403581,0.6340679280603598,0,3,0,11,47,0.8849988007779943,59.69555891774399
