synthetic_pricing_mixed_elasticity.csv
product_id,category,date,price,competitor_price,discount_pct,markup_pct,quality_score,rating,ad_spend,stock_level,on_promotion,day_of_week,is_weekend,month,week_of_year,seasonality_factor,units_sold
P004,electronics,2023-11-24,529.6699692769321,589.3448127878863,10.125624628587696,58.382517314272334,0.6789642396223088,4.103676171162226,36.41509797644174,0.8315726800913681,0,4,0,11,47,0.8599820738736396,78.80295196978959
P004,electronics,2023-11-25,564.847709836279,605.05991016478,6.645986563140454,68.90140535095604,0.7392437704076227,4.72712140245935,86.3992273838218,0.6289166167961867,0,5,1,11,47,0.8716994228324836,62.98821681230834
P004,electronics,2023-11-26,567.6824775445899,553.3374082296806,-2.5924633147077905,69.7490608188626,0.7163255626292165,3.75962454670836,69.97484855229831,0.8749195712001352,0,6,1,11,48,0.9128799589819303,80.43498756465574
P004,electronics,2023-11-27,493.20687853242777,527.9723689241565,6.584717768956363,47.47928240167739,0.7102806384459426,4.3585538642417845,32.62969050082006,0.5551712627862857,0,0,0,11,48,0.9540863106797329,70.56937998925432
P004,electronics,2023-11-28,522.403529359807,518.2853706746739,-0.7945735917207619,56.20969817642639,0.8814252827700274,3.848884920568698,10.468550666578185,0.7546372468293936,0,1,0,11,48,0.9658810986339482,92.69330233840512
P004,electronics,2023-11-29,460.6118370415464,528.6600510568085,12.87182829102209,37.73267598119936,0.5806097559800449,3.981918420728392,29.944500384883085,0.6578204842258959,0,2,0,11,48,0.9409934112251322,85.98536582129972
P004,electronics,2023-11-30,562.1618788967124,605.0424238582402,7.0871964131187175,68.09828512522411,0.6809474810379962,4.287412336871576,63.76746523361281,0.7821661452561273,0,3,0,11,48,0.8997934719392904,77.1571435351617
P004,electronics,2023-12-01,573.1393628044264,585.4343124861176,2.1001416246818905,71.38078486266272,0.7184946769326078,4.378355073351032,5.008540032081457,0.4008554369725196,0,4,0,12,48,0.8749529628130932,43.0894406553313
P004,electronics,2023-12-02,613.1193685309728,611.2183746969096,-0.31101712788099967,83.3356516976725,0.5973289508214733,4.251124625277933,55.43438299286705,0.9754050661652357,0,5,1,12,48,0.8868420933526009,73.9698861440781
P004,electronics,2023-12-03,458.35499103172634,503.51326782116956,8.96863691097051,37.057831317617755,0.8000964590288983,4.076917946285755,100.54094634560388,0.9145318762599479,0,6,1,12,49,0.9281899239826312,110.68593675556725
P004,electronics,2023-12-04,505.37413157278263,524.1481015875543,3.5818063554763446,51.11754825987178,0.6348047845976614,4.1699916423176,132.0277893247839,0.652139579680876,0,0,0,12,49,0.9695590334879723,88.897308233686
P004,electronics,2023-12-05,529.0369677155094,506.1819703962946,-4.5151741183751275,58.1932364666176,0.5265024303054124,4.393220562898487,215.2427521289681,0.9238955724296959,0,1,0,12,49,0.9815119943480298,103.61792703402949
P004,electronics,2023-12-06,597.53876097746,610.2066665078968,2.076002480099543,78.67672068638667,0.6167929532267202,3.874509603755857,17.653925092799987,0.6894852666506995,0,2,0,12,49,0.9567778480733159,66.47139585950093
P004,electronics,2023-12-07,380.6839213759465,528.2445808628983,27.934154903379874,13.83253963010135,0.758031917725955,4.102968914057179,124.33497432047727,0.9275958994094942,1,3,0,12,49,0.9157267726522738,201.6794746954003
P004,electronics,2023-12-08,413.34887773943865,569.7847735921789,27.455260846389095,23.60005207539501,0.8133688498098508,3.80255008328921,97.47593742466343,0.6414731069673818,1,4,0,12,49,0.8910304060100129,136.5556600153757
P004,electronics,2023-12-09,525.5085580697606,531.6723886155654,1.1593286914626049,57.138167396772964,0.581239313247425,3.941919411321205,24.5534970205497,0.7128368417577611,0,5,1,12,49,0.9030589149400574,82.70470002069217
P004,electronics,2023-12-10,522.2179733529364,580.1261752645257,9.982001223300157,56.15421300797127,0.802488643276593,3.9015684846204914,29.654020041907298,0.7966925618314558,0,6,1,12,50,0.9445413185664002,84.00387273054798
P004,electronics,2023-12-11,489.15220726940134,593.7914989306439,17.622227978960108,46.266849983814176,0.5434028951392673,3.998602857702907,33.62915775165604,0.45591327158338774,1,0,0,12,50,0.9860401557969454,77.06085429071764
P004,electronics,2023-12-12,593.0010446470405,579.3746545309702,-2.351913396539837,77.31984758245926,0.8146471877487902,4.437205863007752,87.03850548023239,0.9026954319541606,0,1,0,12,50,0.998117960669974,89.96417918291608
P004,electronics,2023-12-13,498.97468853327166,533.4035691044633,6.4545650920548985,49.203979515563546,0.6235683769772176,4.359279895904813,25.831849458781914,0.6054835337414973,0,2,0,12,50,0.9735037377020244,69.76754888652542
P004,electronics,2023-12-14,579.4382544499688,549.7679930702822,-5.396869543821108,73.2642866146551,0.6757711901821611,4.02307222779986,119.1518572896055,0.8739470201336831,0,3,0,12,50,0.9325676293456789,82.20284152416791
P004,electronics,2023-12-15,535.9153798857155,545.6832591736322,1.7900272958178935,60.25002710575763,0.7089707262685003,4.297410715065217,50.268468160419346,0.4185208795254766,0,4,0,12,50,0.9079812394588177,41.036295556637505
P004,electronics,2023-12-16,543.6576854435143,549.256727566767,1.019385260524114,62.56514012931536,0.618440822878085,4.095041201077069,79.61363899881363,0.828373253945231,0,5,1,12,50,0.9201147022464821,89.03387043569195
P004,electronics,2023-12-17,515.3148006193672,571.3317733018982,9.804631091807142,54.0900184369812,0.5254264085423404,3.8471312242987543,29.743047571384487,0.9278601627457391,0,6,1,12,51,0.961697005732569,106.82899226192391
P004,electronics,2023-12-18,436.3361982998774,562.4118361788637,22.416960271599,30.473746843558985,0.7805239857904407,4.189065803922589,30.53800724496889,0.8722737177636651,1,0,0,12,51,1.003290659222508,176.38102845653464
P004,electronics,2023-12-19,507.97963002949007,536.8987266235641,5.3863224403491845,51.896647375109744,0.9018724912972236,3.9899601141150276,63.54752634628745,0.850092894276953,0,1,0,12,51,1.015458168658467,100.1221095835006
P004,electronics,2023-12-20,516.1484121742409,562.5181431975393,8.243241855225778,54.339285913299314,0.5658869967344289,4.658394472091853,112.14808606363104,0.6703726287581655,0,2,0,12,51,0.9909285119755846,80.2807887642363
P004,electronics,2023-12-21,466.55340591861585,518.9755828794325,10.10108735173294,39.50933067210253,0.7008521072738392,4.195901122998025,28.029880245949023,0.49587133726814225,0,3,0,12,51,0.9500718065676341,56.3708254061543
P004,electronics,2023-12-22,474.44877628925724,569.4121664780056,16.677443121057102,41.87021331028151,0.7464467469723559,4.545041041103885,52.603752144575004,0.945067723414241,0,4,0,12,51,0.9255596327636872,116.46377678467105
P004,electronics,2023-12-23,362.2930775847971,507.0043776755361,28.54241629119597,8.333288579202375,0.5805541443424805,4.060593923242758,62.00823822625003,0.8385770248966696,1,5,1,12,51,0.9377621027769568,200.3787695264788
P004,electronics,2023-12-24,529.7087209153057,542.2611963746176,2.3148393326377934,58.394104873302794,0.8019928605427754,4.36041118489086,101.41431986725992,0.5625316330158249,0,6,1,12,52,0.9794081841830092,65.83075577604764
P004,electronics,2023-12-25,542.9811431568925,573.1330392097314,5.260889530014548,62.362839684434576,0.8103728953951591,4.783700250765983,24.747648326657924,0.5081629216110257,0,0,0,12,52,1.0210603673884986,66.05667942339788
P004,electronics,2023-12-26,573.1585283589876,559.9624208160944,-2.3566059171722555,71.38651576861021,0.709912579247616,4.211806726498259,60.932544734031566,0.9991887309605324,0,1,0,12,52,1.0332811409919762,97.75927160615726
P004,electronics,2023-12-27,463.6721428319519,507.13027872718055,8.569422438017696,38.64777210321954,0.7151450070277146,4.228088358436592,30.629435534832055,0.5091648410490602,0,2,0,12,52,1.0087994671452616,71.81273273866354
P004,electronics,2023-12-28,537.0337390321797,531.9132225180517,-0.9626601290127175,60.58444013113689,0.7872090195533783,4.150127378303751,242.14554439242193,0.8399669775205909,0,3,0,12,52,0.9679854490237761,88.66642424354961
P004,electronics,2023-12-29,514.2452349944987,540.4852390892407,4.854897450845926,53.7701957059875,0.9472999926768086,4.13617799458032,24.40844266819466,0.8961359402953539,0,4,0,12,52,0.943510654307421,107.91144007646113
P004,electronics,2023-12-30,536.3331934963248,537.940422796088,0.2987745913216955,60.37496220733947,0.6976382020581543,4.564849733034676,68.95213591799559,0.6151196100219063,0,5,1,12,52,0.9557451841331864,64.7159428984482
P004,electronics,2023-12-31,605.508415294586,585.7489492405383,-3.3733677336796166,81.05981579482582,0.6729188727197232,5.0,71.54699170927984,0.5293006935002593,0,6,1,12,53,0.9974179965766226,54.01524616983866
P005,electronics,2023-01-01,697.495083353307,707.1027775869646,1.3587408419529208,78.55648862566053,0.7648078011213506,4.6229713965806765,164.53264938104087,0.4173189036748185,0,6,1,1,1,1.0,68.83672874655349
P005,electronics,2023-01-02,592.7777434830116,627.1612627558931,5.482404815914844,51.749187826396515,0.6184212274831428,4.394881459533866,8.741624455856613,0.694848252773729,0,0,0,1,1,1.0416735775467767,160.0266119181916
P005,electronics,2023-01-03,575.9507671555891,605.3125207738543,4.850676734842367,47.441536232973384,0.8256504117940111,4.537039415377153,181.1971343781337,0.9109306702296204,0,1,0,1,1,1.053909637352503,219.4158880172335
P005,electronics,2023-01-04,708.6515902920584,705.2368956138303,-0.4841911561158452,81.41251836960384,0.7161513499238407,4.070363687061175,216.634550423833,0.5970144113963233,0,2,0,1,1,1.029437137039366,100.74536151145739
P005,electronics,2023-01-05,622.2984350013927,590.1356227049276,-5.450071315648514,59.306389511578054,0.5148761423848272,4.024604821409035,127.70999978936136,0.8413349189607502,0,3,0,1,1,0.9886261770644701,162.18189648771204
P005,electronics,2023-01-06,429.92665157389365,705.345278539402,39.047348205950016,10.059834260849335,0.8460680332129137,4.016771203280479,54.24612675546258,0.7830125829312866,1,4,0,1,1,0.9641483242015259,381.5304885635045
P005,electronics,2023-01-07,685.1564531230388,695.6431680393209,1.5074847850283737,75.3978391370144,0.8291885901864575,5.0,52.79486963484154,0.5309482328686923,0,5,1,1,1,0.9763736804937138,91.13925010439695
P005,electronics,2023-01-08,609.7489012345709,668.478863390682,8.78561243630336,56.09374939873325,0.7517210216158959,4.333167851712866,113.77532143929785,0.6840125075996807,0,6,1,1,2,1.0180312067349029,149.16449002826195
P005,electronics,2023-01-09,642.6325637587115,684.8647598192448,6.1665015545082955,64.5118607999395,0.627103417801125,4.202931170205972,126.22322991135937,0.7164239739825047,0,0,0,1,2,1.0596833899403912,155.76940488476944
P005,electronics,2023-01-10,651.5313005644192,626.8842143438078,-3.9316807883591034,66.78990868178563,0.7864584791751771,3.5511962968456414,94.82811496615705,0.9449731740923973,0,1,0,1,2,1.0718927187087335,181.16015313512358
P005,electronics,2023-01-11,559.743823462219,661.9370250324284,15.438508151920194,43.29261099133678,0.3,3.865833104110636,7.907549346073106,0.9269297861645218,1,2,0,1,2,1.0473881585830995,286.5762158801902
P005,electronics,2023-01-12,604.339740551896,677.0865907144299,10.744098489053629,54.70902173403491,0.6577799315195255,4.134614728126938,41.47689754670776,0.9412925131917469,0,3,0,1,2,1.0065398195206088,208.88632769256887
P005,electronics,2023-01-13,674.1976408844587,662.1062047880089,-1.8262079420205994,72.5924185978167,0.6937023080185507,4.344887020135224,58.41921737539495,0.9435163382755163,0,4,0,1,2,0.9820192793712017,164.67641432706301
P005,electronics,2023-01-14,586.2754616639666,601.659734842947,2.556972369606273,50.08462468126097,0.6818354861093766,4.602399020864905,53.665551763431694,0.7164646273346671,0,5,1,1,2,0.9941966528272232,156.54145752014767
P005,electronics,2023-01-15,629.9660861205383,663.0910020159167,4.995530899178648,61.269283433724524,0.9197483721054581,4.5605899903554885,52.650467932972845,0.8333897063763724,0,6,1,1,3,1.0358009149008924,181.16698960614667
P005,electronics,2023-01-16,586.0707685525432,634.8987784494251,7.690676302155057,50.03222390583773,0.7725590175482321,4.63198621242859,104.29964683812021,0.7974990750167827,0,0,0,1,3,1.0773945683908295,194.74105969314917
P005,electronics,2023-01-17,696.3577330246302,691.8252907573006,-0.6551426101188338,78.26533061484069,0.6562177675569675,3.6755896388591984,18.02515793215712,0.6272508690644043,0,1,0,1,3,1.0895401192392071,121.4242224109441
P005,electronics,2023-01-18,655.4545376572962,666.8446224980277,1.7080567881111106,67.79424470661066,0.5891825303515252,4.404746762778191,62.08399898344506,0.9118243972699059,0,2,0,1,3,1.0649665518879692,177.82909768672752
P005,electronics,2023-01-19,651.0132019667228,712.601434716517,8.64273207284446,66.65727711408799,0.7028076534494548,3.6944823307747345,76.66873354603317,0.7236509156520803,0,3,0,1,3,1.0240439967425656,141.6182690077099
P005,electronics,2023-01-20,614.4145283108758,672.1216683062544,8.585817526282183,57.288134861605144,0.6244875601551481,4.346653766943897,210.88834865859047,0.8980392233174677,0,4,0,1,3,0.9994440536447635,185.82798103449602
P005,electronics,2023-01-21,592.330289664893,633.2113024492993,6.456140726843642,51.63464109410805,0.6578537702637802,4.413773833983019,43.4280926686007,0.8093358260235947,1,5,1,1,3,1.0115368608157156,228.42627053804546
P005,electronics,2023-01-22,548.9214814107987,693.0535004157726,20.796665613622476,40.522126379291706,0.736245086862561,4.195522388267112,30.69238449352899,0.5988953639529297,1,6,1,1,4,1.0530514183264557,210.1568100210977
P005,electronics,2023-01-23,607.1545519753487,607.2750655494837,0.019844973220812356,55.429604367390205,0.6461497347777336,4.68943212053948,43.378988065716875,0.7730556316572383,0,0,0,1,4,1.0945502555570021,174.3427646039423
P005,electronics,2023-01-24,587.8059642898771,590.5948141508279,0.4722103537195146,50.47642841040141,0.5753659706379126,3.95205258728693,23.377837256960994,0.7090826040766605,0,1,0,1,4,1.1065959065456323,157.30499714412446
P005,electronics,2023-01-25,611.1548539723174,607.1364497626824,-0.6618617958460056,56.45366875876476,0.7358386613128174,4.164579073223356,59.4957364212677,0.9869342011488247,0,2,0,1,4,1.0819173853367738,227.54292388604003
P005,electronics,2023-01-26,603.124276188521,616.7989746354482,2.217042992817783,54.39786678261865,0.7559355409715436,4.44808381828284,114.1065617670374,0.8112439738241927,0,3,0,1,4,1.0408848534359698,188.20517953375565
P005,electronics,2023-01-27,644.3985320883139,688.9521452048238,6.466866157048416,64.9639429887371,0.7624742026481505,4.487685032235072,15.523304562146254,0.45969964855396944,0,4,0,1,4,1.0161699432734734,87.5891541991125
P005,electronics,2023-01-28,531.5715413897842,627.232186314472,15.25123343666024,36.080597769334545,0.6022245598957952,4.184525622835327,25.667139772844116,0.455746996797822,0,5,1,1,4,1.02814282713766,124.49762924156855
P005,electronics,2023-01-29,521.2550902910106,643.0301610093496,18.937691900359937,33.439619607281635,0.7267354437426252,4.1069028252583815,83.18988596582805,0.9363338576333149,1,6,1,1,5,1.0695325406354277,350.4458507230981
P005,electronics,2023-01-30,556.4985538281103,598.0876066958217,6.9536724055315515,42.46183244631238,0.7329633532807791,3.9264653136994077,60.73530637883629,0.9813054442590349,0,0,0,1,5,1.1109016501407698,266.5792776148232
P005,electronics,2023-01-31,635.5669233978501,653.1744594727296,2.6956865534964436,62.70307968758849,0.671279382021673,3.6395811476077142,90.52515168527574,0.7968412198712699,0,1,0,1,5,1.1228127281330877,181.45248273206943
P005,electronics,2023-02-01,483.26675668096925,662.4782097851984,27.05167512790142,23.714728894735536,0.6567598812722037,4.581873065174228,47.595839086646315,0.48461487316020146,1,2,0,2,5,1.0979948285336936,218.50674761792695
P005,electronics,2023-02-02,606.538977082937,660.5230805152187,8.172932184318718,55.27201918306643,0.6554529113233127,4.2703913987824,153.15156252717466,0.7157096860629162,0,3,0,2,5,1.0568181541489547,157.76320526127495
P005,electronics,2023-02-03,629.8505667003271,673.6624599084712,6.5035378717847365,61.239710835245674,0.7027487633360813,4.425140958580529,47.97332181600376,0.44644700453517583,0,4,0,2,5,1.0319543801216537,100.37758768314387
P005,electronics,2023-02-04,557.9122940956365,604.6138350316659,7.724193233782588,42.82374538881597,0.6595468259748407,4.491020336604757,184.75145604072355,0.7421488749684397,0,5,1,2,5,1.0437737228517414,186.54851505952143
P005,electronics,2023-02-05,669.3486792089479,687.5527168850764,2.647657005647646,71.35110006966725,0.7201033503716571,4.833102795628913,29.495124081424663,0.9426782551313972,0,6,1,2,6,1.0850052634436675,193.79356730952696
P005,electronics,2023-02-06,637.8293933025093,629.4351179393567,-1.3336204358336081,63.28226467604029,0.7139662127686495,4.216591255591567,85.95171438255177,0.8482517256368951,0,0,0,2,6,1.1262116151414716,187.2439067044746
P005,electronics,2023-02-07,630.5775803236949,704.7748448528514,10.527796936998802,61.42582397477846,0.7265288344783808,3.7712020587077806,118.19229224653209,0.8518345659489457,0,1,0,2,6,1.1379553986532058,203.4770417443265
P005,electronics,2023-02-08,619.4688617280387,656.7435374652443,5.675682151524513,58.58202789232463,0.5928580608287919,4.77516311671239,61.38061219797968,0.45008157710917435,0,2,0,2,6,1.1129657174731469,103.46849050984424
P005,electronics,2023-02-09,547.7150456623684,628.2079692287351,12.813101315029414,40.21328272414143,0.5484885063750519,4.335982212639953,33.080641801676784,0.7443176643775902,0,3,0,2,6,1.0716128253102524,195.01074937919532
P005,electronics,2023-02-10,595.9906103949935,677.0695694539309,11.974981998427278,52.57167137920813,0.7552118685244995,3.8050511582088933,53.30769585505496,0.880858229325187,0,4,0,2,6,1.0465684495244354,215.9152101673625
