synthetic_pricing_mixed_elasticity.csv
product_id,category,date,price,competitor_price,discount_pct,markup_pct,quality_score,rating,ad_spend,stock_level,on_promotion,day_of_week,is_weekend,month,week_of_year,seasonality_factor,units_sold
P005,electronics,2023-02-11,619.3975996133681,605.1249970330898,-2.358620557778382,58.563785021125526,0.8209893960019103,4.331900916681907,93.81335711594488,0.5405012117179855,0,5,1,2,6,1.0582028600318458,118.40475384711377
P005,electronics,2023-02-12,628.5766218340523,657.3830841881727,4.381990204340996,60.913585063962636,0.8300911237416557,4.351518799885065,98.24378019707325,0.8181953989590631,0,6,1,2,7,1.0992451927363418,188.31300466002065
P005,electronics,2023-02-13,607.1772319631344,610.4307159802744,0.5329817016031502,55.43541037101338,0.7169597676394934,4.042599365830391,85.65458354050753,0.5430354653134059,0,0,0,2,7,1.1402581169483432,125.85829540554533
P005,electronics,2023-02-14,521.1068833580221,586.0560522551978,11.082415862313038,33.40167911110325,0.642161287827656,4.840524602679039,19.982965443995475,0.6455136248318792,1,1,0,2,7,1.1518043106926412,251.71851672793642
P005,electronics,2023-02-15,615.479583285803,655.3524460945948,6.08418615760176,57.56078549535873,0.6139492673494689,4.018595744961777,4.902468528512078,0.6429982233261686,0,2,0,2,7,1.126612936013625,149.64948979941778
P005,electronics,2023-02-16,632.0570156841804,682.3677708798431,7.372967678527979,61.80455464890298,0.6411405015437726,4.685348017070394,24.805713639924438,0.7087012989142552,0,3,0,2,7,1.0850543063863884,152.3798557705378
P005,electronics,2023-02-17,739.9002641839706,698.1925137935976,-5.973674819822383,89.41207796151268,0.7427676771009929,3.9886919027337355,58.36115350117558,0.629103457936676,0,4,0,2,7,1.0598002101352957,111.5827192493027
P005,electronics,2023-02-18,646.3755523467743,654.3755383580092,1.2225374486504945,65.47005378968402,0.7803929279584874,4.221261561142609,66.28105219382502,0.7409830627569021,0,5,1,2,7,1.0712209793211964,163.3201147211085
P005,electronics,2023-02-19,616.8607887063322,638.5804204283501,3.4012367161913097,57.91436962210949,0.8347678085512624,4.4726290434373075,87.58157482799975,0.7980666361833797,0,6,1,2,8,1.1120458131544833,181.7213282129353
P005,electronics,2023-02-20,606.4094946422249,641.4957720051553,5.469447951817282,55.23887209643599,0.7032747647529399,3.735715345992134,77.30199021119404,0.508386239934817,0,0,0,2,8,1.1528374453951857,132.0391949545922
P005,electronics,2023-02-21,604.7370500626519,636.306231940566,4.961318983414087,54.81073168559051,0.7334275466076521,4.379578527433318,84.40607538455485,0.6334364257711915,0,1,0,2,8,1.164158619641682,148.86461119082645
P005,electronics,2023-02-22,574.1226613373334,653.0988781485119,12.09253597787066,46.973547047767134,0.6726950917484842,3.3809646555688304,52.97564667783517,0.5486416984210695,0,2,0,2,8,1.138738564616494,144.94196077274333
P005,electronics,2023-02-23,638.8274021715631,651.2970423940361,1.9145857282933658,63.53775172323034,0.6600575219013982,3.7460161592526684,14.582721215109252,0.8761127587841948,0,3,0,2,8,1.0969476615576388,190.9021289068342
P005,electronics,2023-02-24,622.5442434760831,699.8862991199401,11.050660048797837,59.369315687206615,0.4908348096635624,4.755482723111835,30.311965465794202,0.7366292412200223,0,4,0,2,8,1.0714577676171102,169.91237098624836
P005,electronics,2023-02-25,523.2536692742526,593.7147371910037,11.867832058560317,33.95124937214405,0.7579577847113846,4.667588405121026,4.076105911250017,0.45391475080002813,1,5,1,2,8,1.0826392847277027,163.39325248665057
P005,electronics,2023-02-26,598.8758677136987,650.8707717640353,7.98851420373609,53.31028793422766,0.7629179857874554,3.711272013410804,124.88476770282867,0.7056411217185823,0,6,1,2,9,1.1232214829953622,173.31483487704202
P005,electronics,2023-02-27,592.8264058950873,621.0542109538056,4.545143493249408,51.761645246722004,0.7865872588584343,4.093862780657306,53.37855899604226,0.8825402734193359,0,0,0,2,9,1.1637671680782726,230.7175864553273
P005,electronics,2023-02-28,689.1196328294874,689.116892443042,-0.00039766641557603677,76.41240034191036,0.5857759748015556,4.314491120310611,24.62353332459941,0.8394207400883893,0,1,0,2,9,1.1748391564542628,181.933288515573
P005,electronics,2023-03-01,687.717803907993,679.7841438067212,-1.1670851951391708,76.05353666552062,0.6311350091363233,4.73992148751813,31.598931894236337,0.4687886818133059,0,2,0,3,9,1.1491667506850072,96.45175110732184
P005,electronics,2023-03-02,708.8260797068313,705.4876195392562,-0.4732131472066512,81.457187096234,0.5478740360321739,3.978472498216841,80.63924582663579,0.7392832789301502,0,3,0,3,9,1.107120406785493,131.0208939803101
P005,electronics,2023-03-03,634.0025468677086,692.0898815049375,8.393033360192899,62.3026043483681,0.7629085409014,4.013180825698876,19.33501626355973,0.8090190820497007,0,4,0,3,9,1.0813720576003483,167.9048055637116
P005,electronics,2023-03-04,616.2116991676161,666.9984304094372,7.614220502834715,57.74820479657467,0.780962827806216,3.9169615263916957,25.45631592429788,0.610121155187781,0,5,1,3,9,1.092292181648235,137.79823591203038
P005,electronics,2023-03-05,659.1395257081308,713.7860914794958,7.655874277137656,68.73758974615018,0.77422099624265,4.368627678624786,66.68476877275373,0.8702041558117624,0,6,1,3,10,1.1326101264915045,184.78164946167863
P005,electronics,2023-03-06,571.4233547493586,617.6931903456303,7.490747238184939,46.28253327924605,0.7754054284845713,4.416906871119052,16.228274772416462,0.4662606227852299,0,0,0,3,10,1.1728887760923337,125.42294564020193
P005,electronics,2023-03-07,535.2469478760453,609.2124973740646,12.141174026606265,37.02148995928899,0.640337630601655,3.4867290510218694,82.31807350365673,0.7769759370889315,1,1,0,3,10,1.1836910260569278,298.1217461808191
P005,electronics,2023-03-08,512.0466461567795,655.5733378820266,21.89330825883518,31.08228764960101,0.7377882282281231,4.140812973263979,2.1117317905124544,0.6633086858268185,1,2,0,3,10,1.1577462588762735,276.7545644479736
P005,electronics,2023-03-09,529.4762764157233,606.3493617094769,12.678018671781196,35.54421670309104,0.6752292801565503,4.211972008355929,17.51511510675168,0.6539037037160529,1,3,0,3,10,1.1154250112719224,241.87767523978735
P005,electronics,2023-03-10,666.1969728106168,666.42645758608,0.03443512376360758,70.54427341081899,0.766500591563501,4.212295298470575,29.088345628890035,0.4874447055243867,0,4,0,3,10,1.089399297548404,110.16149109512246
P005,electronics,2023-03-11,666.4135320706005,628.3473142885588,-6.058149198129676,70.59971188194936,0.6256300083094817,4.104557210201572,48.024355267592526,0.6202694604043212,0,5,1,3,10,1.100039678413478,119.50609021927626
P005,electronics,2023-03-12,570.8726370023679,677.0963080572095,15.688118483414698,46.14155131467975,0.6966415024820004,4.165583546461826,63.979346597505184,0.7546930027736436,1,6,1,3,11,1.1400755843234385,260.1344864080148
P005,electronics,2023-03-13,550.7719180815234,621.6256411866929,11.39813392670043,40.99583219060764,0.7745186881893827,4.644977665456977,180.6766952347852,0.9606254077842524,0,0,0,3,11,1.180069982814686,287.23136134187195
P005,electronics,2023-03-14,544.7495638254863,682.2138407104445,20.14973439146376,39.454128951571214,0.6101377569749247,4.360009412680554,26.983469704796534,0.8018474844553836,1,1,0,3,11,1.1905858537231626,312.6035161868033
P005,electronics,2023-03-15,586.8769415289121,658.1908806653455,10.834841568200442,50.23860158407637,0.7756727002853427,4.815452839225674,119.59744089271932,0.9030896143394945,0,2,0,3,11,1.1643526644001514,242.02506114585853
P005,electronics,2023-03-16,497.73881851018484,603.9621589383702,17.58774765208836,27.419529982328665,0.9230818271811151,4.240858758841649,27.283191910527073,0.9584223959154844,1,3,0,3,11,1.1217410370329082,403.16901623009704
P005,electronics,2023-03-17,621.5274117674138,678.9073556767072,8.451807662637473,59.10901005386747,0.7480611215248594,4.656255369619134,54.03939415334173,0.9960901130237496,0,4,0,3,11,1.0954230719717541,236.1502402034695
P005,electronics,2023-03-18,644.6860574707051,632.2001005444836,-1.9750007814721986,65.0375485580032,0.4748864775989905,4.552805307535219,41.309785579996145,0.9527718470080644,0,5,1,3,11,1.1057694165248269,197.39217222623375
P005,electronics,2023-03-19,593.1634654639064,664.3377489931289,10.713569059878697,51.847931407732155,0.704668173416196,4.584105606251141,136.6135831441276,0.4530734444113219,0,6,1,3,12,1.1455095882777262,117.71227527823959
P005,electronics,2023-03-20,574.4044345046121,594.6895055695387,3.4110356538912447,47.045680068542474,0.702691172414136,4.248663451422745,46.15762766384174,0.41663519485710954,0,0,0,3,12,1.1852066423992647,100.4063454886946
P005,electronics,2023-03-21,604.4411955799889,658.7336872823523,8.241948567462913,54.73499389355549,0.7020590177234679,4.2905375791958615,32.66186057492248,0.5591944420388003,0,1,0,3,12,1.1954236468349397,137.8657008006358
P005,electronics,2023-03-22,656.0463069312622,695.1128175844842,5.620168361875141,67.94573572949777,0.6361926964733214,4.40849990066633,69.24834093857316,0.5095833854210791,0,2,0,3,12,1.1688901574966195,119.7041511626925
P005,electronics,2023-03-23,683.4166448350321,647.8137952920813,-5.495846152349774,74.95245383437573,0.5715628024490801,4.206008201941209,18.993834725233224,0.6349611285529333,0,3,0,3,12,1.1259768855569363,112.9684768004029
P005,electronics,2023-03-24,726.4620726899277,709.7331645777853,-2.357070085923671,85.9719443406136,0.829319176870216,3.9906808452010853,127.19009307846922,0.6539436648941119,0,4,0,3,12,1.0993560207500068,119.42245071099305
P005,electronics,2023-03-25,668.0265398697088,699.7483366201419,4.533315063477346,71.01263666895994,0.6600303509164008,3.3264588165848203,12.32431300837797,0.7333808543229818,0,5,1,3,12,1.1093983001397016,159.9781114002247
P005,electronics,2023-03-26,495.7141297982725,622.2379292093722,20.333668757843697,26.901216211253725,0.6329766637786562,4.833717998494328,37.90897073960812,0.6931081839974518,1,6,1,3,13,1.1488333314126897,292.177031187746
P005,electronics,2023-03-27,575.3290900489882,617.0310195908701,6.758481861986912,47.28238890152561,0.6704519186099217,4.262351515009222,36.09685002802125,0.9969098842370756,0,0,0,3,13,1.1882242601574946,271.9617331018834
P005,electronics,2023-03-28,563.2429905937554,670.6045705574194,16.0096701808076,44.18838647568522,0.6696045936929458,4.243536099878281,49.25865785066844,0.983984247700226,1,1,0,3,13,1.198134245031168,381.50929184268415
P005,electronics,2023-03-29,517.161147073577,600.9802089954641,13.947058599814834,32.39158336590286,0.7695166017618256,5.0,75.42170413679962,0.8267363688823015,0,2,0,3,13,1.1712929329221018,273.7976186068211
P005,electronics,2023-03-30,646.7916399956428,662.9230493179037,2.433375840357189,65.57657088394836,0.7220548906895221,3.983151710958428,52.278349582038075,0.8233875618178079,0,3,0,3,13,1.1280711262174576,181.01262018000622
P005,electronics,2023-03-31,549.9742407554982,632.7986126216739,13.088583036400111,40.791629371418416,0.6826185149530629,4.498786478467922,84.27772928363858,0.5727333576279054,1,4,0,3,13,1.1011411060768612,195.93831555834117
P005,electronics,2023-04-01,568.005400052659,640.2869155809303,11.288925912641925,45.40754791592252,0.7558484520779233,4.550578977838647,62.42754170888706,0.6286424058606533,0,5,1,4,13,1.1108737011735819,168.9025730563687
P005,electronics,2023-04-02,556.9268289862936,628.4816404131846,11.385346337221328,42.57146950359909,0.634543505840427,4.233100629947813,106.34869368409836,0.6107893271519054,0,6,1,4,14,1.149998610960428,163.06243263649233
P005,electronics,2023-04-03,597.7873840879133,656.4444008104288,8.935565091285573,53.03163964152233,0.6056853722022497,4.025777664514959,71.88930562985328,0.4993118413629458,0,0,0,4,14,1.189079072921612,141.79904874615443
P005,electronics,2023-04-04,650.2674208540452,644.6944981779418,-0.8644284528336819,66.46635955790559,0.6503036867079498,4.174510020933556,14.118029475635803,0.6596238695492223,0,1,0,4,14,1.1986783377121948,144.03327777310795
P005,electronics,2023-04-05,643.255904101404,660.7769827642173,2.6515873161195262,64.67143391445492,0.658255103094468,4.497298853917485,30.339120819749414,0.8431342243801341,0,2,0,4,14,1.171526144293633,190.1340376077574
P005,electronics,2023-04-06,649.9752702045271,691.8596939691156,6.053889846408396,66.39156993519332,0.6227491393607839,4.421927787209181,132.4005712593471,0.4979934458285852,0,3,0,4,14,1.1279933871739307,100.1082435015023
P005,electronics,2023-04-07,636.2914127970506,712.4967080164064,10.695529447639364,62.88854663388698,0.6482466511086805,4.620774425112921,76.0167219720879,0.5713952017497297,0,4,0,4,14,1.1007524396540342,134.3125665203887
P005,electronics,2023-04-08,600.7913443084728,623.0276504146985,3.5690721096286597,53.80064375603963,0.6224517351315586,4.237460283058644,25.40358053811711,0.4105699042846644,0,5,1,4,14,1.1101742225417026,92.5387521236022
P005,electronics,2023-04-09,571.9824092222199,665.4747180935589,14.048964796014216,46.42564941870996,0.7529210043911034,4.111345112023344,27.19461664562211,0.41502180174246633,0,6,1,4,15,1.148988527390112,110.54607401590877
P005,electronics,2023-04-10,554.7077888160189,594.329496350992,6.666623106919422,42.00340238688391,0.5559878870920587,4.138725206376207,19.674906384543583,0.9275494258466709,0,0,0,4,15,1.1877586837224199,256.18754646993943
P005,electronics,2023-04-11,627.1817488200375,616.5320309737939,-1.7273584033294598,60.556502077422046,0.7269603694063244,4.878770642500595,32.8891757070391,0.5379217547213526,0,1,0,4,15,1.1970480341439422,137.18550556308577
P005,electronics,2023-04-12,584.9284384454105,587.2409536982843,0.39379325272023724,49.739791087816464,0.6065276819191499,4.4128814664488365,33.81338374995019,0.5403978872743767,0,2,0,4,15,1.1695864094504522,129.58510175085792
P005,electronics,2023-04-13,414.0036501979479,587.1926538701522,29.494409122921724,5.983597335419603,0.6600177316404532,4.170134795044509,29.405681603730024,0.8291692787963062,1,3,0,4,15,1.1257447958411195,461.60843963338283
P005,electronics,2023-04-14,573.3184301184491,665.8306244898986,13.894253428538875,46.767666453173206,0.6809125697646221,3.7023268251350157,14.222563605981309,0.8478513638424032,1,4,0,4,15,1.0981956581377326,288.55024044999175
P005,electronics,2023-04-15,598.6581759528639,596.5741475063103,-0.3493326781364683,53.25455954653706,0.7467574912482157,4.541673183444014,32.47743986227496,0.8753295422828649,0,5,1,4,15,1.107310008471454,193.46220294796015
P005,electronics,2023-04-16,586.6067014609454,640.533724453942,8.419076300622535,50.16942099947625,0.738602461870856,4.363096238484182,141.23991202140067,0.5573029310449693,0,6,1,4,16,1.1458177294943594,141.18486981520664
P005,electronics,2023-04-17,579.0588538983978,632.067958344003,8.386614721696596,48.237196400887115,0.5918860667326711,4.361633138075685,6.017098183840853,0.8684955000465568,0,0,0,4,16,1.1842822415770111,233.6058786866057
P005,electronics,2023-04-18,582.5217844675094,636.0940583924927,8.422067965918217,49.12369544228869,0.7563816559386504,4.332684491499093,23.416919503705298,0.9232662452758162,0,1,0,4,16,1.1932669778937135,248.75026422949202
P005,electronics,2023-04-19,590.4555615955244,607.8985145143505,2.8693856790818524,51.15471676319363,0.6978473854311183,4.077980585545446,43.92605172711235,0.747136033119472,0,2,0,4,16,1.1655018595039723,193.6221336983083
P005,electronics,2023-04-20,620.643345852373,700.7971752092666,11.43752175270378,58.88269203490109,0.7188612341975011,4.1455017218442585,41.01751378512666,0.8852453374126719,0,3,0,4,16,1.1213579625386896,214.27209315645277
P005,electronics,2023-04-21,666.1302009437461,660.442934701643,-0.8611290912926943,70.52718002855444,0.6438115348737514,4.342560488384129,45.31041898883622,0.8529561019826168,0,4,0,4,16,1.0935078413927344,172.757386207262
P005,electronics,2023-04-22,595.9454124500614,637.2791321355884,6.485967859486202,52.56010085128215,0.752000438080081,4.06476465207196,63.705987430541555,0.7708133672089075,0,5,1,4,16,1.1023225973851616,194.2675233072318
P005,electronics,2023-04-23,605.5170076574776,633.9033757174789,4.478027590225779,55.01039831082242,0.5122960845369691,3.718062329687876,33.372154995178256,0.7188804975744478,0,6,1,4,17,1.1405322019443145,173.33009648599045
P005,electronics,2023-04-24,687.257087191018,641.9150963357467,-7.063549543249198,75.93559467396031,0.6974161855283867,4.142512225302775,76.61768239373191,0.9054584812902683,0,0,0,4,17,1.1787001637790981,184.9300806012038
P005,electronics,2023-04-25,548.0899902594166,609.7730206326265,10.115736230706812,40.309267330020255,0.6558622496705371,4.23022884687048,43.07724447571016,0.5191497869356501,0,1,0,4,17,1.1873900039380552,150.52684141802325
P005,electronics,2023-04-26,627.0268780828246,678.2121402825394,7.547087284281188,60.516855668884446,0.745924280637931,3.983764560957004,76.62880956236701,0.672245055456581,1,2,0,4,17,1.1593317308647868,207.58182879631343
P005,electronics,2023-04-27,611.3793629868466,680.437210616472,10.149040433438302,56.51114234138331,0.6606763590837155,4.210187065549551,37.2674236259107,0.7731136512907455,0,3,0,4,17,1.1148965075582546,187.12159200370482
P005,electronics,2023-04-28,561.5638537345407,661.2728989803697,15.078350466134713,43.75853286286566,0.6301446950617282,3.47201461193064,79.6748294131829,0.6052460775826425,1,4,0,4,17,1.0867569747396115,205.58810984055515
P005,electronics,2023-04-29,593.0241214497265,594.0245584113156,0.1684167678630537,51.812259790144054,0.7725821148038797,4.304787831706262,40.21763849331182,0.9335740132431734,0,5,1,4,17,1.0952843194868347,220.32459073167817
P005,electronics,2023-04-30,585.4096444354543,652.0625606022587,10.221859096655134,49.86297826710777,0.707415189593111,4.253245924643345,45.48443399131234,0.9058260620030221,0,6,1,4,18,1.1332085983944233,228.27579414760277
