synthetic_pricing_mixed_elasticity.csv
product_id,category,date,price,competitor_price,discount_pct,markup_pct,quality_score,rating,ad_spend,stock_level,on_promotion,day_of_week,is_weekend,month,week_of_year,seasonality_factor,units_sold
P005,electronics,2023-05-01,661.1405077093802,700.7442514030389,5.651668724269018,69.24983467586141,0.7847928753355281,4.759718206790537,38.51923742079181,0.7973485285128882,0,0,0,5,18,1.1710934047194312,178.90400599556378
P005,electronics,2023-05-02,658.9315390618889,701.7128350748663,6.096695667311408,68.68434583645056,0.7891440046734164,4.333219793377008,71.01397908102904,0.47875732665572257,0,1,0,5,18,1.1795023434154894,102.23636058664135
P005,electronics,2023-05-03,743.8863856786797,703.2912602637749,-5.772164067512966,90.43251219010783,0.49068219776088406,4.652424855043206,72.53760418101399,0.8005172909345017,0,2,0,5,18,1.1511655061633648,148.28399496919235
P005,electronics,2023-05-04,630.0520662986168,636.438127985232,1.0034065223011583,61.29129408162084,0.5833011817859336,4.56206980469152,171.32973497054164,0.8952621493629991,0,3,0,5,18,1.1064541385065967,190.6983005883506
P005,electronics,2023-05-05,642.5463801889802,655.3319183294021,1.9510018942790701,64.48979808443694,0.6721205020228447,4.220241007577167,68.57190365728619,0.6116836055595435,0,4,0,5,18,1.0780409629938683,124.31225290081119
P005,electronics,2023-05-06,639.1574273184525,651.8407625432466,1.9457720280192836,63.6222370949457,0.6882170282406745,4.0654228135649815,23.435789239111777,0.6506564029747253,0,5,1,5,18,1.0862972477893937,138.60673102882652
P005,electronics,2023-05-07,651.030094453376,692.1462211550822,5.9403815906254405,66.66160153611324,0.637866827647802,4.088845993021839,41.58158230500757,0.9490844437104369,0,6,1,5,19,1.1239531298085863,213.1269351422571
P005,electronics,2023-05-08,602.5467882238543,639.3707764568996,5.75941059381961,54.25003172878755,0.755747052809187,3.9147627244401675,49.54599347686794,0.6970554699958937,0,0,0,5,19,1.161572281840289,181.703210590665
P005,electronics,2023-05-09,584.1752182908066,625.6193954847228,6.624503251182882,49.546969160926935,0.6286287536134397,4.298568934556255,41.74851662115023,0.5855845992911786,0,1,0,5,19,1.169718387557233,150.1377317784922
P005,electronics,2023-05-10,578.9735818268751,627.4722021080191,7.729206189248039,48.21536702598209,0.8097662811596601,3.7601820988805192,115.28144787791315,0.6595386995610588,0,2,0,5,19,1.1411216165232707,178.95378552434013
P005,electronics,2023-05-11,629.041712703117,643.1932099428634,2.2001938175005877,61.03264682433062,0.6304170053607724,4.558782572230593,92.51467497154914,0.8699414313267774,0,3,0,5,19,1.0961532913059295,191.33218814484778
P005,electronics,2023-05-12,680.7143150660347,700.1597067491069,2.7772794543345807,74.26066614127689,0.8028338376957881,3.8697833401009527,41.642997743378956,0.7961127984987151,0,4,0,5,19,1.0674862105959648,152.563317011053
P005,electronics,2023-05-13,594.9418901160396,658.946194201528,9.713130548245294,52.30320237486724,0.6661091454324166,4.635102077627719,17.915366239090325,0.5441936610951201,0,5,1,5,19,1.0754917177951797,133.46556192856576
P005,electronics,2023-05-14,656.3845011193368,622.7494781149699,-5.401051977783823,68.03231234937284,0.7968375166353479,4.162169275032553,83.6721005944197,0.7302018986571649,0,6,1,5,20,1.1129000241298015,151.82276570913655
P005,electronics,2023-05-15,581.6799582780695,677.3203644377843,14.120409068034137,48.908190656653716,0.6373499783956673,3.867761577411693,112.45721084607025,0.43129433851199755,0,0,0,5,20,1.1502748757506907,109.30445249194288
P005,electronics,2023-05-16,577.4547630585997,611.0148463414936,5.492515195635247,47.826554326660684,0.6735388397765321,4.285386314261122,152.04919738622672,0.8708055884373265,0,1,0,5,20,1.1581800287220643,224.05224546327975
P005,electronics,2023-05-17,669.3337723745499,626.949256981178,-6.760437933598893,71.34728396820623,0.8138281444889579,4.292824855542615,31.174361859891533,0.4998176345870331,0,2,0,5,20,1.1293457240072717,107.83971734969714
P005,electronics,2023-05-18,597.4022717949895,608.3655563855255,1.80208831276906,52.933052138338134,0.6714391482610955,4.0351386604266155,27.233252011631663,0.47193152249440257,0,3,0,5,20,1.0841433545601986,107.0758724708434
P005,electronics,2023-05-19,547.8719903565029,625.216685483639,12.370862282299097,40.253460058952676,0.9002947084076286,4.067902294597143,24.77452403883925,0.5834552938934193,0,4,0,5,20,1.0552457884239554,158.26104531898318
P005,electronics,2023-05-20,618.6196587393251,675.144608270821,8.372272967752403,58.364634669900575,0.6112698632963801,4.20924726132827,20.405932953635617,0.7774678860882582,0,5,1,5,20,1.0630244372981505,169.88726703054408
P005,electronics,2023-05-21,651.8926958750556,712.8048574608537,8.54541898083842,66.88242471410341,0.605524714799111,4.184486066607587,23.24306567392752,0.7311845171630678,0,6,1,5,21,1.1002095796320297,157.1052431204292
P005,electronics,2023-05-22,457.94578877229924,605.1878608166046,24.329977776756067,17.23264288971493,0.4877866587325529,3.954931173546558,115.62282992305607,0.43554907143983657,1,0,0,5,21,1.1373650277047638,199.39296555223686
P005,electronics,2023-05-23,705.895261672892,680.6535763879863,-3.7084481975185346,80.70690714526285,0.7494497531780321,4.242443685880402,45.28459716878016,0.7927459085044831,0,1,0,5,21,1.1450546025945758,153.04862352012674
P005,electronics,2023-05-24,615.6570346696227,619.4048006502463,0.6050592402075865,57.60621247649856,0.6898571106819843,4.541816079154849,33.70836427391377,0.8678566331674732,0,2,0,5,21,1.116008609145253,192.36578591650178
P005,electronics,2023-05-25,581.1843380534731,642.2011637234604,9.501201355072883,48.781313479870846,0.735203861295812,4.292747315855239,27.910721499949922,0.7005576426499033,0,3,0,5,21,1.0705985030386214,171.63489088853407
P005,electronics,2023-05-26,573.5114850994896,651.7214928303857,12.00052608227402,46.81708790480634,0.6497028989093372,3.819663430721504,194.50455207264775,0.8860759810071754,0,4,0,5,21,1.0414972138746474,219.9639246506089
P005,electronics,2023-05-27,656.9438985329733,667.685126342718,1.6087265368004227,68.17551628056759,0.7718062043837202,4.361712449025828,38.53670958539689,0.9559273248613764,0,5,1,5,21,1.0490762137204688,185.06413698755014
P005,electronics,2023-05-28,594.0279611630244,629.4289726095866,5.624305995923741,52.069239514628606,0.5562512704492828,4.598397176455186,38.889066796131836,0.9650168989009956,0,6,1,5,22,1.0860658401856487,232.78564747885827
P005,electronics,2023-05-29,556.2009544928795,662.6349990380378,16.062243120220174,42.38564797765539,0.7938611078625493,4.351228149583183,56.19000767049366,0.9934235450534774,1,0,0,5,22,1.1230299634849277,362.32328495924185
P005,electronics,2023-05-30,510.5759091283023,607.4489021847651,15.947513067855924,30.705783720377468,0.4743034615523303,4.391274041334544,56.00669256120981,0.8417425580290707,0,1,0,5,22,1.1305324613901888,257.81773650337203
P005,electronics,2023-05-31,404.9996029215944,587.1899227337849,31.027494300986223,3.6785903132113202,0.5491390545620289,4.2738551832887905,22.20029946755437,0.6119040773258233,1,2,0,5,22,1.1013036941801688,347.8790254011069
P005,electronics,2023-06-01,471.21371675339503,709.6392785065668,33.598134851686545,20.629189601202775,0.6387606215278685,4.236958098409439,34.73728897621282,0.6937548142333603,1,3,0,6,22,1.0557151716964999,314.31642127360425
P005,electronics,2023-06-02,656.2451073204438,637.2623865698733,-2.9787919624045025,67.99662798705897,0.6516516091596184,3.9546188128720554,55.64170149177428,0.8119485568127727,0,4,0,6,22,1.0264398764077751,160.90457936742064
P005,electronics,2023-06-03,632.9080304790504,713.0839474071221,11.243545338470057,62.02241168785144,0.777514455061143,4.4575808869873494,20.91792000624674,0.6552749995806604,0,5,1,6,22,1.0338493319429016,137.17230998536195
P005,electronics,2023-06-04,614.2075702238925,658.7331203987744,6.759269998133337,57.235154259753784,0.7440819798905716,4.0055602698336665,6.493704568252243,0.6699757458211657,0,6,1,6,23,1.07067392615108,152.58591300879155
P005,electronics,2023-06-05,602.0719977232251,666.2915109537923,9.638350808137632,54.12848689406615,0.6442870111401592,4.008383003842075,36.01810579780567,0.4768929907378796,0,0,0,6,23,1.1074775781496704,120.67906800502215
P005,electronics,2023-06-06,685.0745642695014,695.7589247443311,1.5356411674857036,75.37687585498676,0.6523982252401056,3.9165556529274843,56.66760228542751,0.5456166390734407,0,1,0,6,23,1.1148242132616655,99.32249216439209
P005,electronics,2023-06-07,566.7830548460563,700.775893777929,19.120640438915284,45.094631490863186,0.8659329393114568,4.7729624603727,80.38211575010793,0.6381108822051184,1,2,0,6,23,1.0854442379513116,209.35196079727913
P005,electronics,2023-06-08,428.6713991688365,605.2043978569055,29.16915331633271,9.73849369926664,0.9099752547995988,4.027352936071164,21.860440619173936,0.6722493723625309,1,3,0,6,23,1.039709206866465,337.8086799662382
P005,electronics,2023-06-09,641.8890811688581,657.3280729419771,2.3487497961283497,64.32153165817651,0.738802180529863,3.9624827178332716,125.86362424009673,0.7765640327992382,0,4,0,6,23,1.0102921458893788,152.98616442142293
P005,electronics,2023-06-10,560.622864197162,634.8124457471929,11.68685050947725,43.51764258042806,0.6191205881583568,3.6407190488230583,197.0562975203524,0.9439183792716936,1,5,1,6,23,1.017564620657193,299.8827497447014
P005,electronics,2023-06-11,580.106562064049,615.7445229515779,5.787783660128719,48.505406307491334,0.6436083530385789,4.138054207060181,33.95910634959885,0.588046351731775,1,6,1,6,24,1.0542570596094645,186.73061172204353
P005,electronics,2023-06-12,618.7280309342857,702.4132079717991,11.913952654613698,58.392377601798785,0.7225170932226935,3.604871337164087,32.437403636399665,0.7066963576247901,0,0,0,6,24,1.090933421024011,159.97421558931308
P005,electronics,2023-06-13,663.3113900655342,697.3352988304579,4.8791318641100165,69.80557354769786,0.6998216989747572,4.3659892273204,10.649844256038996,0.6780300915197919,0,1,0,6,24,1.098157667942771,124.49052832489146
P005,electronics,2023-06-14,668.2482207599794,669.7802212056022,0.22873181337979132,71.06938626090233,0.9112089327252908,4.264359875665925,22.05796850534794,0.9605980049301667,0,2,0,6,24,1.0686602430962522,188.36335984734816
P005,electronics,2023-06-15,530.2073355078277,603.7726943948464,12.184280536361852,35.731365469554675,0.7333837619077364,4.352947554482196,83.90479582509545,0.48998263567809835,0,3,0,6,24,1.0228127359351462,133.5954637842983
P005,electronics,2023-06-16,647.2132205204198,677.1420237613636,4.419870897200623,65.68449413670484,0.6166991744160559,4.079927315120434,164.80303145689018,0.588880495680422,0,4,0,6,24,0.9932882056707912,115.89013427205468
P005,electronics,2023-06-17,629.1396380174815,682.0299505757371,7.754837234583031,61.05771538853673,0.8182759019219522,4.440984010791523,35.659217476632726,0.6195230218893855,0,5,1,6,24,1.0004582497857997,123.11520566326818
P005,electronics,2023-06-18,615.6473859618662,668.3307135290906,7.882823054627026,57.603742438475514,0.796609285535632,4.368084268103686,5.780117230017776,0.7856166499288298,0,6,1,6,25,1.03705332707214,175.2363167667722
P005,electronics,2023-06-19,624.783233487094,650.3357381509879,3.929125091071257,59.9424898987179,0.7809735749794794,4.217626616381725,70.26564018038141,0.864533314693608,0,0,0,6,25,1.073637424657993,184.0827662403028
P005,electronics,2023-06-20,486.06830471003406,681.3478786787247,28.6607737514907,24.431916141964585,0.6436446818751299,4.676868999858773,125.14088109645584,0.6919660262136293,1,1,0,6,25,1.0807745329250604,296.07016513780303
P005,electronics,2023-06-21,658.6682852437193,667.6405989591726,1.3438837796025078,68.61695370923488,0.7415147732929835,4.267956462072501,103.87871199516101,0.5768139912636251,0,2,0,6,25,1.0511951204249141,116.44342928770536
P005,electronics,2023-06-22,565.1234813561483,649.7740125222742,13.027688016874027,44.66978603740197,0.7367819568443865,4.307845781932158,67.87466936419064,0.6288629788894043,1,3,0,6,25,1.0052708009029567,185.4515684857529
P005,electronics,2023-06-23,582.5703263124439,663.9112020211844,12.251770336320533,49.136121997815415,0.5924134074511033,4.576954990801711,81.4678572945691,0.9035036863061783,0,4,0,6,25,0.9756746563316865,204.67622608073646
P005,electronics,2023-06-24,576.6978857222106,711.7794605850779,18.978009670556,47.63279617304581,0.4581224532930579,4.23332650539145,19.466962643839288,0.9986209250851144,1,5,1,6,25,0.9827783054145791,291.63282514626826
P005,electronics,2023-06-25,651.2362777325845,666.4212732980681,2.2785880604222104,66.71438378967666,0.753030993624796,4.201991403114332,55.62300435474698,0.5058560179614409,0,6,1,6,26,1.0193122266178858,95.87585626546081
P005,electronics,2023-06-26,657.8036297261427,653.0707282491003,-0.7247149921619496,68.39560468932922,0.7434892962677339,3.5517262191699834,33.39473593406564,0.8238858923316417,0,0,0,6,26,1.0558404251916547,159.33460741401296
P005,electronics,2023-06-27,537.8455566652472,591.8185349614276,9.119852641941709,37.68672541654975,0.5808184309013692,3.948672270041345,26.00062034245414,0.5967332311822868,0,1,0,6,26,1.0629269080816708,163.64020558614905
P005,electronics,2023-06-28,542.4972060819756,691.5593125781697,21.554493415826137,38.87753264371398,0.6477218783433829,4.187265441296473,72.30933873304501,0.8198168205744191,1,2,0,6,26,1.033302158840897,279.8903363379004
P005,electronics,2023-06-29,469.86777670768305,651.057995913041,27.830119642606896,20.284633296507995,0.6872373821349514,4.144726206343786,112.76790551379305,0.7697211151343779,1,3,0,6,26,0.9873378046489909,307.3007744746947
P005,electronics,2023-06-30,697.1850920981508,715.507884333063,2.560809270744959,78.47713186552504,0.6641553810693325,4.140021023064475,84.6444569014278,0.5973163795184063,0,4,0,6,26,0.9577069393415886,96.76173731623769
P005,electronics,2023-07-01,631.5452741130252,662.3477786112736,4.650503178682225,61.67355045946848,0.5207049422715806,4.340284883983274,65.32581875459408,0.5342051272329633,0,5,1,7,26,0.9647811919106681,92.59271086279914
P005,electronics,2023-07-02,605.9124359982166,695.7949777999356,12.917963576845963,55.111626688929356,0.6235231710147466,4.272738891516814,63.61635999545634,0.6028254495982239,0,6,1,7,27,1.0012910495333023,133.9355991626401
P005,electronics,2023-07-03,540.6278000413213,647.5232695983428,16.508359556457105,38.39897073496177,0.5216676514811424,4.404344089369648,25.148221848507045,0.8827280152855198,1,0,0,7,27,1.0378005245900983,296.78629025137724
P005,electronics,2023-07-04,447.9828172691774,642.3751107628411,30.261492115224794,14.682154362509289,0.6563709809005842,4.294412982717228,88.15747634120912,0.9609378691105445,1,1,0,7,27,1.0448736295750214,450.95729338799185
P005,electronics,2023-07-05,557.8272037741117,618.9333768086576,9.872819163448803,42.801962541323405,0.8725519404564498,4.417722022581087,50.41473202396937,0.6563690248763967,0,2,0,7,27,1.015240852005199,166.0271033590905
P005,electronics,2023-07-06,552.6880652057536,602.3484665753971,8.244463815436209,41.486359665794716,0.7114232644502355,4.149948099691824,46.36002834166381,0.45127961377908854,0,3,0,7,27,0.9692738214392541,105.2798433909689
P005,electronics,2023-07-07,521.3062986487398,700.2261867000253,25.55172763453563,33.45272878147174,0.6565256936807674,3.6852182782343306,62.54910075257618,0.8233379142165023,1,4,0,7,27,0.9396456325058893,277.29982329664773
P005,electronics,2023-07-08,592.2148855527822,637.7054088294597,7.1334698823046745,51.605098014130476,0.7984569845957198,4.384231741586905,37.318188724150026,0.9436825525403406,0,5,1,7,27,0.9467279134040184,204.45029213918167
P005,electronics,2023-07-09,576.3702742223618,604.0389188818551,4.580606281249421,47.548928687177444,0.7339864633284704,4.336594136349102,52.407206428193845,0.9852891954686567,0,6,1,7,28,0.9832511489317466,226.90252548708688
P005,electronics,2023-07-10,609.3448413066665,605.43439675142,-0.6458907152003186,55.99031136218955,0.6470221747969281,3.992898562996829,7.709178499269157,0.7476181703959284,0,0,0,7,28,1.0197793475055146,159.7014521254124
P005,electronics,2023-07-11,445.12666658426986,599.6156865653269,25.764672846701078,13.950989011735711,0.660987180902655,4.1846563104535095,120.18777943452152,0.9330007760672561,1,1,0,7,28,1.02687651607111,419.3390789497423
P005,electronics,2023-07-12,657.389038590598,681.5593364521982,3.5463233454355914,68.28947069764244,0.675578495982433,3.7605879955147303,107.96672012998064,0.82996376533903,0,2,0,7,28,0.9972731350151007,147.61368663512022
P005,electronics,2023-07-13,566.7907271621962,632.3291868291508,10.364610875484143,45.09659557901558,0.5146308768230319,4.317695465701361,111.22249907151097,0.468257033026526,0,3,0,7,28,0.9513408251852884,103.52652835368983
P005,electronics,2023-07-14,496.3654430585187,618.4673095206983,19.74265487965831,27.067950302318255,0.7820967139312995,4.189272706687946,39.78293154780849,0.868036553930901,0,4,0,7,28,0.9217526709218725,230.40196553405227
P005,electronics,2023-07-15,586.5603378634945,594.7992076390648,1.385151437620916,50.1575520682702,0.8368408018558675,4.504678442925331,45.12553219499269,0.996814077978715,0,5,1,7,28,0.9288802885606282,206.0155147784116
P005,electronics,2023-07-16,493.7406271940565,650.9928889132635,24.15575721291156,26.39600591843234,0.8297230353511788,3.962319604210886,33.45681311795497,0.6468617424559975,1,6,1,7,29,0.9654541494654079,245.86191456081218
P005,electronics,2023-07-17,557.1999626078137,598.3361814848377,6.875101347697177,42.641390828563544,0.6245395617606726,4.350926776000999,61.42900611800708,0.6685004185704707,0,0,0,7,29,1.0020382470512608,158.32717409421036
P005,electronics,2023-07-18,563.781217691661,619.6687648398639,9.018938878199775,44.326170874427035,0.7610236006004663,4.692225677481828,71.48956444771355,0.9375993710085481,0,1,0,7,29,1.00919657169989,232.6095820998606
