synthetic_pricing_mixed_elasticity.csv
product_id,category,date,price,competitor_price,discount_pct,markup_pct,quality_score,rating,ad_spend,stock_level,on_promotion,day_of_week,is_weekend,month,week_of_year,seasonality_factor,units_sold
P005,electronics,2023-07-19,638.6935580865589,610.8598893055654,-4.556473467694081,63.503488069747995,0.6708836229573658,4.516516364682766,38.14103409131474,0.48462798015023634,0,2,0,7,29,0.9796595856759954,89.13720169763634
P005,electronics,2023-07-20,668.3993227277846,632.5558743336293,-5.666447795131905,71.10806787664364,0.7184645856993255,3.761209814130293,62.26725273297312,0.8110967203685118,0,3,0,7,29,0.9337988901530989,143.2867310760572
P005,electronics,2023-07-21,668.4443964940868,670.8562314482438,0.3595159202665963,71.11960661524145,0.7913391090802182,4.2636898852981435,59.908428076602284,0.6244630809737839,0,4,0,7,29,0.904287548250535,104.03400502277965
P005,electronics,2023-07-22,623.8630813445197,594.407272576043,-4.955492660919347,59.706933922051306,0.8186853790504874,4.227527498026656,28.09692225304158,0.6319347242388956,0,5,1,7,29,0.9114971535429193,113.36888090004857
P005,electronics,2023-07-23,697.7507361408732,679.8612195698578,-2.63134828933675,78.62193491359093,0.8554962727725764,4.477447863713022,108.91183075909312,0.48573276051536035,0,6,1,7,30,0.94815815309939,79.45303935062054
P005,electronics,2023-07-24,552.7974085591601,612.5977903873176,9.761769103076332,41.51435121111854,0.6567014091186804,3.7644379149380494,57.84797240130368,0.6074956982714075,0,0,0,7,30,0.9848345145139361,146.0933301907878
P005,electronics,2023-07-25,674.0106697254045,659.6188210520553,-2.1818432424949563,72.54455458496304,0.7740333422556478,4.135649229952734,74.52652147070691,0.640393001063819,0,1,0,7,30,0.9920902008284966,121.46332513844597
P005,electronics,2023-07-26,614.3770081803892,605.2869529562994,-1.501776170738995,57.27852982938004,0.8699833013763785,5.0,38.68991980968864,0.6452868474353892,0,2,0,7,30,0.9626556454574089,129.75570872135003
P005,electronics,2023-07-27,695.7356394325566,695.7358121852101,2.483020860832852e-05,78.10607666445704,0.6993599247396861,4.049628612749976,58.23372386247491,0.9496665063217826,0,3,0,7,30,0.9169024192217802,156.43280012243588
P005,electronics,2023-07-28,719.2892702329347,707.976321068081,-1.5979276182269082,84.13573007775628,0.6635900089840296,3.8199837893605277,5.893704829810985,0.6575032166554373,0,4,0,7,30,0.8875035533954755,104.41390552893894
P005,electronics,2023-07-29,681.2664888812208,702.521208662633,3.025491546635884,74.40202085459853,0.7038084505719492,4.369459239646788,33.35760373166073,0.7812898093278929,0,5,1,7,30,0.8948306082240247,130.63530348955422
P005,electronics,2023-07-30,595.0016079115994,600.0270489020019,0.8375357410301083,52.31848993765887,0.6613295458724556,4.295796565821881,67.02950731862013,0.7968089237871518,0,6,1,7,31,0.9316139959737315,150.06075954982228
P005,electronics,2023-07-31,593.0560144362539,667.3000752363315,11.126038128166433,51.8204242916897,0.804166673308335,3.6611170299667393,37.93456404862677,0.4173470939599344,1,0,0,7,31,0.9684176479723219,116.19339407886648
P005,electronics,2023-08-01,548.139300474832,605.8446456973968,9.52477596895147,40.32189058590848,0.5482362595213589,3.810351354570356,8.175205775132577,0.7339635389081761,1,1,0,8,31,0.9758054895427877,222.47404456133418
P005,electronics,2023-08-02,609.2016452305118,669.0251333376109,8.941889493546176,55.95365362917697,0.8181221634220601,4.171156713622653,85.26677761538484,0.5777812270715704,0,2,0,8,31,0.9465079149390122,111.68028132241167
P005,electronics,2023-08-03,539.386492320284,623.6367335684532,13.509505889123767,38.081199967450765,0.5540505103973653,4.430231738100357,97.89137697227599,0.4755654498115136,0,3,0,8,31,0.9008964543917453,117.3587173229495
P005,electronics,2023-08-04,580.9644868866078,611.6740430847103,5.020575344873598,48.72503229121071,0.7192192249458695,4.103949147533783,31.858177476000005,0.5596899681578389,0,4,0,8,31,0.8716440971666188,107.43286054033955
P005,electronics,2023-08-05,554.5608335038531,594.8995107695462,6.7807548225265855,41.965782301593755,0.9158634915835071,3.6623201382648425,59.36334662181071,0.41295394668560526,0,5,1,8,31,0.8791223600955007,91.4541595866653
P005,electronics,2023-08-06,535.2333873151775,592.889093201181,9.724534748093198,37.01801849950365,0.72665216499782,4.1223123495697465,10.6240968245164,0.6227409606844717,0,6,1,8,32,0.9160616106384728,154.71552489292648
P005,electronics,2023-08-07,596.602987401993,678.7524436770835,12.1030070742807,52.72843791519463,0.7479828371519489,4.118546645068835,78.6912973207599,0.5140923177475663,0,0,0,8,32,0.9530257339377521,101.42568670597038
P005,electronics,2023-08-08,531.8061938513272,629.8234566426637,15.562656766362313,36.140668041628146,0.7311261699667504,4.041464700629883,20.83193492745912,0.5021287809292029,0,1,0,8,32,0.9605786077652202,125.4854966806521
P005,electronics,2023-08-09,638.0461919096742,699.4355365037327,8.776983923482828,63.337764419276034,0.6958952148298126,4.2766150096155995,85.27374379430717,0.7043911004077894,0,2,0,8,32,0.9314505774721398,127.17019605498093
P005,electronics,2023-08-10,689.4498669310508,681.417394944369,-1.1787888078990916,76.49693920534739,0.7390869907801959,3.9480607777953898,32.70235397956723,0.6968009693364061,0,3,0,8,32,0.8860131230496223,106.37896454585086
P005,electronics,2023-08-11,656.95785693297,674.9338523188565,2.663371428789162,68.17908958588505,0.8671835858744389,4.340980869923818,246.3070152748117,0.9488145548249393,1,4,0,8,32,0.8569391822015336,209.85177391121522
P005,electronics,2023-08-12,600.9545811222276,646.2639014320943,7.010962581920946,53.842431853151886,0.7632151629690772,4.237777146145636,72.3006742930469,0.6443157098115122,0,5,1,8,32,0.8646002188911139,116.70498063316211
P005,electronics,2023-08-13,475.58335970114365,591.654211589563,19.618021745603492,21.74780408310968,0.6746878423714187,3.906293361127261,85.66290038572879,0.6967014728775534,1,6,1,8,33,0.9017265464186368,241.3637227341495
P005,electronics,2023-08-14,612.9148102298328,711.6614443257965,13.875507080408553,56.9042118765254,0.48188247623343217,4.233948003417835,87.52273125785462,0.6447177780553971,0,0,0,8,33,0.938881994491371,134.92379427238674
P005,electronics,2023-08-15,516.4075491896186,690.4418532354767,25.206221672443046,32.198664741518556,0.7635364461171404,4.581130006699432,71.47471916189328,0.8451222910581735,1,1,0,8,33,0.9466303841875391,305.9461312979038
P005,electronics,2023-08-16,509.9203071160502,619.7189347578066,17.717487958418914,30.53795172265088,0.692381433004808,4.480901214248799,33.887034749485636,0.8325298447048745,1,2,0,8,33,0.9177020029228327,280.3667605692878
P005,electronics,2023-08-17,406.708467095527,586.6784013755562,30.676079749665654,4.116054022587807,0.8197741936627171,4.305557828833972,11.700069086729135,0.6289233054841279,1,3,0,8,33,0.8724682715280458,285.9639608476931
P005,electronics,2023-08-18,656.5893590051286,657.038775642184,0.06840032182515454,68.08475530650223,0.6972597709133496,4.097994062812963,47.15347453739201,0.9671777469624308,0,4,0,8,33,0.8436020673395148,151.36850422866735
P005,electronics,2023-08-19,612.4786578834892,660.9860499811987,7.338640822917408,56.79255828451074,0.7268412579852906,4.517891466193307,62.196438715137255,0.7059265928562439,0,5,1,8,33,0.8514747927636256,129.7076744167638
P005,electronics,2023-08-20,612.1346069966773,661.8990378478039,7.518432269208001,56.70448236867443,0.7990124786892816,4.377630894960747,78.2186639528037,0.7900981195105863,0,6,1,8,34,0.8888166983727106,146.78842975821343
P005,electronics,2023-08-21,499.1646579539442,681.0549847435608,26.70714272183239,27.784540274871002,0.7480882653933827,4.409449326525268,39.08789696629641,0.4348918167939101,1,0,0,8,34,0.9261915499936,149.09953719735856
P005,electronics,2023-08-22,618.7577036706691,679.9757034695847,9.00296870705084,58.39997372647836,0.5469072367487353,3.9819331850385864,102.38804931625272,0.8455420664454736,0,1,0,8,34,0.9341631036905099,172.82457129111808
P005,electronics,2023-08-23,593.8930030659765,699.0488277874778,15.042700959005163,52.034690677661,0.5344265489502045,4.388661376335751,76.59195154669997,0.9409865066621856,0,2,0,8,34,0.9054615807508216,192.86932281360197
P005,electronics,2023-08-24,627.2234592738524,688.2732178978905,8.86998898642242,60.567179818885656,0.40637990562218845,3.8061479180721824,36.611500550689414,0.9975439842318053,0,3,0,8,34,0.8604583347823149,165.85460558130345
P005,electronics,2023-08-25,601.0093818299451,621.2990594225744,3.2656861916845887,53.85646065733671,0.5533961798551127,4.199960494131918,156.45121943893398,0.8277434742189025,0,4,0,8,34,0.8318261748235166,141.07566859696328
P005,electronics,2023-08-26,583.3700425287951,622.9539335433816,6.354224427066695,49.34084676634306,0.7820977561824916,3.6312761569762273,50.570218935406366,0.7208000529357295,0,5,1,8,34,0.8399364339284563,140.007675860357
P005,electronics,2023-08-27,622.219594552489,645.4541431688642,3.599721043280481,59.28620661129115,0.6021925737336447,4.221712654684468,87.53020384021285,0.47491088705997064,0,6,1,8,35,0.8775192922831115,83.37763776995342
P005,electronics,2023-08-28,657.5710026669303,643.6794313717177,-2.158150566596321,68.33605291349076,0.7463356157018297,4.253848008837374,40.82725571328003,0.6731112268206301,0,0,0,8,35,0.9151384443148142,118.3715806453697
P005,electronics,2023-08-29,628.6747514403498,642.031794575593,2.0804332819798708,60.93870592624381,0.7347363403516124,4.9943652640671266,69.72194312263362,0.5323875668073742,0,1,0,8,35,0.9233575736962961,102.83048423374403
P005,electronics,2023-08-30,545.9712491842795,596.2188855676856,8.427716330314349,39.76687645772244,0.6283831483526623,3.766700929973185,20.508772915594236,0.7388371602393968,0,2,0,8,35,0.8949068283529178,160.3985951998415
P005,electronics,2023-08-31,516.5034765235558,622.6729109754154,17.05059471521661,32.22322182918819,0.678031295497616,4.545880253092432,27.71977523174993,0.7665565736728173,1,3,0,8,35,0.8501574875816478,231.78967760262012
P005,electronics,2023-09-01,598.1402802167349,624.0188744426981,4.147085174158397,53.12197991074551,0.6148307175578751,4.13982815013248,14.950270527880615,0.491356078067126,0,4,0,9,35,0.821782285183422,82.2237640407199
P005,electronics,2023-09-02,606.2878305357385,617.1499908383706,1.760051926416836,55.20772647811629,0.6648486623241101,3.969256416058015,21.848521433222853,0.5072657725302923,0,5,1,9,35,0.8301524780702,92.93620511687553
P005,electronics,2023-09-03,620.8806072329824,668.1723759029094,7.077779683127597,58.943430182049596,0.742883829780528,4.115157820466362,44.136822801621285,0.49933190786481635,0,6,1,9,36,0.8679981694039689,91.32220431947853
P005,electronics,2023-09-04,596.3567833022006,674.8009823531448,11.62479028667032,52.66541046081772,0.7133678838237623,3.6911051294651336,65.22068345091182,0.7538517127192634,0,0,0,9,36,0.9058829757289768,146.97535450885573
P005,electronics,2023-09-05,689.3788810406064,706.4092790995336,2.4108400841840605,76.47876704665808,0.6200235872212101,4.714031402715172,121.6045647111337,0.7642347955034142,0,1,0,9,36,0.9143705019988548,120.2530978872354
P005,electronics,2023-09-06,645.6548898535527,683.76255725597,5.5732310870236095,65.2855665189563,0.7645183496480902,4.4531486323456875,37.5898940603728,0.7073891867539972,0,2,0,9,36,0.8861908166071757,120.2871322434959
P005,electronics,2023-09-07,695.8562792311438,663.6739193567981,-4.849122277629248,78.13696006326278,0.6079609572164366,4.250087884318738,69.51875200739073,0.9313594569099012,0,3,0,9,36,0.8417151185299904,132.25974903966056
P005,electronics,2023-09-08,641.7129441818772,629.9553474824789,-1.8664174764744406,64.2764411583823,0.801779596903596,4.197621423763989,85.97981021289557,0.44157558967998534,0,4,0,9,36,0.8136160604820001,68.187881768385
P005,electronics,2023-09-09,563.8156136372364,648.6919380262184,13.084226797582218,44.33497612540512,0.644579754504742,3.8958800539304517,39.998461323407206,0.44964850233392284,0,5,1,9,36,0.8222648175476345,88.06466858476338
P005,electronics,2023-09-10,571.158832476571,615.3544015973082,7.182132606188644,46.21481643174491,0.8188474966503524,4.003697438683469,76.32928309890544,0.44477143334122493,0,6,1,9,37,0.8603914103443027,98.83684358846996
P005,electronics,2023-09-11,658.9818746138152,683.8685674442561,3.639104648930874,68.69723157517403,0.6130584568447389,4.209647585869555,84.30779080529719,0.7431951671840249,0,0,0,9,37,0.8985593721790872,124.13300023495086
P005,electronics,2023-09-12,637.1861570995306,677.1316667519463,5.899223387974998,63.11759828554964,0.5010965803828704,4.480791947779686,105.5252076179889,0.43510429086966185,0,1,0,9,37,0.907332224100528,81.55723628720372
P005,electronics,2023-09-13,654.3388956039745,689.7212828316444,5.129954390041129,67.5086439441701,0.641917935317223,4.238298404953035,123.17695532728932,0.7635117810303376,0,2,0,9,37,0.8794399499540523,129.26291508618874
P005,electronics,2023-09-14,616.5365909953297,673.7337811851174,8.489583242980087,57.83137605516019,0.8532978247531084,4.4615980396280595,29.980869180055773,0.5738557612171936,0,3,0,9,37,0.8352536635495557,109.2776848570887
P005,electronics,2023-09-15,553.4418423851937,617.7539257390557,10.410631268254852,41.67932418924328,0.44179408292365313,4.264373677872645,14.927736963264078,0.6433151328747662,0,4,0,9,37,0.8074459318428145,116.12698111644107
P005,electronics,2023-09-16,567.1362695364884,604.9770795549634,6.2549163096082525,45.18505331082977,0.9874082698009914,4.279853359561255,54.45185013459767,0.9001207402655543,0,5,1,9,37,0.8163878435919755,166.76427372955686
P005,electronics,2023-09-17,653.449871262785,712.62952580627,8.30440676402357,67.28105658412396,0.7217336847682546,3.7188399135607804,32.332924000671525,0.9216754617042426,0,6,1,9,38,0.8548093325463888,162.60645207052238
P005,electronics,2023-09-18,551.95848166006,673.6932048233422,18.069756721860326,41.29958863444665,0.8301096693465622,3.8800910773845545,47.45126987982363,0.9112887903112055,1,0,0,9,38,0.893273844629042,273.8653950424162
P005,electronics,2023-09-19,603.9385184528828,666.2139955308102,9.347668691395317,54.60631017252197,0.8755790543532983,4.007074760263693,36.918402425942986,0.9068896315432861,0,1,0,9,38,0.9023448130142361,181.12022341029308
P005,electronics,2023-09-20,554.2595619163441,594.5176231642689,6.771550527578098,41.888657748213866,0.6076570794278607,3.515501378273827,18.11736046597996,0.6283876880184744,0,2,0,9,38,0.8747521332090541,128.4728114575403
P005,electronics,2023-09-21,569.5073393223776,629.7887524078066,9.571687784985244,45.792039518129414,0.7570282304420335,3.8539287008694574,18.238596956426115,0.8109210040161084,0,3,0,9,38,0.8308668302471249,158.94063717769015
P005,electronics,2023-09-22,580.7952327618478,601.7552639758882,3.4831487930083425,48.68170378191535,0.7363098432661038,3.9713524610921342,3.2912397261233255,0.731897967802834,0,4,0,9,38,0.8033613818963343,131.85710391244754
P005,electronics,2023-09-23,642.6092806318336,602.415277118947,-6.67214213177239,64.50590039465669,0.7193586995065698,3.767993232644946,48.009734775514886,0.5614306330482914,0,5,1,9,38,0.812606787341747,89.84945301959146
P005,electronics,2023-09-24,554.5857956907796,651.0095937784257,14.811425055659686,41.9721725408261,0.8155732712120892,3.2076300142507836,44.36386260132398,0.6622144456592037,0,6,1,9,39,0.851332890400982,143.27952869526388
P005,electronics,2023-09-25,715.5450120046016,702.9589185595728,-1.7904450904213514,83.17721206420318,0.5733092537941784,3.662062564699222,79.23042717993232,0.9337578778817162,0,0,0,9,39,0.8901030467332893,137.40003415671296
P005,electronics,2023-09-26,642.2962940690084,653.8547919533046,1.7677469105589578,64.42577684543193,0.727092134270744,4.2322810308668855,29.939176254629526,0.650563148381438,0,1,0,9,39,0.8994805989439867,119.69138000779408
P005,electronics,2023-09-27,681.0334724831753,700.5062304484062,2.779812244177478,74.34236940927624,0.5999447365265271,3.8389642726126656,14.123977466265146,0.8571777033335736,0,2,0,9,39,0.8721953516927532,134.97900053005796
P005,electronics,2023-09-28,581.224513682543,666.8212515963698,12.836534184972106,48.791598311156775,0.8848938618561858,4.3213224462214255,2.6808814402625765,0.773612688217929,0,3,0,9,39,0.8286182389143143,158.65962114518447
P005,electronics,2023-09-29,566.3282689221893,683.4732131551101,17.139654046154313,44.978207763183754,0.6093207284479066,4.2788822336283285,21.51848735745271,0.7641158221617685,0,4,0,9,39,0.8014216470531541,146.47131914547006
P005,electronics,2023-09-30,581.3282530414565,588.3029217282746,1.1855573768575547,48.818155251989694,0.7890408005186841,4.958103125498582,37.35051441265503,0.8628281132321367,0,5,1,9,39,0.8109764837734955,168.54234567082813
P005,electronics,2023-10-01,643.568478322987,650.842526544009,1.1176356682848443,64.75145190565341,0.7360198136333216,3.654078408026348,103.8826033280609,0.6152971641486301,0,6,1,10,40,0.8500125012017898,101.80048780420998
P005,electronics,2023-10-02,548.2488210591149,674.2962472720327,18.693182221147104,40.34992750176425,0.7724075050744303,4.803270910624031,36.67774687481129,0.5948757224729895,1,0,0,10,40,0.8890929631629731,177.38125727318211
P005,electronics,2023-10-03,637.7369753905089,686.8155358071696,7.145813957015678,63.25860598905202,0.7039848239515324,3.827152182501053,18.43241047552704,0.9944343463322667,0,1,0,10,40,0.8987811203121077,178.9582527296942
P005,electronics,2023-10-04,669.2128394074475,689.5968712209745,2.9559344979967563,71.31632551920747,0.7048668043162752,3.7787050749911493,30.628716395862323,0.7179178545020066,0,2,0,10,40,0.8718066852699258,116.71678169509265
P005,electronics,2023-10-05,589.4469462525295,632.2538662620145,6.770527203347331,50.8965144929306,0.6168952151688901,4.606648659862502,178.2063796324461,0.8229907830865484,0,3,0,10,40,0.8285404998707883,146.50584334802548
