synthetic_pricing_mixed_elasticity.csv
product_id,category,date,price,competitor_price,discount_pct,markup_pct,quality_score,rating,ad_spend,stock_level,on_promotion,day_of_week,is_weekend,month,week_of_year,seasonality_factor,units_sold
P005,electronics,2023-10-06,555.3591805941396,685.5872070926675,18.995107427803212,42.17015657827071,0.6459860960536389,4.093544780594455,21.297700867263824,0.43778586408799647,1,4,0,10,40,0.8016548584246858,114.65444731125011
P005,electronics,2023-10-07,627.2448749512643,675.820158161574,7.18760496023803,60.57266216313647,0.7366985756551027,4.206783007144367,70.7199119275859,0.4930565625164257,0,5,1,10,40,0.8115205764545216,84.03401646044406
P005,electronics,2023-10-08,583.8801725849447,599.8204428745813,2.657507005470576,49.47143841314088,0.6486686910994339,4.435119419025863,13.046630439082872,0.589884718982715,0,6,1,10,41,0.8508673139659068,106.31364887018029
P005,electronics,2023-10-09,511.34312878889745,597.09742807474,14.361860435799528,30.902189475586276,0.7709367394583413,4.318728541277421,56.44319528339776,0.8258603703649321,0,0,0,10,41,0.8902582427107111,198.6255863137174
P005,electronics,2023-10-10,623.2912209626394,663.2041557383773,6.0181973273826745,59.560539511238005,0.6346102905768035,3.832732497493326,13.696024406185202,0.8400648962863949,0,1,0,10,41,0.9002565213459885,150.5887575040698
P005,electronics,2023-10-11,586.7569948672634,597.919596442354,1.8669067950788842,50.207895626088266,0.7815905988984483,4.395550119650716,89.51493189381739,0.6151473232641471,0,2,0,10,41,0.8735917705967801,125.61104948702622
P005,electronics,2023-10-12,656.2420098808789,710.009554621629,7.572791716782378,67.9958350525342,0.45980530560494537,3.966378145389254,32.7472774899755,0.678100939700311,0,3,0,10,41,0.8306347405313087,114.2375435270619
P005,electronics,2023-10-13,527.8267846085763,607.2610229952518,13.080740468880151,35.121952127855636,0.6775517845536572,4.496414794384003,346.8785010071042,0.8136934937961744,1,4,0,10,41,0.8040576338501673,213.39075999925865
P005,electronics,2023-10-14,683.3827244675481,699.0972844498882,2.24783593526696,74.94377032985305,0.7937406282469495,4.644733208626391,95.83670198515776,0.8890867584554707,0,5,1,10,41,0.8142311746507501,133.33741570535454
P005,electronics,2023-10-15,577.3360123210737,630.1603033876646,8.382675135614535,47.79615452138547,0.6690496617240205,4.141911792112906,97.42475744040983,0.9098278267482365,0,6,1,10,42,0.8538849317241354,184.84488443248233
P005,electronics,2023-10-16,570.5238843471624,700.144071235865,18.51335920904144,46.05227176132003,0.6644453328809293,4.6528640587837895,68.7687460194689,0.6955985354983172,1,0,0,10,42,0.893581985845675,190.32533359398477
P005,electronics,2023-10-17,733.2756970321025,711.1037501525177,-3.117962305054545,87.71621016612163,0.7541532496455445,3.9685036218384164,32.427533340115204,0.6892536067146879,0,1,0,10,42,0.9038854049608629,95.9330917442485
P005,electronics,2023-10-18,720.4463342697705,703.0798618442126,-2.4700568695005547,84.43193473419514,0.7757754780208183,4.066063656523486,46.90069100660496,0.5918663734293398,0,2,0,10,42,0.8775247193750338,89.13887504932694
P005,electronics,2023-10-19,558.3440642634757,614.43935046512,9.129507437826224,42.93427715728671,0.5845383175645634,3.840322178560891,65.21760032446734,0.48945386123723,0,3,0,10,42,0.8348705890553364,95.63722662278771
P005,electronics,2023-10-20,557.0616848857671,616.6433932813983,9.662263318605227,42.605992178317734,0.7231669939018727,3.9741842274290797,131.72700976826744,0.8876380296589514,0,4,0,10,42,0.8085951269466362,170.24260408265155
P005,electronics,2023-10-21,422.41497964102933,591.6150911913828,28.599694982361186,8.136870506622003,0.6696653081180145,4.15621410065129,35.215486193735885,0.7096370934165863,1,5,1,10,42,0.8190689677625266,269.27485261442615
P005,electronics,2023-10-22,577.9972109017606,660.5890072605137,12.50275064389343,47.965419222556015,0.8747059144553514,4.04099677236601,35.96718219547242,0.8013718464743822,0,6,1,10,43,0.8590215913087159,167.15466993313717
P005,electronics,2023-10-23,555.4530137850179,647.0689384342345,14.158603389448302,42.19417757208076,0.5287807639877604,4.018103824428673,18.479824191457922,0.6519914790735701,0,0,0,10,43,0.8990159897999634,142.4415062350473
P005,electronics,2023-10-24,627.2535243422693,651.9891736879297,3.7938742457554904,60.57487637929867,0.8432078603904563,4.109904557230358,16.8379892590477,0.6477155623702437,0,1,0,10,43,0.9096151430722118,117.75707648973174
P005,electronics,2023-10-25,673.4958811687188,680.7106046617487,1.0598811658906007,72.41277037707364,0.5539357300322181,4.237466186970304,50.19945764890992,0.8241405410054325,0,2,0,10,43,0.8835484937983823,136.51761453323576
P005,electronics,2023-10-26,485.6609476383123,592.9053335290664,18.087944200538487,24.327634047252484,0.8881621289357771,4.749934244519535,11.807226543776947,0.5157362462088264,1,3,0,10,43,0.8411866148163232,163.07836429600704
P005,electronics,2023-10-27,622.858508091367,659.7648278411616,5.593859841021998,59.44976641373303,0.7477331456423191,4.509394818580048,84.66364686591797,0.6995890888487469,0,4,0,10,43,0.8152015324705134,115.64947255538688
P005,electronics,2023-10-28,532.8583578827796,658.3055538247394,19.0560743735359,36.41001863548632,0.4990784655974438,4.134609484511781,28.958727829388742,0.9719296183037118,1,5,1,10,43,0.8259637954287607,268.363124464161
P005,electronics,2023-10-29,563.7232433383415,594.1618221512822,5.122944234742604,44.31132962721807,0.6820273635214197,4.09248657053032,15.848053006656494,0.8991222456105783,0,6,1,10,44,0.8662027980310668,178.21783612174647
P005,electronics,2023-10-30,583.0099292848824,675.5341910301685,13.696458739444328,49.24865893896583,0.6444599600557661,3.9870242601143806,105.34187513578496,0.5043075986938917,0,0,0,10,44,0.9064814476318971,113.79056174007505
P005,electronics,2023-10-31,581.1560054866897,618.3095854159185,6.00889599734036,48.7740604342805,0.6963856402779461,3.731329543004921,13.744385973108056,0.6752813892149753,0,1,0,10,44,0.917362639837455,142.48261452806912
P005,electronics,2023-11-01,589.8863618297647,691.0416386472604,14.638087079023322,51.00900346151418,0.7142621392668882,4.526027693107969,80.76398881433563,0.5633526156306796,0,2,0,11,44,0.8915757337464388,114.61027199366114
P005,electronics,2023-11-02,591.2290756079406,611.1703129477719,3.262795478996938,51.35273385213964,0.6654545252382069,3.8859364491670503,78.49021973438197,0.6982589462064215,0,3,0,11,44,0.8494912193027511,129.65007015886533
P005,electronics,2023-11-03,574.0487475217999,599.6775694924385,4.273766983202408,46.95462534971138,0.6449548127310788,4.614641398454002,111.57162783852135,0.8835669332284919,0,4,0,11,44,0.8237810406617799,161.74160905035637
P005,electronics,2023-11-04,554.6316571475625,617.288052054925,10.150268533269367,41.98391292564291,0.7927102965831602,3.987869824237136,97.147482716567,0.5324221123305435,0,5,1,11,44,0.8348156650314267,107.22436941807109
P005,electronics,2023-11-05,620.3354243475757,698.2303729935958,11.156052738303687,58.803865124172745,0.8068704980134618,4.088304493928855,138.43811034329173,0.9857629602622239,0,6,1,11,45,0.8753244060451297,186.76004217205568
P005,electronics,2023-11-06,661.5544695147114,693.655209559762,4.627766014389741,69.35580756104608,0.5544014454896335,4.077839411476591,52.489391590415664,0.8428250830085238,0,0,0,11,45,0.9158700911280387,141.60472398997248
P005,electronics,2023-11-07,606.5093170261267,617.5431230528109,1.7867264025447778,55.26442630431665,0.7834100571910068,4.4735440780712405,28.313531447552865,0.8674823540785599,0,1,0,11,45,0.927015536757987,170.94773478771904
P005,electronics,2023-11-08,548.6150004678327,595.0970408734224,7.810833731817608,40.44366824773959,0.8120758633939096,4.086103923272529,108.67933160903736,0.6640796227706018,0,2,0,11,45,0.9014900237296778,149.72846067837222
P005,electronics,2023-11-09,613.8229785365864,600.6880200322722,-2.186652316390222,57.13670002992633,0.9748782415910064,4.219976648070877,52.431430345082276,0.9563573954761824,0,3,0,11,45,0.859663964530606,177.63825201332844
P005,electronics,2023-11-10,569.4636515024226,620.3652637867298,8.205103550382894,45.78085557732031,0.6063262644693983,3.69290429223684,64.86345284081673,0.8721275186925778,0,4,0,11,45,0.834209226730293,169.79002024748004
P005,electronics,2023-11-11,432.38239423476057,619.2957155582438,30.18159445120597,10.688496450673721,0.6817076701587409,3.8268980657433476,78.94856119316132,0.9175708610556583,1,5,1,11,45,0.845496201844007,362.3469027714119
P005,electronics,2023-11-12,674.3380424280379,697.2204848420295,3.2819521100525497,72.6283609395155,0.7079688781444731,4.607903020950585,40.551178962416486,0.8252393995389189,0,6,1,11,46,0.8862541287282154,132.15578611555839
P005,electronics,2023-11-13,563.2754467667864,613.9935151105323,8.260358960731944,44.196695151156874,0.7804787443527399,4.101583064796972,54.401630228309266,0.8303630135124016,0,0,0,11,46,0.9270457609689188,184.68064020570833
P005,electronics,2023-11-14,532.0131811058286,602.6857629901074,11.726273661028703,36.19365611026994,0.6147121790125809,3.9135043939609306,44.51847328753477,0.8690087247757718,0,1,0,11,46,0.9384338421644935,209.5854834066929
P005,electronics,2023-11-15,623.9826358288267,684.7897716055239,8.879679326128336,59.73753948390656,0.9475313800936102,4.447245709036692,41.15042597075749,0.5714613401319412,0,2,0,11,46,0.913147581211491,118.5645926913996
P005,electronics,2023-11-16,608.2443260973372,657.7120219029334,7.521178594618535,55.70858302295561,0.8219932975536484,4.4084114911401135,109.23862506380611,0.8548830769055726,0,3,0,11,46,0.8715573197018573,157.77469019503118
P005,electronics,2023-11-17,577.8269389390025,654.9847018629672,11.780086268351846,47.921830150020455,0.6905756156475248,4.25689438646247,101.5988667884491,0.46766233509349187,1,4,0,11,46,0.846334855333162,110.05302949502776
P005,electronics,2023-11-18,659.606808247091,713.9953509617975,7.617492556701069,68.8572125669329,0.7684302584138467,4.248610198083645,45.23575093833957,0.6538632887657979,0,5,1,11,46,0.8578505107930487,110.61218953036425
P005,electronics,2023-11-19,620.1431913957261,640.1366777047049,3.123315223971861,58.754654109357595,0.6467298912445022,4.206008924647304,84.48914382894209,0.6250353664678637,0,6,1,11,47,0.8988334571750569,121.59542740814851
P005,electronics,2023-11-20,581.5802637152834,624.3732474610987,6.85375036804111,48.88266917056585,0.9086625615341439,4.635172710245798,34.943359173412375,0.7395602492152284,0,0,0,11,47,0.9398463813870596,153.8545812096405
P005,electronics,2023-11-21,570.9975478824282,588.9146772847349,3.0423981764074677,46.173528096548196,0.7600913782415334,4.241835739808759,86.83962489234177,0.42784261514749283,0,1,0,11,47,0.9514519614538444,91.32316953339732
P005,electronics,2023-11-22,666.7423380239366,708.9148936037633,5.9488883588610975,70.68388514405272,0.6005193906390214,4.15017067109487,110.05987305218743,0.8420538071988539,0,2,0,11,47,0.9263793418223522,137.1239575907123
P005,electronics,2023-11-23,636.8768708824304,680.1595304309,6.363604068158667,63.03842201287938,0.5192737690434266,4.243234908833905,87.24687084823391,0.6502211347079025,0,3,0,11,47,0.8849988007779943,125.66880375805607
P005,electronics,2023-11-24,716.3755566604618,706.6029207538489,-1.3830449350799219,83.38982881367792,0.7616243809698543,4.016525828896022,22.904524374118612,0.7570702784947623,0,4,0,11,47,0.8599820738736396,106.41900689880384
P005,electronics,2023-11-25,631.7385327710795,665.3080806152865,5.045714733114542,61.723024051759296,0.7019259309031212,4.146997472187527,87.6518798836107,0.9072321685554772,0,5,1,11,47,0.8716994228324836,156.84862617642872
P005,electronics,2023-11-26,574.6586797946571,652.1985209661703,11.88899371569338,47.11076604165327,0.6080980208931057,3.9058361018651095,18.25985033986523,0.4546793039402799,0,6,1,11,48,0.9128799589819303,103.10613838172209
